2022年 05月 19日 星期四 19:42:32 CST
Ubuntu 20.04.4 LTS \n \l

Linux woo-TUF-Gaming-FX505GE-FX86FE 5.4.0-109-generic #123-Ubuntu SMP Fri Apr 8 09:10:54 UTC 2022 x86_64 x86_64 x86_64 GNU/Linux
processor	: 0
vendor_id	: GenuineIntel
cpu family	: 6
model		: 158
model name	: Intel(R) Core(TM) i5-8300H CPU @ 2.30GHz
stepping	: 10
microcode	: 0xea
cpu MHz		: 800.068
cache size	: 8192 KB
physical id	: 0
siblings	: 8
core id		: 0
cpu cores	: 4
apicid		: 0
initial apicid	: 0
fpu		: yes
fpu_exception	: yes
cpuid level	: 22
wp		: yes
flags		: fpu vme de pse tsc msr pae mce cx8 apic sep mtrr pge mca cmov pat pse36 clflush dts acpi mmx fxsr sse sse2 ss ht tm pbe syscall nx pdpe1gb rdtscp lm constant_tsc art arch_perfmon pebs bts rep_good nopl xtopology nonstop_tsc cpuid aperfmperf pni pclmulqdq dtes64 monitor ds_cpl vmx est tm2 ssse3 sdbg fma cx16 xtpr pdcm pcid sse4_1 sse4_2 x2apic movbe popcnt tsc_deadline_timer aes xsave avx f16c rdrand lahf_lm abm 3dnowprefetch cpuid_fault epb invpcid_single pti ssbd ibrs ibpb stibp tpr_shadow vnmi flexpriority ept vpid ept_ad fsgsbase tsc_adjust bmi1 avx2 smep bmi2 erms invpcid mpx rdseed adx smap clflushopt intel_pt xsaveopt xsavec xgetbv1 xsaves dtherm ida arat pln pts hwp hwp_notify hwp_act_window hwp_epp md_clear flush_l1d
bugs		: cpu_meltdown spectre_v1 spectre_v2 spec_store_bypass l1tf mds swapgs itlb_multihit srbds
bogomips	: 4599.93
clflush size	: 64
cache_alignment	: 64
address sizes	: 39 bits physical, 48 bits virtual
power management:

processor	: 1
vendor_id	: GenuineIntel
cpu family	: 6
model		: 158
model name	: Intel(R) Core(TM) i5-8300H CPU @ 2.30GHz
stepping	: 10
microcode	: 0xea
cpu MHz		: 800.007
cache size	: 8192 KB
physical id	: 0
siblings	: 8
core id		: 1
cpu cores	: 4
apicid		: 2
initial apicid	: 2
fpu		: yes
fpu_exception	: yes
cpuid level	: 22
wp		: yes
flags		: fpu vme de pse tsc msr pae mce cx8 apic sep mtrr pge mca cmov pat pse36 clflush dts acpi mmx fxsr sse sse2 ss ht tm pbe syscall nx pdpe1gb rdtscp lm constant_tsc art arch_perfmon pebs bts rep_good nopl xtopology nonstop_tsc cpuid aperfmperf pni pclmulqdq dtes64 monitor ds_cpl vmx est tm2 ssse3 sdbg fma cx16 xtpr pdcm pcid sse4_1 sse4_2 x2apic movbe popcnt tsc_deadline_timer aes xsave avx f16c rdrand lahf_lm abm 3dnowprefetch cpuid_fault epb invpcid_single pti ssbd ibrs ibpb stibp tpr_shadow vnmi flexpriority ept vpid ept_ad fsgsbase tsc_adjust bmi1 avx2 smep bmi2 erms invpcid mpx rdseed adx smap clflushopt intel_pt xsaveopt xsavec xgetbv1 xsaves dtherm ida arat pln pts hwp hwp_notify hwp_act_window hwp_epp md_clear flush_l1d
bugs		: cpu_meltdown spectre_v1 spectre_v2 spec_store_bypass l1tf mds swapgs itlb_multihit srbds
bogomips	: 4599.93
clflush size	: 64
cache_alignment	: 64
address sizes	: 39 bits physical, 48 bits virtual
power management:

processor	: 2
vendor_id	: GenuineIntel
cpu family	: 6
model		: 158
model name	: Intel(R) Core(TM) i5-8300H CPU @ 2.30GHz
stepping	: 10
microcode	: 0xea
cpu MHz		: 800.021
cache size	: 8192 KB
physical id	: 0
siblings	: 8
core id		: 2
cpu cores	: 4
apicid		: 4
initial apicid	: 4
fpu		: yes
fpu_exception	: yes
cpuid level	: 22
wp		: yes
flags		: fpu vme de pse tsc msr pae mce cx8 apic sep mtrr pge mca cmov pat pse36 clflush dts acpi mmx fxsr sse sse2 ss ht tm pbe syscall nx pdpe1gb rdtscp lm constant_tsc art arch_perfmon pebs bts rep_good nopl xtopology nonstop_tsc cpuid aperfmperf pni pclmulqdq dtes64 monitor ds_cpl vmx est tm2 ssse3 sdbg fma cx16 xtpr pdcm pcid sse4_1 sse4_2 x2apic movbe popcnt tsc_deadline_timer aes xsave avx f16c rdrand lahf_lm abm 3dnowprefetch cpuid_fault epb invpcid_single pti ssbd ibrs ibpb stibp tpr_shadow vnmi flexpriority ept vpid ept_ad fsgsbase tsc_adjust bmi1 avx2 smep bmi2 erms invpcid mpx rdseed adx smap clflushopt intel_pt xsaveopt xsavec xgetbv1 xsaves dtherm ida arat pln pts hwp hwp_notify hwp_act_window hwp_epp md_clear flush_l1d
bugs		: cpu_meltdown spectre_v1 spectre_v2 spec_store_bypass l1tf mds swapgs itlb_multihit srbds
bogomips	: 4599.93
clflush size	: 64
cache_alignment	: 64
address sizes	: 39 bits physical, 48 bits virtual
power management:

processor	: 3
vendor_id	: GenuineIntel
cpu family	: 6
model		: 158
model name	: Intel(R) Core(TM) i5-8300H CPU @ 2.30GHz
stepping	: 10
microcode	: 0xea
cpu MHz		: 799.999
cache size	: 8192 KB
physical id	: 0
siblings	: 8
core id		: 3
cpu cores	: 4
apicid		: 6
initial apicid	: 6
fpu		: yes
fpu_exception	: yes
cpuid level	: 22
wp		: yes
flags		: fpu vme de pse tsc msr pae mce cx8 apic sep mtrr pge mca cmov pat pse36 clflush dts acpi mmx fxsr sse sse2 ss ht tm pbe syscall nx pdpe1gb rdtscp lm constant_tsc art arch_perfmon pebs bts rep_good nopl xtopology nonstop_tsc cpuid aperfmperf pni pclmulqdq dtes64 monitor ds_cpl vmx est tm2 ssse3 sdbg fma cx16 xtpr pdcm pcid sse4_1 sse4_2 x2apic movbe popcnt tsc_deadline_timer aes xsave avx f16c rdrand lahf_lm abm 3dnowprefetch cpuid_fault epb invpcid_single pti ssbd ibrs ibpb stibp tpr_shadow vnmi flexpriority ept vpid ept_ad fsgsbase tsc_adjust bmi1 avx2 smep bmi2 erms invpcid mpx rdseed adx smap clflushopt intel_pt xsaveopt xsavec xgetbv1 xsaves dtherm ida arat pln pts hwp hwp_notify hwp_act_window hwp_epp md_clear flush_l1d
bugs		: cpu_meltdown spectre_v1 spectre_v2 spec_store_bypass l1tf mds swapgs itlb_multihit srbds
bogomips	: 4599.93
clflush size	: 64
cache_alignment	: 64
address sizes	: 39 bits physical, 48 bits virtual
power management:

processor	: 4
vendor_id	: GenuineIntel
cpu family	: 6
model		: 158
model name	: Intel(R) Core(TM) i5-8300H CPU @ 2.30GHz
stepping	: 10
microcode	: 0xea
cpu MHz		: 800.032
cache size	: 8192 KB
physical id	: 0
siblings	: 8
core id		: 0
cpu cores	: 4
apicid		: 1
initial apicid	: 1
fpu		: yes
fpu_exception	: yes
cpuid level	: 22
wp		: yes
flags		: fpu vme de pse tsc msr pae mce cx8 apic sep mtrr pge mca cmov pat pse36 clflush dts acpi mmx fxsr sse sse2 ss ht tm pbe syscall nx pdpe1gb rdtscp lm constant_tsc art arch_perfmon pebs bts rep_good nopl xtopology nonstop_tsc cpuid aperfmperf pni pclmulqdq dtes64 monitor ds_cpl vmx est tm2 ssse3 sdbg fma cx16 xtpr pdcm pcid sse4_1 sse4_2 x2apic movbe popcnt tsc_deadline_timer aes xsave avx f16c rdrand lahf_lm abm 3dnowprefetch cpuid_fault epb invpcid_single pti ssbd ibrs ibpb stibp tpr_shadow vnmi flexpriority ept vpid ept_ad fsgsbase tsc_adjust bmi1 avx2 smep bmi2 erms invpcid mpx rdseed adx smap clflushopt intel_pt xsaveopt xsavec xgetbv1 xsaves dtherm ida arat pln pts hwp hwp_notify hwp_act_window hwp_epp md_clear flush_l1d
bugs		: cpu_meltdown spectre_v1 spectre_v2 spec_store_bypass l1tf mds swapgs itlb_multihit srbds
bogomips	: 4599.93
clflush size	: 64
cache_alignment	: 64
address sizes	: 39 bits physical, 48 bits virtual
power management:

processor	: 5
vendor_id	: GenuineIntel
cpu family	: 6
model		: 158
model name	: Intel(R) Core(TM) i5-8300H CPU @ 2.30GHz
stepping	: 10
microcode	: 0xea
cpu MHz		: 799.968
cache size	: 8192 KB
physical id	: 0
siblings	: 8
core id		: 1
cpu cores	: 4
apicid		: 3
initial apicid	: 3
fpu		: yes
fpu_exception	: yes
cpuid level	: 22
wp		: yes
flags		: fpu vme de pse tsc msr pae mce cx8 apic sep mtrr pge mca cmov pat pse36 clflush dts acpi mmx fxsr sse sse2 ss ht tm pbe syscall nx pdpe1gb rdtscp lm constant_tsc art arch_perfmon pebs bts rep_good nopl xtopology nonstop_tsc cpuid aperfmperf pni pclmulqdq dtes64 monitor ds_cpl vmx est tm2 ssse3 sdbg fma cx16 xtpr pdcm pcid sse4_1 sse4_2 x2apic movbe popcnt tsc_deadline_timer aes xsave avx f16c rdrand lahf_lm abm 3dnowprefetch cpuid_fault epb invpcid_single pti ssbd ibrs ibpb stibp tpr_shadow vnmi flexpriority ept vpid ept_ad fsgsbase tsc_adjust bmi1 avx2 smep bmi2 erms invpcid mpx rdseed adx smap clflushopt intel_pt xsaveopt xsavec xgetbv1 xsaves dtherm ida arat pln pts hwp hwp_notify hwp_act_window hwp_epp md_clear flush_l1d
bugs		: cpu_meltdown spectre_v1 spectre_v2 spec_store_bypass l1tf mds swapgs itlb_multihit srbds
bogomips	: 4599.93
clflush size	: 64
cache_alignment	: 64
address sizes	: 39 bits physical, 48 bits virtual
power management:

processor	: 6
vendor_id	: GenuineIntel
cpu family	: 6
model		: 158
model name	: Intel(R) Core(TM) i5-8300H CPU @ 2.30GHz
stepping	: 10
microcode	: 0xea
cpu MHz		: 800.062
cache size	: 8192 KB
physical id	: 0
siblings	: 8
core id		: 2
cpu cores	: 4
apicid		: 5
initial apicid	: 5
fpu		: yes
fpu_exception	: yes
cpuid level	: 22
wp		: yes
flags		: fpu vme de pse tsc msr pae mce cx8 apic sep mtrr pge mca cmov pat pse36 clflush dts acpi mmx fxsr sse sse2 ss ht tm pbe syscall nx pdpe1gb rdtscp lm constant_tsc art arch_perfmon pebs bts rep_good nopl xtopology nonstop_tsc cpuid aperfmperf pni pclmulqdq dtes64 monitor ds_cpl vmx est tm2 ssse3 sdbg fma cx16 xtpr pdcm pcid sse4_1 sse4_2 x2apic movbe popcnt tsc_deadline_timer aes xsave avx f16c rdrand lahf_lm abm 3dnowprefetch cpuid_fault epb invpcid_single pti ssbd ibrs ibpb stibp tpr_shadow vnmi flexpriority ept vpid ept_ad fsgsbase tsc_adjust bmi1 avx2 smep bmi2 erms invpcid mpx rdseed adx smap clflushopt intel_pt xsaveopt xsavec xgetbv1 xsaves dtherm ida arat pln pts hwp hwp_notify hwp_act_window hwp_epp md_clear flush_l1d
bugs		: cpu_meltdown spectre_v1 spectre_v2 spec_store_bypass l1tf mds swapgs itlb_multihit srbds
bogomips	: 4599.93
clflush size	: 64
cache_alignment	: 64
address sizes	: 39 bits physical, 48 bits virtual
power management:

processor	: 7
vendor_id	: GenuineIntel
cpu family	: 6
model		: 158
model name	: Intel(R) Core(TM) i5-8300H CPU @ 2.30GHz
stepping	: 10
microcode	: 0xea
cpu MHz		: 800.031
cache size	: 8192 KB
physical id	: 0
siblings	: 8
core id		: 3
cpu cores	: 4
apicid		: 7
initial apicid	: 7
fpu		: yes
fpu_exception	: yes
cpuid level	: 22
wp		: yes
flags		: fpu vme de pse tsc msr pae mce cx8 apic sep mtrr pge mca cmov pat pse36 clflush dts acpi mmx fxsr sse sse2 ss ht tm pbe syscall nx pdpe1gb rdtscp lm constant_tsc art arch_perfmon pebs bts rep_good nopl xtopology nonstop_tsc cpuid aperfmperf pni pclmulqdq dtes64 monitor ds_cpl vmx est tm2 ssse3 sdbg fma cx16 xtpr pdcm pcid sse4_1 sse4_2 x2apic movbe popcnt tsc_deadline_timer aes xsave avx f16c rdrand lahf_lm abm 3dnowprefetch cpuid_fault epb invpcid_single pti ssbd ibrs ibpb stibp tpr_shadow vnmi flexpriority ept vpid ept_ad fsgsbase tsc_adjust bmi1 avx2 smep bmi2 erms invpcid mpx rdseed adx smap clflushopt intel_pt xsaveopt xsavec xgetbv1 xsaves dtherm ida arat pln pts hwp hwp_notify hwp_act_window hwp_epp md_clear flush_l1d
bugs		: cpu_meltdown spectre_v1 spectre_v2 spec_store_bypass l1tf mds swapgs itlb_multihit srbds
bogomips	: 4599.93
clflush size	: 64
cache_alignment	: 64
address sizes	: 39 bits physical, 48 bits virtual
power management:

MemTotal:       24473832 kB
MemFree:        19606192 kB
MemAvailable:   21728180 kB
Buffers:          231096 kB
Cached:          2503472 kB
SwapCached:            0 kB
Active:          2802464 kB
Inactive:        1196632 kB
Active(anon):    1572752 kB
Inactive(anon):   104028 kB
Active(file):    1229712 kB
Inactive(file):  1092604 kB
Unevictable:      315620 kB
Mlocked:              48 kB
SwapTotal:       8000508 kB
SwapFree:        8000508 kB
Dirty:               144 kB
Writeback:             0 kB
AnonPages:       1580364 kB
Mapped:           632812 kB
Shmem:            421884 kB
KReclaimable:     203976 kB
Slab:             381984 kB
SReclaimable:     203976 kB
SUnreclaim:       178008 kB
KernelStack:       15568 kB
PageTables:        34124 kB
NFS_Unstable:          0 kB
Bounce:                0 kB
WritebackTmp:          0 kB
CommitLimit:    20237424 kB
Committed_AS:   10403204 kB
VmallocTotal:   34359738367 kB
VmallocUsed:       37172 kB
VmallocChunk:          0 kB
Percpu:             8032 kB
HardwareCorrupted:     0 kB
AnonHugePages:         0 kB
ShmemHugePages:        0 kB
ShmemPmdMapped:        0 kB
FileHugePages:         0 kB
FilePmdMapped:         0 kB
CmaTotal:              0 kB
CmaFree:               0 kB
HugePages_Total:       0
HugePages_Free:        0
HugePages_Rsvd:        0
HugePages_Surp:        0
Hugepagesize:       2048 kB
Hugetlb:               0 kB
DirectMap4k:      336224 kB
DirectMap2M:     8949760 kB
DirectMap1G:    15728640 kB
 19:42:33 up 18 min,  1 user,  load average: 1.26, 1.53, 1.15
 [ + ]  acpid
 [ - ]  alsa-utils
 [ + ]  anacron
 [ + ]  apparmor
 [ + ]  apport
 [ + ]  avahi-daemon
 [ + ]  bluetooth
 [ - ]  bootmisc.sh
 [ - ]  brltty
 [ - ]  checkfs.sh
 [ - ]  checkroot-bootclean.sh
 [ - ]  checkroot.sh
 [ - ]  console-setup.sh
 [ + ]  cron
 [ + ]  cups
 [ + ]  cups-browsed
 [ + ]  dbus
 [ - ]  dns-clean
 [ - ]  gdm3
 [ - ]  grub-common
 [ + ]  hddtemp
 [ - ]  hostname.sh
 [ - ]  hwclock.sh
 [ + ]  irqbalance
 [ + ]  kerneloops
 [ - ]  keyboard-setup.sh
 [ - ]  killprocs
 [ + ]  kmod
 [ + ]  lightdm
 [ + ]  lm-sensors
 [ + ]  miredo
 [ - ]  mountall-bootclean.sh
 [ - ]  mountall.sh
 [ - ]  mountdevsubfs.sh
 [ - ]  mountkernfs.sh
 [ - ]  mountnfs-bootclean.sh
 [ - ]  mountnfs.sh
 [ + ]  network-manager
 [ + ]  networking
 [ - ]  ondemand
 [ + ]  openvpn
 [ - ]  plymouth
 [ - ]  plymouth-log
 [ - ]  pppd-dns
 [ + ]  procps
 [ - ]  pulseaudio-enable-autospawn
 [ + ]  rc.local
 [ + ]  resolvconf
 [ - ]  rsync
 [ + ]  rsyslog
 [ - ]  saned
 [ - ]  sendsigs
 [ - ]  speech-dispatcher
 [ - ]  spice-vdagent
 [ + ]  ssh
 [ + ]  suricata
 [ + ]  thermald
 [ + ]  udev
 [ + ]  ufw
 [ - ]  umountfs
 [ - ]  umountnfs.sh
 [ - ]  umountroot
 [ + ]  unattended-upgrades
 [ - ]  urandom
 [ - ]  uuidd
 [ + ]  whoopsie
 [ - ]  x11-common
enp2s0: flags=4099<UP,BROADCAST,MULTICAST>  mtu 1500
        ether 04:92:26:14:e7:4a  txqueuelen 1000  (以太网)
        RX packets 0  bytes 0 (0.0 B)
        RX errors 0  dropped 0  overruns 0  frame 0
        TX packets 0  bytes 0 (0.0 B)
        TX errors 0  dropped 0 overruns 0  carrier 0  collisions 0

lo: flags=73<UP,LOOPBACK,RUNNING>  mtu 65536
        inet 127.0.0.1  netmask 255.0.0.0
        inet6 ::1  prefixlen 128  scopeid 0x10<host>
        loop  txqueuelen 1000  (本地环回)
        RX packets 762  bytes 83122 (83.1 KB)
        RX errors 0  dropped 0  overruns 0  frame 0
        TX packets 762  bytes 83122 (83.1 KB)
        TX errors 0  dropped 0 overruns 0  carrier 0  collisions 0

teredo: flags=4305<UP,POINTOPOINT,RUNNING,NOARP,MULTICAST>  mtu 1280
        inet6 fe80::9575:6e6b:24f5:e982  prefixlen 64  scopeid 0x20<link>
        inet6 2001:0:c38c:c38c:2cef:5070:66fc:c310  prefixlen 32  scopeid 0x0<global>
        inet6 fe80::ffff:ffff:ffff  prefixlen 64  scopeid 0x20<link>
        unspec 00-00-00-00-00-00-00-00-00-00-00-00-00-00-00-00  txqueuelen 500  (未指定)
        RX packets 0  bytes 0 (0.0 B)
        RX errors 0  dropped 0  overruns 0  frame 0
        TX packets 299  bytes 23632 (23.6 KB)
        TX errors 0  dropped 0 overruns 0  carrier 0  collisions 0

wlo1: flags=4163<UP,BROADCAST,RUNNING,MULTICAST>  mtu 1500
        inet 10.208.118.247  netmask 255.255.192.0  broadcast 10.208.127.255
        inet6 fe80::5a81:19a6:ba8a:ff6c  prefixlen 64  scopeid 0x20<link>
        ether a0:a4:c5:6c:39:c8  txqueuelen 1000  (以太网)
        RX packets 40416  bytes 51899182 (51.8 MB)
        RX errors 0  dropped 0  overruns 0  frame 0
        TX packets 19039  bytes 3830939 (3.8 MB)
        TX errors 0  dropped 0 overruns 0  carrier 0  collisions 0

内核 IP 路由表
Destination     Gateway         Genmask         Flags   MSS Window  irtt Iface
0.0.0.0         10.208.64.1     0.0.0.0         UG        0 0          0 wlo1
10.208.64.0     0.0.0.0         255.255.192.0   U         0 0          0 wlo1
169.254.0.0     0.0.0.0         255.255.0.0     U         0 0          0 wlo1
_gateway (10.208.64.1) 位于 00:00:5e:00:01:01 [ether] 在 wlo1
USER         PID %CPU %MEM    VSZ   RSS TTY      STAT START   TIME COMMAND
root           1  0.2  0.0 171100 13356 ?        -    19:23   0:02 /sbin/init splash
root           -  0.2    -      -     - -        Ss   19:23   0:02 -
root           2  0.0  0.0      0     0 ?        -    19:23   0:00 [kthreadd]
root           -  0.0    -      -     - -        S    19:23   0:00 -
root           3  0.0  0.0      0     0 ?        -    19:23   0:00 [rcu_gp]
root           -  0.0    -      -     - -        I<   19:23   0:00 -
root           4  0.0  0.0      0     0 ?        -    19:23   0:00 [rcu_par_gp]
root           -  0.0    -      -     - -        I<   19:23   0:00 -
root           6  0.0  0.0      0     0 ?        -    19:23   0:00 [kworker/0:0H-kblockd]
root           -  0.0    -      -     - -        I<   19:23   0:00 -
root           8  0.2  0.0      0     0 ?        -    19:23   0:02 [kworker/u16:0-events_unbound]
root           -  0.2    -      -     - -        I    19:23   0:02 -
root           9  0.0  0.0      0     0 ?        -    19:23   0:00 [mm_percpu_wq]
root           -  0.0    -      -     - -        I<   19:23   0:00 -
root          10  0.0  0.0      0     0 ?        -    19:23   0:00 [ksoftirqd/0]
root           -  0.0    -      -     - -        S    19:23   0:00 -
root          11  0.1  0.0      0     0 ?        -    19:23   0:01 [rcu_sched]
root           -  0.1    -      -     - -        I    19:23   0:01 -
root          12  0.0  0.0      0     0 ?        -    19:23   0:00 [migration/0]
root           -  0.0    -      -     - -        S    19:23   0:00 -
root          13  0.0  0.0      0     0 ?        -    19:23   0:00 [idle_inject/0]
root           -  0.0    -      -     - -        S    19:23   0:00 -
root          14  0.0  0.0      0     0 ?        -    19:23   0:00 [cpuhp/0]
root           -  0.0    -      -     - -        S    19:23   0:00 -
root          15  0.0  0.0      0     0 ?        -    19:23   0:00 [cpuhp/1]
root           -  0.0    -      -     - -        S    19:23   0:00 -
root          16  0.0  0.0      0     0 ?        -    19:23   0:00 [idle_inject/1]
root           -  0.0    -      -     - -        S    19:23   0:00 -
root          17  0.0  0.0      0     0 ?        -    19:23   0:00 [migration/1]
root           -  0.0    -      -     - -        S    19:23   0:00 -
root          18  0.0  0.0      0     0 ?        -    19:23   0:00 [ksoftirqd/1]
root           -  0.0    -      -     - -        S    19:23   0:00 -
root          20  0.0  0.0      0     0 ?        -    19:23   0:00 [kworker/1:0H-kblockd]
root           -  0.0    -      -     - -        I<   19:23   0:00 -
root          21  0.0  0.0      0     0 ?        -    19:23   0:00 [cpuhp/2]
root           -  0.0    -      -     - -        S    19:23   0:00 -
root          22  0.0  0.0      0     0 ?        -    19:23   0:00 [idle_inject/2]
root           -  0.0    -      -     - -        S    19:23   0:00 -
root          23  0.0  0.0      0     0 ?        -    19:23   0:00 [migration/2]
root           -  0.0    -      -     - -        S    19:23   0:00 -
root          24  0.0  0.0      0     0 ?        -    19:23   0:00 [ksoftirqd/2]
root           -  0.0    -      -     - -        S    19:23   0:00 -
root          26  0.0  0.0      0     0 ?        -    19:23   0:00 [kworker/2:0H-kblockd]
root           -  0.0    -      -     - -        I<   19:23   0:00 -
root          27  0.0  0.0      0     0 ?        -    19:23   0:00 [cpuhp/3]
root           -  0.0    -      -     - -        S    19:23   0:00 -
root          28  0.0  0.0      0     0 ?        -    19:23   0:00 [idle_inject/3]
root           -  0.0    -      -     - -        S    19:23   0:00 -
root          29  0.0  0.0      0     0 ?        -    19:23   0:00 [migration/3]
root           -  0.0    -      -     - -        S    19:23   0:00 -
root          30  0.0  0.0      0     0 ?        -    19:23   0:00 [ksoftirqd/3]
root           -  0.0    -      -     - -        S    19:23   0:00 -
root          32  0.0  0.0      0     0 ?        -    19:23   0:00 [kworker/3:0H-kblockd]
root           -  0.0    -      -     - -        I<   19:23   0:00 -
root          33  0.0  0.0      0     0 ?        -    19:23   0:00 [cpuhp/4]
root           -  0.0    -      -     - -        S    19:23   0:00 -
root          34  0.0  0.0      0     0 ?        -    19:23   0:00 [idle_inject/4]
root           -  0.0    -      -     - -        S    19:23   0:00 -
root          35  0.0  0.0      0     0 ?        -    19:23   0:00 [migration/4]
root           -  0.0    -      -     - -        S    19:23   0:00 -
root          36  0.0  0.0      0     0 ?        -    19:23   0:00 [ksoftirqd/4]
root           -  0.0    -      -     - -        S    19:23   0:00 -
root          38  0.0  0.0      0     0 ?        -    19:23   0:00 [kworker/4:0H-kblockd]
root           -  0.0    -      -     - -        I<   19:23   0:00 -
root          39  0.0  0.0      0     0 ?        -    19:23   0:00 [cpuhp/5]
root           -  0.0    -      -     - -        S    19:23   0:00 -
root          40  0.0  0.0      0     0 ?        -    19:23   0:00 [idle_inject/5]
root           -  0.0    -      -     - -        S    19:23   0:00 -
root          41  0.0  0.0      0     0 ?        -    19:23   0:00 [migration/5]
root           -  0.0    -      -     - -        S    19:23   0:00 -
root          42  0.0  0.0      0     0 ?        -    19:23   0:00 [ksoftirqd/5]
root           -  0.0    -      -     - -        S    19:23   0:00 -
root          44  0.0  0.0      0     0 ?        -    19:23   0:00 [kworker/5:0H-kblockd]
root           -  0.0    -      -     - -        I<   19:23   0:00 -
root          45  0.0  0.0      0     0 ?        -    19:23   0:00 [cpuhp/6]
root           -  0.0    -      -     - -        S    19:23   0:00 -
root          46  0.0  0.0      0     0 ?        -    19:23   0:00 [idle_inject/6]
root           -  0.0    -      -     - -        S    19:23   0:00 -
root          47  0.0  0.0      0     0 ?        -    19:23   0:00 [migration/6]
root           -  0.0    -      -     - -        S    19:23   0:00 -
root          48  0.0  0.0      0     0 ?        -    19:23   0:00 [ksoftirqd/6]
root           -  0.0    -      -     - -        S    19:23   0:00 -
root          50  0.0  0.0      0     0 ?        -    19:23   0:00 [kworker/6:0H-kblockd]
root           -  0.0    -      -     - -        I<   19:23   0:00 -
root          51  0.0  0.0      0     0 ?        -    19:23   0:00 [cpuhp/7]
root           -  0.0    -      -     - -        S    19:23   0:00 -
root          52  0.0  0.0      0     0 ?        -    19:23   0:00 [idle_inject/7]
root           -  0.0    -      -     - -        S    19:23   0:00 -
root          53  0.0  0.0      0     0 ?        -    19:23   0:00 [migration/7]
root           -  0.0    -      -     - -        S    19:23   0:00 -
root          54  0.0  0.0      0     0 ?        -    19:23   0:00 [ksoftirqd/7]
root           -  0.0    -      -     - -        S    19:23   0:00 -
root          56  0.0  0.0      0     0 ?        -    19:23   0:00 [kworker/7:0H-kblockd]
root           -  0.0    -      -     - -        I<   19:23   0:00 -
root          57  0.0  0.0      0     0 ?        -    19:23   0:00 [kdevtmpfs]
root           -  0.0    -      -     - -        S    19:23   0:00 -
root          58  0.0  0.0      0     0 ?        -    19:23   0:00 [netns]
root           -  0.0    -      -     - -        I<   19:23   0:00 -
root          59  0.0  0.0      0     0 ?        -    19:23   0:00 [rcu_tasks_kthre]
root           -  0.0    -      -     - -        S    19:23   0:00 -
root          60  0.0  0.0      0     0 ?        -    19:23   0:00 [kauditd]
root           -  0.0    -      -     - -        S    19:23   0:00 -
root          61  0.0  0.0      0     0 ?        -    19:23   0:00 [khungtaskd]
root           -  0.0    -      -     - -        S    19:23   0:00 -
root          62  0.0  0.0      0     0 ?        -    19:23   0:00 [oom_reaper]
root           -  0.0    -      -     - -        S    19:23   0:00 -
root          63  0.0  0.0      0     0 ?        -    19:23   0:00 [writeback]
root           -  0.0    -      -     - -        I<   19:23   0:00 -
root          64  0.0  0.0      0     0 ?        -    19:23   0:00 [kcompactd0]
root           -  0.0    -      -     - -        S    19:23   0:00 -
root          65  0.0  0.0      0     0 ?        -    19:23   0:00 [ksmd]
root           -  0.0    -      -     - -        SN   19:23   0:00 -
root          66  0.0  0.0      0     0 ?        -    19:23   0:00 [khugepaged]
root           -  0.0    -      -     - -        SN   19:23   0:00 -
root         113  0.0  0.0      0     0 ?        -    19:23   0:00 [kintegrityd]
root           -  0.0    -      -     - -        I<   19:23   0:00 -
root         114  0.0  0.0      0     0 ?        -    19:23   0:00 [kblockd]
root           -  0.0    -      -     - -        I<   19:23   0:00 -
root         115  0.0  0.0      0     0 ?        -    19:23   0:00 [blkcg_punt_bio]
root           -  0.0    -      -     - -        I<   19:23   0:00 -
root         116  0.0  0.0      0     0 ?        -    19:23   0:00 [tpm_dev_wq]
root           -  0.0    -      -     - -        I<   19:23   0:00 -
root         117  0.0  0.0      0     0 ?        -    19:23   0:00 [ata_sff]
root           -  0.0    -      -     - -        I<   19:23   0:00 -
root         118  0.0  0.0      0     0 ?        -    19:23   0:00 [md]
root           -  0.0    -      -     - -        I<   19:23   0:00 -
root         119  0.0  0.0      0     0 ?        -    19:23   0:00 [edac-poller]
root           -  0.0    -      -     - -        I<   19:23   0:00 -
root         120  0.0  0.0      0     0 ?        -    19:23   0:00 [devfreq_wq]
root           -  0.0    -      -     - -        I<   19:23   0:00 -
root         121  0.0  0.0      0     0 ?        -    19:23   0:00 [watchdogd]
root           -  0.0    -      -     - -        S    19:23   0:00 -
root         123  0.2  0.0      0     0 ?        -    19:23   0:02 [kworker/u16:1-i915]
root           -  0.2    -      -     - -        I    19:23   0:02 -
root         124  0.0  0.0      0     0 ?        -    19:23   0:00 [kworker/1:1-events]
root           -  0.0    -      -     - -        I    19:23   0:00 -
root         130  0.0  0.0      0     0 ?        -    19:23   0:00 [kswapd0]
root           -  0.0    -      -     - -        S    19:23   0:00 -
root         131  0.0  0.0      0     0 ?        -    19:23   0:00 [ecryptfs-kthrea]
root           -  0.0    -      -     - -        S    19:23   0:00 -
root         133  0.0  0.0      0     0 ?        -    19:23   0:00 [kthrotld]
root           -  0.0    -      -     - -        I<   19:23   0:00 -
root         134  0.0  0.0      0     0 ?        -    19:23   0:00 [irq/123-aerdrv]
root           -  0.0    -      -     - -        S    19:23   0:00 -
root         135  0.0  0.0      0     0 ?        -    19:23   0:00 [irq/123-pcie-dp]
root           -  0.0    -      -     - -        S    19:23   0:00 -
root         136  0.0  0.0      0     0 ?        -    19:23   0:00 [acpi_thermal_pm]
root           -  0.0    -      -     - -        I<   19:23   0:00 -
root         138  0.0  0.0      0     0 ?        -    19:23   0:00 [vfio-irqfd-clea]
root           -  0.0    -      -     - -        I<   19:23   0:00 -
root         139  0.0  0.0      0     0 ?        -    19:23   0:00 [ipv6_addrconf]
root           -  0.0    -      -     - -        I<   19:23   0:00 -
root         148  0.0  0.0      0     0 ?        -    19:23   0:00 [kstrp]
root           -  0.0    -      -     - -        I<   19:23   0:00 -
root         151  0.0  0.0      0     0 ?        -    19:23   0:00 [kworker/u17:0-rb_allocator]
root           -  0.0    -      -     - -        I<   19:23   0:00 -
root         166  0.0  0.0      0     0 ?        -    19:23   0:00 [charger_manager]
root           -  0.0    -      -     - -        I<   19:23   0:00 -
root         167  0.0  0.0      0     0 ?        -    19:23   0:00 [kworker/4:2-events]
root           -  0.0    -      -     - -        I    19:23   0:00 -
root         213  0.0  0.0      0     0 ?        -    19:23   0:00 [kworker/5:2-events]
root           -  0.0    -      -     - -        I    19:23   0:00 -
root         225  0.0  0.0      0     0 ?        -    19:23   0:00 [scsi_eh_0]
root           -  0.0    -      -     - -        S    19:23   0:00 -
root         226  0.0  0.0      0     0 ?        -    19:23   0:00 [scsi_tmf_0]
root           -  0.0    -      -     - -        I<   19:23   0:00 -
root         227  0.0  0.0      0     0 ?        -    19:23   0:00 [scsi_eh_1]
root           -  0.0    -      -     - -        S    19:23   0:00 -
root         228  0.0  0.0      0     0 ?        -    19:23   0:00 [scsi_tmf_1]
root           -  0.0    -      -     - -        I<   19:23   0:00 -
root         229  0.0  0.0      0     0 ?        -    19:23   0:00 [scsi_eh_2]
root           -  0.0    -      -     - -        S    19:23   0:00 -
root         230  0.0  0.0      0     0 ?        -    19:23   0:00 [scsi_tmf_2]
root           -  0.0    -      -     - -        I<   19:23   0:00 -
root         231  0.0  0.0      0     0 ?        -    19:23   0:00 [scsi_eh_3]
root           -  0.0    -      -     - -        S    19:23   0:00 -
root         232  0.0  0.0      0     0 ?        -    19:23   0:00 [scsi_tmf_3]
root           -  0.0    -      -     - -        I<   19:23   0:00 -
root         233  0.0  0.0      0     0 ?        -    19:23   0:00 [scsi_eh_4]
root           -  0.0    -      -     - -        S    19:23   0:00 -
root         234  0.0  0.0      0     0 ?        -    19:23   0:00 [scsi_tmf_4]
root           -  0.0    -      -     - -        I<   19:23   0:00 -
root         236  0.0  0.0      0     0 ?        -    19:23   0:00 [irq/30-ELAN1200]
root           -  0.0    -      -     - -        S    19:23   0:00 -
root         237  0.0  0.0      0     0 ?        -    19:23   0:00 [kworker/4:1H-events_highpri]
root           -  0.0    -      -     - -        I<   19:23   0:00 -
root         238  0.0  0.0      0     0 ?        -    19:23   0:00 [kworker/1:2-events]
root           -  0.0    -      -     - -        I    19:23   0:00 -
root         265  0.0  0.0      0     0 ?        -    19:23   0:00 [kworker/0:1H-events_highpri]
root           -  0.0    -      -     - -        I<   19:23   0:00 -
root         267  0.0  0.0      0     0 ?        -    19:23   0:00 [kworker/1:1H-events_highpri]
root           -  0.0    -      -     - -        I<   19:23   0:00 -
root         268  0.0  0.0      0     0 ?        -    19:23   0:00 [jbd2/sda3-8]
root           -  0.0    -      -     - -        S    19:23   0:00 -
root         269  0.0  0.0      0     0 ?        -    19:23   0:00 [ext4-rsv-conver]
root           -  0.0    -      -     - -        I<   19:23   0:00 -
root         270  0.0  0.0      0     0 ?        -    19:23   0:00 [kworker/6:1H-events_highpri]
root           -  0.0    -      -     - -        I<   19:23   0:00 -
root         279  0.0  0.0      0     0 ?        -    19:23   0:00 [kworker/3:1H-events_highpri]
root           -  0.0    -      -     - -        I<   19:23   0:00 -
root         283  0.0  0.0      0     0 ?        -    19:23   0:00 [kworker/6:2-events]
root           -  0.0    -      -     - -        I    19:23   0:00 -
root         285  0.0  0.0      0     0 ?        -    19:23   0:00 [kworker/5:1H-events_highpri]
root           -  0.0    -      -     - -        I<   19:23   0:00 -
root         288  0.0  0.0      0     0 ?        -    19:23   0:00 [kworker/2:1H-events_highpri]
root           -  0.0    -      -     - -        I<   19:23   0:00 -
root         307  0.0  0.0      0     0 ?        -    19:23   0:00 [kworker/7:1H-events_highpri]
root           -  0.0    -      -     - -        I<   19:23   0:00 -
root         313  0.0  0.0  68244 18668 ?        -    19:23   0:00 /lib/systemd/systemd-journald
root           -  0.0    -      -     - -        S<s  19:23   0:00 -
root         324  0.3  0.0      0     0 ?        -    19:23   0:04 [kworker/0:2-events]
root           -  0.3    -      -     - -        I    19:23   0:04 -
root         348  0.0  0.0      0     0 ?        -    19:23   0:00 [ipmi-msghandler]
root           -  0.0    -      -     - -        I<   19:23   0:00 -
root         361  0.0  0.0      0     0 ?        -    19:23   0:00 [loop0]
root           -  0.0    -      -     - -        S<   19:23   0:00 -
root         362  0.0  0.0      0     0 ?        -    19:23   0:00 [loop1]
root           -  0.0    -      -     - -        S<   19:23   0:00 -
root         364  0.0  0.0      0     0 ?        -    19:23   0:00 [loop2]
root           -  0.0    -      -     - -        S<   19:23   0:00 -
root         366  0.0  0.0      0     0 ?        -    19:23   0:00 [loop3]
root           -  0.0    -      -     - -        S<   19:23   0:00 -
root         373  0.1  0.0  24772  8368 ?        -    19:23   0:02 /lib/systemd/systemd-udevd
root           -  0.1    -      -     - -        Ss   19:23   0:02 -
root         374  0.0  0.0      0     0 ?        -    19:23   0:00 [loop4]
root           -  0.0    -      -     - -        S<   19:23   0:00 -
root         376  0.0  0.0      0     0 ?        -    19:23   0:00 [loop6]
root           -  0.0    -      -     - -        S<   19:23   0:00 -
root         377  0.0  0.0      0     0 ?        -    19:23   0:00 [loop7]
root           -  0.0    -      -     - -        S<   19:23   0:00 -
root         378  0.0  0.0      0     0 ?        -    19:23   0:00 [loop8]
root           -  0.0    -      -     - -        S<   19:23   0:00 -
root         379  0.0  0.0      0     0 ?        -    19:23   0:00 [loop9]
root           -  0.0    -      -     - -        S<   19:23   0:00 -
root         380  0.0  0.0      0     0 ?        -    19:23   0:00 [loop10]
root           -  0.0    -      -     - -        S<   19:23   0:00 -
root         381  0.0  0.0      0     0 ?        -    19:23   0:00 [loop11]
root           -  0.0    -      -     - -        S<   19:23   0:00 -
root         382  0.0  0.0      0     0 ?        -    19:23   0:00 [loop12]
root           -  0.0    -      -     - -        S<   19:23   0:00 -
root         418  0.0  0.0      0     0 ?        -    19:23   0:00 [asus_wireless_w]
root           -  0.0    -      -     - -        I<   19:23   0:00 -
root         421  0.0  0.0      0     0 ?        -    19:23   0:00 [kworker/6:3-events]
root           -  0.0    -      -     - -        I    19:23   0:00 -
root         424  0.0  0.0      0     0 ?        -    19:23   0:00 [led_workqueue]
root           -  0.0    -      -     - -        I<   19:23   0:00 -
root         436  0.0  0.0      0     0 ?        -    19:23   0:00 [cfg80211]
root           -  0.0    -      -     - -        I<   19:23   0:00 -
root         451  0.0  0.0      0     0 ?        -    19:23   0:00 [irq/126-mei_me]
root           -  0.0    -      -     - -        S    19:23   0:00 -
root         479  0.0  0.0      0     0 ?        -    19:23   0:00 [irq/128-iwlwifi]
root           -  0.0    -      -     - -        S    19:23   0:00 -
root         480  0.0  0.0      0     0 ?        -    19:23   0:00 [irq/129-iwlwifi]
root           -  0.0    -      -     - -        S    19:23   0:00 -
root         481  0.0  0.0      0     0 ?        -    19:23   0:00 [irq/130-iwlwifi]
root           -  0.0    -      -     - -        S    19:23   0:00 -
root         482  0.0  0.0      0     0 ?        -    19:23   0:00 [irq/131-iwlwifi]
root           -  0.0    -      -     - -        S    19:23   0:00 -
root         483  0.0  0.0      0     0 ?        -    19:23   0:00 [irq/132-iwlwifi]
root           -  0.0    -      -     - -        S    19:23   0:00 -
root         484  0.0  0.0      0     0 ?        -    19:23   0:00 [irq/133-iwlwifi]
root           -  0.0    -      -     - -        S    19:23   0:00 -
root         485  0.0  0.0      0     0 ?        -    19:23   0:00 [nvkm-disp]
root           -  0.0    -      -     - -        I<   19:23   0:00 -
root         486  0.0  0.0      0     0 ?        -    19:23   0:00 [cryptd]
root           -  0.0    -      -     - -        I<   19:23   0:00 -
root         581  0.0  0.0      0     0 ?        -    19:23   0:00 [kworker/u17:1-rb_allocator]
root           -  0.0    -      -     - -        I<   19:23   0:00 -
root         613  0.0  0.0      0     0 ?        -    19:23   0:00 [ttm_swap]
root           -  0.0    -      -     - -        I<   19:23   0:00 -
root         654  0.0  0.0      0     0 ?        -    19:23   0:00 [irq/135-AudioHD]
root           -  0.0    -      -     - -        S    19:23   0:00 -
root         655  0.0  0.0      0     0 ?        -    19:23   0:00 [irq/135-AudioDS]
root           -  0.0    -      -     - -        S    19:23   0:00 -
systemd+     829  0.0  0.0  24256 13596 ?        -    19:24   0:00 /lib/systemd/systemd-resolved
systemd+       -  0.0    -      -     - -        Ss   19:24   0:00 -
systemd+     830  0.0  0.0  90212  6104 ?        -    19:24   0:00 /lib/systemd/systemd-timesyncd
systemd+       -  0.0    -      -     - -        Ssl  19:24   0:00 -
systemd+       -  0.0    -      -     - -        Ssl  19:24   0:00 -
root         904  0.0  0.0 241888  8176 ?        -    19:24   0:00 /usr/lib/accountsservice/accounts-daemon
root           -  0.0    -      -     - -        Ssl  19:24   0:00 -
root           -  0.0    -      -     - -        Ssl  19:24   0:00 -
root           -  0.0    -      -     - -        Ssl  19:24   0:00 -
root         911  0.0  0.0   2540   716 ?        -    19:24   0:00 /usr/sbin/acpid
root           -  0.0    -      -     - -        Ss   19:24   0:00 -
root         934  0.0  0.0  11456  2556 ?        -    19:24   0:00 /usr/sbin/anacron -d -q -s
root           -  0.0    -      -     - -        Ss   19:24   0:00 -
avahi        936  0.0  0.0   8832  3660 ?        -    19:24   0:00 avahi-daemon: running [woo-TUF-Gaming-FX505GE-FX86FE.local]
avahi          -  0.0    -      -     - -        Ss   19:24   0:00 -
root         937  0.0  0.0   8356  4816 ?        -    19:24   0:00 /usr/lib/bluetooth/bluetoothd
root           -  0.0    -      -     - -        Ss   19:24   0:00 -
root         939  0.0  0.0  12708  3148 ?        -    19:24   0:00 /usr/sbin/cron -f
root           -  0.0    -      -     - -        Ss   19:24   0:00 -
message+     941  0.2  0.0   9972  6424 ?        -    19:24   0:02 /usr/bin/dbus-daemon --system --address=systemd: --nofork --nopidfile --systemd-activation --syslog-only
message+       -  0.2    -      -     - -        Ss   19:24   0:02 -
root         942  0.0  0.0 413876 21168 ?        -    19:24   0:00 /usr/sbin/NetworkManager --no-daemon
root           -  0.0    -      -     - -        Ssl  19:24   0:00 -
root           -  0.0    -      -     - -        Ssl  19:24   0:00 -
root           -  0.0    -      -     - -        Ssl  19:24   0:00 -
root         965  0.0  0.0  81896  3772 ?        -    19:24   0:00 /usr/sbin/irqbalance --foreground
root           -  0.0    -      -     - -        Ssl  19:24   0:00 -
root           -  0.0    -      -     - -        Ssl  19:24   0:00 -
root         967  0.0  0.0  42620 20552 ?        -    19:24   0:00 /usr/bin/python3 /usr/bin/networkd-dispatcher --run-startup-triggers
root           -  0.0    -      -     - -        Ss   19:24   0:00 -
root         969  0.0  0.0 235252  9928 ?        -    19:24   0:00 /usr/lib/policykit-1/polkitd --no-debug
root           -  0.0    -      -     - -        Ssl  19:24   0:00 -
root           -  0.0    -      -     - -        Ssl  19:24   0:00 -
root           -  0.0    -      -     - -        Ssl  19:24   0:00 -
syslog       973  0.0  0.0 224540  5492 ?        -    19:24   0:00 /usr/sbin/rsyslogd -n -iNONE
syslog         -  0.0    -      -     - -        Ssl  19:24   0:00 -
syslog         -  0.0    -      -     - -        Ssl  19:24   0:00 -
syslog         -  0.0    -      -     - -        Ssl  19:24   0:00 -
syslog         -  0.0    -      -     - -        Ssl  19:24   0:00 -
root         981  0.5  0.1 1612388 42676 ?       -    19:24   0:06 /usr/lib/snapd/snapd
root           -  0.1    -      -     - -        Ssl  19:24   0:01 -
root           -  0.0    -      -     - -        Ssl  19:24   0:00 -
root           -  0.0    -      -     - -        Ssl  19:24   0:00 -
root           -  0.0    -      -     - -        Ssl  19:24   0:00 -
root           -  0.0    -      -     - -        Ssl  19:24   0:00 -
root           -  0.0    -      -     - -        Ssl  19:24   0:00 -
root           -  0.0    -      -     - -        Ssl  19:24   0:00 -
root           -  0.0    -      -     - -        Ssl  19:24   0:00 -
root           -  0.0    -      -     - -        Ssl  19:24   0:00 -
root           -  0.0    -      -     - -        Ssl  19:24   0:00 -
root           -  0.0    -      -     - -        Ssl  19:24   0:00 -
root           -  0.1    -      -     - -        Ssl  19:24   0:01 -
root           -  0.0    -      -     - -        Ssl  19:24   0:00 -
root           -  0.0    -      -     - -        Ssl  19:24   0:00 -
root           -  0.0    -      -     - -        Ssl  19:24   0:00 -
root           -  0.0    -      -     - -        Ssl  19:24   0:00 -
root           -  0.0    -      -     - -        Ssl  19:24   0:00 -
root           -  0.0    -      -     - -        Ssl  19:29   0:00 -
root           -  0.0    -      -     - -        Ssl  19:29   0:00 -
root           -  0.0    -      -     - -        Ssl  19:29   0:00 -
root           -  0.0    -      -     - -        Ssl  19:29   0:00 -
root         982  0.0  0.0 238784  6012 ?        -    19:24   0:00 /usr/libexec/switcheroo-control
root           -  0.0    -      -     - -        Ssl  19:24   0:00 -
root           -  0.0    -      -     - -        Ssl  19:24   0:00 -
root           -  0.0    -      -     - -        Ssl  19:24   0:00 -
root         983  0.0  0.0  16968  8532 ?        -    19:24   0:00 /lib/systemd/systemd-logind
root           -  0.0    -      -     - -        Ss   19:24   0:00 -
root         984  0.0  0.0 129332  9304 ?        -    19:24   0:00 /usr/sbin/thermald --systemd --dbus-enable --adaptive
root           -  0.0    -      -     - -        Ssl  19:24   0:00 -
root           -  0.0    -      -     - -        Ssl  19:24   0:00 -
root         985  0.1  0.0 393356 13860 ?        -    19:24   0:01 /usr/lib/udisks2/udisksd
root           -  0.1    -      -     - -        Ssl  19:24   0:01 -
root           -  0.0    -      -     - -        Ssl  19:24   0:00 -
root           -  0.0    -      -     - -        Ssl  19:24   0:00 -
root           -  0.0    -      -     - -        Ssl  19:24   0:00 -
root           -  0.0    -      -     - -        Ssl  19:24   0:00 -
root         986  0.0  0.0  14060  9288 ?        -    19:24   0:00 /sbin/wpa_supplicant -u -s -O /run/wpa_supplicant
root           -  0.0    -      -     - -        Ss   19:24   0:00 -
avahi       1005  0.0  0.0   8560   356 ?        -    19:24   0:00 avahi-daemon: chroot helper
avahi          -  0.0    -      -     - -        S    19:24   0:00 -
root        1088  0.0  0.0 178732 13172 ?        -    19:24   0:00 /usr/sbin/cups-browsed
root           -  0.0    -      -     - -        Ssl  19:24   0:00 -
root           -  0.0    -      -     - -        Ssl  19:24   0:00 -
root           -  0.0    -      -     - -        Ssl  19:24   0:00 -
root        1101  0.0  0.0 240728 10760 ?        -    19:24   0:00 /usr/sbin/ModemManager
root           -  0.0    -      -     - -        Ssl  19:24   0:00 -
root           -  0.0    -      -     - -        Ssl  19:24   0:00 -
root           -  0.0    -      -     - -        Ssl  19:24   0:00 -
root        1156  0.0  0.0  31464  8780 ?        -    19:24   0:00 /usr/sbin/cupsd -l
root           -  0.0    -      -     - -        Ss   19:24   0:00 -
root        1295  0.0  0.0 121404 22992 ?        -    19:24   0:00 /usr/bin/python3 /usr/share/unattended-upgrades/unattended-upgrade-shutdown --wait-for-signal
root           -  0.0    -      -     - -        Ssl  19:24   0:00 -
root           -  0.0    -      -     - -        Ssl  19:24   0:00 -
whoopsie    1297  0.0  0.0 253524 15612 ?        -    19:24   0:00 /usr/bin/whoopsie -f
whoopsie       -  0.0    -      -     - -        Ssl  19:24   0:00 -
whoopsie       -  0.0    -      -     - -        Ssl  19:24   0:00 -
whoopsie       -  0.0    -      -     - -        Ssl  19:24   0:00 -
root        1332  0.0  0.0  14364  2968 ?        -    19:24   0:00 /usr/sbin/miredo -f
root           -  0.0    -      -     - -        Ss   19:24   0:00 -
kernoops    1333  0.0  0.0  11252   444 ?        -    19:24   0:00 /usr/sbin/kerneloops --test
kernoops       -  0.0    -      -     - -        Ss   19:24   0:00 -
root        1335  0.0  0.0 232392  7408 ?        -    19:24   0:00 /usr/sbin/lightdm
root           -  0.0    -      -     - -        SLsl 19:24   0:00 -
root           -  0.0    -      -     - -        SLsl 19:24   0:00 -
root           -  0.0    -      -     - -        SLsl 19:24   0:00 -
kernoops    1336  0.0  0.0  11252   444 ?        -    19:24   0:00 /usr/sbin/kerneloops
kernoops       -  0.0    -      -     - -        Ss   19:24   0:00 -
miredo      1340  0.0  0.0 112852  2444 ?        -    19:24   0:00 /usr/sbin/miredo -f
miredo         -  0.0    -      -     - -        Sl   19:24   0:00 -
miredo         -  0.0    -      -     - -        Sl   19:24   0:00 -
miredo         -  0.0    -      -     - -        Sl   19:24   0:00 -
miredo         -  0.0    -      -     - -        Sl   19:24   0:00 -
miredo         -  0.0    -      -     - -        Sl   19:24   0:00 -
root        1341  0.0  0.0   2680   696 ?        -    19:24   0:00 /usr/libexec/miredo/miredo-privproc 4
root           -  0.0    -      -     - -        S    19:24   0:00 -
root        1354  0.0  0.0  12276  6988 ?        -    19:24   0:00 sshd: /usr/sbin/sshd -D [listener] 0 of 10-100 startups
root           -  0.0    -      -     - -        Ss   19:24   0:00 -
root        1366 10.7  0.4 683628 112668 tty7    -    19:24   1:59 /usr/lib/xorg/Xorg -core :0 -seat seat0 -auth /var/run/lightdm/root/:0 -nolisten tcp vt7 -novtswitch
root           -  9.8    -      -     - -        Ssl+ 19:24   1:48 -
root           -  0.0    -      -     - -        SNsl+ 19:24   0:00 -
root           -  0.0    -      -     - -        Ssl+ 19:24   0:00 -
root           -  0.0    -      -     - -        SNsl+ 19:24   0:00 -
root           -  0.0    -      -     - -        SNsl+ 19:24   0:00 -
root           -  0.9    -      -     - -        Ssl+ 19:24   0:10 -
root        1368  0.0  0.0  11724  2000 tty1     -    19:24   0:00 /sbin/agetty -o -p -- \u --noclear tty1 linux
root           -  0.0    -      -     - -        Ss+  19:24   0:00 -
rtkit       1459  0.0  0.0 153148  3152 ?        -    19:24   0:00 /usr/libexec/rtkit-daemon
rtkit          -  0.0    -      -     - -        SNsl 19:24   0:00 -
rtkit          -  0.0    -      -     - -        Ssl  19:24   0:00 -
rtkit          -  0.0    -      -     - -        SNsl 19:24   0:00 -
root        1544  0.0  0.0      0     0 ?        -    19:24   0:00 [krfcommd]
root           -  0.0    -      -     - -        S<   19:24   0:00 -
root        1613  0.0  0.0 255704  9916 ?        -    19:24   0:00 /usr/lib/upower/upowerd
root           -  0.0    -      -     - -        Ssl  19:24   0:00 -
root           -  0.0    -      -     - -        Ssl  19:24   0:00 -
root           -  0.0    -      -     - -        Ssl  19:24   0:00 -
colord      1662  0.0  0.0 249576 14932 ?        -    19:24   0:00 /usr/libexec/colord
colord         -  0.0    -      -     - -        Ssl  19:24   0:00 -
colord         -  0.0    -      -     - -        Ssl  19:24   0:00 -
colord         -  0.0    -      -     - -        Ssl  19:24   0:00 -
root        1667  0.0  0.0 160096  8204 ?        -    19:24   0:00 lightdm --session-child 12 19
root           -  0.0    -      -     - -        Sl   19:24   0:00 -
root           -  0.0    -      -     - -        Sl   19:25   0:00 -
root           -  0.0    -      -     - -        Sl   19:25   0:00 -
woo         1730  0.1  0.0  20196 11860 ?        -    19:25   0:01 /lib/systemd/systemd --user LANG=zh_CN.UTF-8 LANGUAGE=zh_CN:zh:en_US:en LC_ADDRESS=zh_CN.UTF-8 LC_IDENTIFICATION=zh_CN.UTF-8 LC_MEASUREMENT=zh_CN.UTF-8 LC_MONETARY=zh_CN.UTF-8 LC_NAME=zh_CN.UTF-8 LC_NUMERIC=zh_CN.UTF-8 LC_PAPER=zh_CN.UTF-8 LC_TELEPHONE=zh_CN.UTF-8 LC_TIME=zh_CN.UTF-8 PATH=/usr/local/sbin:/usr/local/bin:/usr/sbin:/usr/bin:/sbin:/bin:/snap/bin NOTIFY_SOCKET=/run/systemd/notify HOME=/home/woo LOGNAME=woo USER=woo SHELL=/bin/bash INVOCATION_ID=29c616af61b94720bf41cb55e19b0044 JOURNAL_STREAM=9:40751 XDG_RUNTIME_DIR=/run/user/1000
woo            -  0.1    -      -     - -        Ss   19:25   0:01 -
woo         1731  0.0  0.0 169636  4036 ?        -    19:25   0:00 (sd-pam)
woo            -  0.0    -      -     - -        S    19:25   0:00 -
woo         1740  0.2  0.0 2493036 19756 ?       -    19:25   0:02 /usr/bin/pulseaudio --daemonize=no --log-target=journal HOME=/home/woo LANG=zh_CN.UTF-8 LANGUAGE=zh_CN:zh:en_US:en LC_ADDRESS=zh_CN.UTF-8 LC_IDENTIFICATION=zh_CN.UTF-8 LC_MEASUREMENT=zh_CN.UTF-8 LC_MONETARY=zh_CN.UTF-8 LC_NAME=zh_CN.UTF-8 LC_NUMERIC=zh_CN.UTF-8 LC_PAPER=zh_CN.UTF-8 LC_TELEPHONE=zh_CN.UTF-8 LC_TIME=zh_CN.UTF-8 LOGNAME=woo PATH=/usr/local/sbin:/usr/local/bin:/usr/sbin:/usr/bin:/sbin:/bin:/usr/games:/usr/local/games:/snap/bin:/snap/bin SHELL=/bin/bash USER=woo XDG_RUNTIME_DIR=/run/user/1000 GTK_MODULES=gail:atk-bridge QT_ACCESSIBILITY=1 XDG_DATA_DIRS=/usr/local/share/:/usr/share/:/var/lib/snapd/desktop DBUS_SESSION_BUS_ADDRESS=unix:path=/run/user/1000/bus NOTIFY_SOCKET=/run/user/1000/systemd/notify MANAGERPID=1730 LISTEN_PID=1740 LISTEN_FDS=1 LISTEN_FDNAMES=pulseaudio.socket INVOCATION_ID=762181cede5345bda61e20fd914bb9e6 JOURNAL_STREAM=9:36405
woo            -  0.1    -      -     - -        S<sl 19:25   0:01 -
woo            -  0.0    -      -     - -        Ssl  19:25   0:00 -
woo            -  0.0    -      -     - -        Ssl  19:25   0:00 -
woo            -  0.0    -      -     - -        Ssl  19:25   0:00 -
woo            -  0.1    -      -     - -        Ssl  19:25   0:01 -
woo            -  0.0    -      -     - -        Ssl  19:25   0:00 -
woo            -  0.0    -      -     - -        Ssl  19:25   0:00 -
woo            -  0.0    -      -     - -        Ssl  19:25   0:00 -
woo         1742  0.0  0.1 662696 25776 ?        -    19:25   0:00 /usr/libexec/tracker-miner-fs HOME=/home/woo LANG=zh_CN.UTF-8 LANGUAGE=zh_CN:zh:en_US:en LC_ADDRESS=zh_CN.UTF-8 LC_IDENTIFICATION=zh_CN.UTF-8 LC_MEASUREMENT=zh_CN.UTF-8 LC_MONETARY=zh_CN.UTF-8 LC_NAME=zh_CN.UTF-8 LC_NUMERIC=zh_CN.UTF-8 LC_PAPER=zh_CN.UTF-8 LC_TELEPHONE=zh_CN.UTF-8 LC_TIME=zh_CN.UTF-8 LOGNAME=woo PATH=/usr/local/sbin:/usr/local/bin:/usr/sbin:/usr/bin:/sbin:/bin:/usr/games:/usr/local/games:/snap/bin:/snap/bin SHELL=/bin/bash USER=woo XDG_RUNTIME_DIR=/run/user/1000 GTK_MODULES=gail:atk-bridge QT_ACCESSIBILITY=1 XDG_DATA_DIRS=/usr/local/share/:/usr/share/:/var/lib/snapd/desktop DBUS_SESSION_BUS_ADDRESS=unix:path=/run/user/1000/bus MANAGERPID=1730 INVOCATION_ID=cabd64299b74454096c5bac38f1f2aa3 JOURNAL_STREAM=9:41221
woo            -  0.0    -      -     - -        SNsl 19:25   0:00 -
woo            -  0.0    -      -     - -        SNsl 19:25   0:00 -
woo            -  0.0    -      -     - -        SNsl 19:25   0:00 -
woo            -  0.0    -      -     - -        SNsl 19:25   0:00 -
woo            -  0.0    -      -     - -        SNsl 19:25   0:00 -
woo         1747  0.0  0.0 243572  8368 ?        -    19:25   0:00 /usr/bin/gnome-keyring-daemon --daemonize --login
woo            -  0.0    -      -     - -        Sl   19:25   0:00 -
woo            -  0.0    -      -     - -        Sl   19:25   0:00 -
woo            -  0.0    -      -     - -        Sl   19:25   0:00 -
woo            -  0.0    -      -     - -        Sl   19:25   0:00 -
woo         1748  0.1  0.0   8788  5888 ?        -    19:25   0:01 /usr/bin/dbus-daemon --session --address=systemd: --nofork --nopidfile --systemd-activation --syslog-only HOME=/home/woo LANG=zh_CN.UTF-8 LANGUAGE=zh_CN:zh:en_US:en LC_ADDRESS=zh_CN.UTF-8 LC_IDENTIFICATION=zh_CN.UTF-8 LC_MEASUREMENT=zh_CN.UTF-8 LC_MONETARY=zh_CN.UTF-8 LC_NAME=zh_CN.UTF-8 LC_NUMERIC=zh_CN.UTF-8 LC_PAPER=zh_CN.UTF-8 LC_TELEPHONE=zh_CN.UTF-8 LC_TIME=zh_CN.UTF-8 LOGNAME=woo PATH=/usr/local/sbin:/usr/local/bin:/usr/sbin:/usr/bin:/sbin:/bin:/usr/games:/usr/local/games:/snap/bin:/snap/bin SHELL=/bin/bash USER=woo XDG_RUNTIME_DIR=/run/user/1000 GTK_MODULES=gail:atk-bridge QT_ACCESSIBILITY=1 XDG_DATA_DIRS=/usr/local/share/:/usr/share/:/var/lib/snapd/desktop DBUS_SESSION_BUS_ADDRESS=unix:path=/run/user/1000/bus MANAGERPID=1730 LISTEN_PID=1748 LISTEN_FDS=1 LISTEN_FDNAMES=dbus.socket INVOCATION_ID=b53be8f30fb749a9b55adcaf6d195c37 JOURNAL_STREAM=9:35571
woo            -  0.1    -      -     - -        Ss   19:25   0:01 -
woo         1765  0.0  0.0   4856  1928 ?        -    19:25   0:00 /bin/sh /usr/libexec/run-systemd-session unity-session.target LANGUAGE=zh_CN:zh:en_US:en GTK_CSD=0 USER=woo LC_TIME=zh_CN.UTF-8 XDG_SEAT=seat0 XDG_SESSION_TYPE=x11 SSH_AGENT_PID=1907 SHLVL=0 QT4_IM_MODULE=fcitx HOME=/home/woo DESKTOP_SESSION=unity GTK_MODULES=gail:atk-bridge XDG_SEAT_PATH=/org/freedesktop/DisplayManager/Seat0 LC_MONETARY=zh_CN.UTF-8 DBUS_SESSION_BUS_ADDRESS=unix:path=/run/user/1000/bus MANDATORY_PATH=/usr/share/gconf/unity.mandatory.path QT_QPA_PLATFORMTHEME=appmenu-qt5 GTK_IM_MODULE=fcitx LOGNAME=woo XDG_SESSION_CLASS=user DEFAULTS_PATH=/usr/share/gconf/unity.default.path XDG_SESSION_ID=c2 GTK2_MODULES=overlay-scrollbar PATH=/home/woo/bin:/home/woo/.local/bin:/usr/local/sbin:/usr/local/bin:/usr/sbin:/usr/bin:/sbin:/bin:/usr/games:/usr/local/games:/snap/bin GDM_LANG=zh_CN XDG_SESSION_PATH=/org/freedesktop/DisplayManager/Session0 LC_ADDRESS=zh_CN.UTF-8 XDG_RUNTIME_DIR=/run/user/1000 DISPLAY=:0 LANG=zh_CN.UTF-8 XDG_CURRENT_DESKTOP=Unity:Unity7:ubuntu LC_TELEPHONE=zh_CN.UTF-8 XMODIFIERS=@im=fcitx XDG_SESSION_DESKTOP=unity XAUTHORITY=/home/woo/.Xauthority XDG_GREETER_DATA_DIR=/var/lib/lightdm-data/woo SSH_AUTH_SOCK=/tmp/ssh-HootDOHOM3kn/agent.1765 SHELL=/bin/bash LC_NAME=zh_CN.UTF-8 QT_ACCESSIBILITY=1 GDMSESSION=unity LC_MEASUREMENT=zh_CN.UTF-8 GPG_AGENT_INFO=/run/user/1000/gnupg/S.gpg-agent:0:1 LC_IDENTIFICATION=zh_CN.UTF-8 QT_IM_MODULE=fcitx XDG_VTNR=7 PWD=/home/woo XDG_CONFIG_DIRS=/etc/xdg/xdg-unity:/etc/xdg CLUTTER_IM_MODULE=fcitx XDG_DATA_DIRS=/usr/share/unity:/usr/local/share:/usr/share:/var/lib/snapd/desktop LC_NUMERIC=zh_CN.UTF-8 LC_PAPER=zh_CN.UTF-8 LD_PRELOAD=libgtk3-nocsd.so.0
woo            -  0.0    -      -     - -        Ss   19:25   0:00 -
woo         1766  0.0  0.0 242952  7884 ?        -    19:25   0:00 /usr/libexec/gvfsd HOME=/home/woo LANG=zh_CN.UTF-8 LANGUAGE=zh_CN:zh:en_US:en LC_ADDRESS=zh_CN.UTF-8 LC_IDENTIFICATION=zh_CN.UTF-8 LC_MEASUREMENT=zh_CN.UTF-8 LC_MONETARY=zh_CN.UTF-8 LC_NAME=zh_CN.UTF-8 LC_NUMERIC=zh_CN.UTF-8 LC_PAPER=zh_CN.UTF-8 LC_TELEPHONE=zh_CN.UTF-8 LC_TIME=zh_CN.UTF-8 LOGNAME=woo PATH=/usr/local/sbin:/usr/local/bin:/usr/sbin:/usr/bin:/sbin:/bin:/usr/games:/usr/local/games:/snap/bin:/snap/bin SHELL=/bin/bash USER=woo XDG_RUNTIME_DIR=/run/user/1000 GTK_MODULES=gail:atk-bridge QT_ACCESSIBILITY=1 XDG_DATA_DIRS=/usr/local/share/:/usr/share/:/var/lib/snapd/desktop DBUS_SESSION_BUS_ADDRESS=unix:path=/run/user/1000/bus MANAGERPID=1730 INVOCATION_ID=9c4b6a0f2104451aaa01608f9c3b49cf JOURNAL_STREAM=9:41264
woo            -  0.0    -      -     - -        Ssl  19:25   0:00 -
woo            -  0.0    -      -     - -        Ssl  19:25   0:00 -
woo            -  0.0    -      -     - -        Ssl  19:25   0:00 -
woo         1771  0.0  0.0 378336  5628 ?        -    19:25   0:00 /usr/libexec/gvfsd-fuse /run/user/1000/gvfs -f -o big_writes HOME=/home/woo LANG=zh_CN.UTF-8 LANGUAGE=zh_CN:zh:en_US:en LC_ADDRESS=zh_CN.UTF-8 LC_IDENTIFICATION=zh_CN.UTF-8 LC_MEASUREMENT=zh_CN.UTF-8 LC_MONETARY=zh_CN.UTF-8 LC_NAME=zh_CN.UTF-8 LC_NUMERIC=zh_CN.UTF-8 LC_PAPER=zh_CN.UTF-8 LC_TELEPHONE=zh_CN.UTF-8 LC_TIME=zh_CN.UTF-8 LOGNAME=woo PATH=/usr/local/sbin:/usr/local/bin:/usr/sbin:/usr/bin:/sbin:/bin:/usr/games:/usr/local/games:/snap/bin:/snap/bin SHELL=/bin/bash USER=woo XDG_RUNTIME_DIR=/run/user/1000 GTK_MODULES=gail:atk-bridge QT_ACCESSIBILITY=1 XDG_DATA_DIRS=/usr/local/share/:/usr/share/:/var/lib/snapd/desktop DBUS_SESSION_BUS_ADDRESS=unix:path=/run/user/1000/bus MANAGERPID=1730 INVOCATION_ID=9c4b6a0f2104451aaa01608f9c3b49cf JOURNAL_STREAM=9:41264
woo            -  0.0    -      -     - -        Sl   19:25   0:00 -
woo            -  0.0    -      -     - -        Sl   19:25   0:00 -
woo            -  0.0    -      -     - -        Sl   19:25   0:00 -
woo            -  0.0    -      -     - -        Sl   19:25   0:00 -
woo            -  0.0    -      -     - -        Sl   19:25   0:00 -
woo            -  0.0    -      -     - -        Sl   19:25   0:00 -
woo         1777  0.0  0.0 391592 11024 ?        -    19:25   0:00 /usr/libexec/gvfs-udisks2-volume-monitor HOME=/home/woo LANG=zh_CN.UTF-8 LANGUAGE=zh_CN:zh:en_US:en LC_ADDRESS=zh_CN.UTF-8 LC_IDENTIFICATION=zh_CN.UTF-8 LC_MEASUREMENT=zh_CN.UTF-8 LC_MONETARY=zh_CN.UTF-8 LC_NAME=zh_CN.UTF-8 LC_NUMERIC=zh_CN.UTF-8 LC_PAPER=zh_CN.UTF-8 LC_TELEPHONE=zh_CN.UTF-8 LC_TIME=zh_CN.UTF-8 LOGNAME=woo PATH=/usr/local/sbin:/usr/local/bin:/usr/sbin:/usr/bin:/sbin:/bin:/usr/games:/usr/local/games:/snap/bin:/snap/bin SHELL=/bin/bash USER=woo XDG_RUNTIME_DIR=/run/user/1000 GTK_MODULES=gail:atk-bridge QT_ACCESSIBILITY=1 XDG_DATA_DIRS=/usr/local/share/:/usr/share/:/var/lib/snapd/desktop DBUS_SESSION_BUS_ADDRESS=unix:path=/run/user/1000/bus MANAGERPID=1730 INVOCATION_ID=a5487375bbb0481791cec1654c265473 JOURNAL_STREAM=9:35614
woo            -  0.0    -      -     - -        Ssl  19:25   0:00 -
woo            -  0.0    -      -     - -        Ssl  19:25   0:00 -
woo            -  0.0    -      -     - -        Ssl  19:25   0:00 -
woo            -  0.0    -      -     - -        Ssl  19:25   0:00 -
woo         1784  0.0  0.0 239120  6220 ?        -    19:25   0:00 /usr/libexec/gvfs-goa-volume-monitor HOME=/home/woo LANG=zh_CN.UTF-8 LANGUAGE=zh_CN:zh:en_US:en LC_ADDRESS=zh_CN.UTF-8 LC_IDENTIFICATION=zh_CN.UTF-8 LC_MEASUREMENT=zh_CN.UTF-8 LC_MONETARY=zh_CN.UTF-8 LC_NAME=zh_CN.UTF-8 LC_NUMERIC=zh_CN.UTF-8 LC_PAPER=zh_CN.UTF-8 LC_TELEPHONE=zh_CN.UTF-8 LC_TIME=zh_CN.UTF-8 LOGNAME=woo PATH=/usr/local/sbin:/usr/local/bin:/usr/sbin:/usr/bin:/sbin:/bin:/usr/games:/usr/local/games:/snap/bin:/snap/bin SHELL=/bin/bash USER=woo XDG_RUNTIME_DIR=/run/user/1000 GTK_MODULES=gail:atk-bridge QT_ACCESSIBILITY=1 XDG_DATA_DIRS=/usr/local/share/:/usr/share/:/var/lib/snapd/desktop DBUS_SESSION_BUS_ADDRESS=unix:path=/run/user/1000/bus MANAGERPID=1730 INVOCATION_ID=d4b7a2cc097243708b9923bfd45b8678 JOURNAL_STREAM=9:35653
woo            -  0.0    -      -     - -        Ssl  19:25   0:00 -
woo            -  0.0    -      -     - -        Ssl  19:25   0:00 -
woo            -  0.0    -      -     - -        Ssl  19:25   0:00 -
woo         1788  0.0  0.1 550952 37100 ?        -    19:25   0:00 /usr/libexec/goa-daemon SHELL=/bin/bash DBUS_STARTER_ADDRESS=unix:path=/run/user/1000/bus,guid=841bd7833e939c7315573a2662862926 QT_ACCESSIBILITY=1 XDG_RUNTIME_DIR=/run/user/1000 LC_NAME=zh_CN.UTF-8 LC_MEASUREMENT=zh_CN.UTF-8 LC_PAPER=zh_CN.UTF-8 PATH=/usr/local/sbin:/usr/local/bin:/usr/sbin:/usr/bin:/sbin:/bin:/usr/games:/usr/local/games:/snap/bin:/snap/bin LC_MONETARY=zh_CN.UTF-8 LC_NUMERIC=zh_CN.UTF-8 LC_TIME=zh_CN.UTF-8 GTK_MODULES=gail:atk-bridge LC_IDENTIFICATION=zh_CN.UTF-8 XDG_DATA_DIRS=/usr/local/share/:/usr/share/:/var/lib/snapd/desktop JOURNAL_STREAM=9:35571 LANGUAGE=zh_CN:zh:en_US:en DBUS_SESSION_BUS_ADDRESS=unix:path=/run/user/1000/bus,guid=841bd7833e939c7315573a2662862926 INVOCATION_ID=b53be8f30fb749a9b55adcaf6d195c37 USER=woo DBUS_STARTER_BUS_TYPE=session LC_ADDRESS=zh_CN.UTF-8 LC_TELEPHONE=zh_CN.UTF-8 MANAGERPID=1730 LANG=zh_CN.UTF-8 LOGNAME=woo HOME=/home/woo
woo            -  0.0    -      -     - -        Sl   19:25   0:00 -
woo            -  0.0    -      -     - -        Sl   19:25   0:00 -
woo            -  0.0    -      -     - -        Sl   19:25   0:00 -
woo            -  0.0    -      -     - -        Sl   19:25   0:00 -
woo         1797  0.0  0.0 318116  8868 ?        -    19:25   0:00 /usr/libexec/goa-identity-service SHELL=/bin/bash DBUS_STARTER_ADDRESS=unix:path=/run/user/1000/bus,guid=841bd7833e939c7315573a2662862926 QT_ACCESSIBILITY=1 XDG_RUNTIME_DIR=/run/user/1000 LC_NAME=zh_CN.UTF-8 LC_MEASUREMENT=zh_CN.UTF-8 LC_PAPER=zh_CN.UTF-8 PATH=/usr/local/sbin:/usr/local/bin:/usr/sbin:/usr/bin:/sbin:/bin:/usr/games:/usr/local/games:/snap/bin:/snap/bin LC_MONETARY=zh_CN.UTF-8 LC_NUMERIC=zh_CN.UTF-8 LC_TIME=zh_CN.UTF-8 GTK_MODULES=gail:atk-bridge LC_IDENTIFICATION=zh_CN.UTF-8 XDG_DATA_DIRS=/usr/local/share/:/usr/share/:/var/lib/snapd/desktop JOURNAL_STREAM=9:35571 LANGUAGE=zh_CN:zh:en_US:en DBUS_SESSION_BUS_ADDRESS=unix:path=/run/user/1000/bus,guid=841bd7833e939c7315573a2662862926 INVOCATION_ID=b53be8f30fb749a9b55adcaf6d195c37 USER=woo DBUS_STARTER_BUS_TYPE=session LC_ADDRESS=zh_CN.UTF-8 LC_TELEPHONE=zh_CN.UTF-8 MANAGERPID=1730 LANG=zh_CN.UTF-8 LOGNAME=woo HOME=/home/woo
woo            -  0.0    -      -     - -        Sl   19:25   0:00 -
woo            -  0.0    -      -     - -        Sl   19:25   0:00 -
woo            -  0.0    -      -     - -        Sl   19:25   0:00 -
woo         1804  0.0  0.0 319968  9080 ?        -    19:25   0:00 /usr/libexec/gvfs-afc-volume-monitor HOME=/home/woo LANG=zh_CN.UTF-8 LANGUAGE=zh_CN:zh:en_US:en LC_ADDRESS=zh_CN.UTF-8 LC_IDENTIFICATION=zh_CN.UTF-8 LC_MEASUREMENT=zh_CN.UTF-8 LC_MONETARY=zh_CN.UTF-8 LC_NAME=zh_CN.UTF-8 LC_NUMERIC=zh_CN.UTF-8 LC_PAPER=zh_CN.UTF-8 LC_TELEPHONE=zh_CN.UTF-8 LC_TIME=zh_CN.UTF-8 LOGNAME=woo PATH=/usr/local/sbin:/usr/local/bin:/usr/sbin:/usr/bin:/sbin:/bin:/usr/games:/usr/local/games:/snap/bin:/snap/bin SHELL=/bin/bash USER=woo XDG_RUNTIME_DIR=/run/user/1000 GTK_MODULES=gail:atk-bridge QT_ACCESSIBILITY=1 XDG_DATA_DIRS=/usr/local/share/:/usr/share/:/var/lib/snapd/desktop DBUS_SESSION_BUS_ADDRESS=unix:path=/run/user/1000/bus MANAGERPID=1730 INVOCATION_ID=11f23943a275493b887cdbbf38acc04a JOURNAL_STREAM=9:42147
woo            -  0.0    -      -     - -        Ssl  19:25   0:00 -
woo            -  0.0    -      -     - -        Ssl  19:25   0:00 -
woo            -  0.0    -      -     - -        Ssl  19:25   0:00 -
woo            -  0.0    -      -     - -        Ssl  19:25   0:00 -
woo         1809  0.0  0.0 238916  5824 ?        -    19:25   0:00 /usr/libexec/gvfs-mtp-volume-monitor HOME=/home/woo LANG=zh_CN.UTF-8 LANGUAGE=zh_CN:zh:en_US:en LC_ADDRESS=zh_CN.UTF-8 LC_IDENTIFICATION=zh_CN.UTF-8 LC_MEASUREMENT=zh_CN.UTF-8 LC_MONETARY=zh_CN.UTF-8 LC_NAME=zh_CN.UTF-8 LC_NUMERIC=zh_CN.UTF-8 LC_PAPER=zh_CN.UTF-8 LC_TELEPHONE=zh_CN.UTF-8 LC_TIME=zh_CN.UTF-8 LOGNAME=woo PATH=/usr/local/sbin:/usr/local/bin:/usr/sbin:/usr/bin:/sbin:/bin:/usr/games:/usr/local/games:/snap/bin:/snap/bin SHELL=/bin/bash USER=woo XDG_RUNTIME_DIR=/run/user/1000 GTK_MODULES=gail:atk-bridge QT_ACCESSIBILITY=1 XDG_DATA_DIRS=/usr/local/share/:/usr/share/:/var/lib/snapd/desktop DBUS_SESSION_BUS_ADDRESS=unix:path=/run/user/1000/bus MANAGERPID=1730 INVOCATION_ID=89b59d47100b428bb75757d69c644005 JOURNAL_STREAM=9:40821
woo            -  0.0    -      -     - -        Ssl  19:25   0:00 -
woo            -  0.0    -      -     - -        Ssl  19:25   0:00 -
woo            -  0.0    -      -     - -        Ssl  19:25   0:00 -
woo         1813  0.0  0.0 241324  6440 ?        -    19:25   0:00 /usr/libexec/gvfs-gphoto2-volume-monitor HOME=/home/woo LANG=zh_CN.UTF-8 LANGUAGE=zh_CN:zh:en_US:en LC_ADDRESS=zh_CN.UTF-8 LC_IDENTIFICATION=zh_CN.UTF-8 LC_MEASUREMENT=zh_CN.UTF-8 LC_MONETARY=zh_CN.UTF-8 LC_NAME=zh_CN.UTF-8 LC_NUMERIC=zh_CN.UTF-8 LC_PAPER=zh_CN.UTF-8 LC_TELEPHONE=zh_CN.UTF-8 LC_TIME=zh_CN.UTF-8 LOGNAME=woo PATH=/usr/local/sbin:/usr/local/bin:/usr/sbin:/usr/bin:/sbin:/bin:/usr/games:/usr/local/games:/snap/bin:/snap/bin SHELL=/bin/bash USER=woo XDG_RUNTIME_DIR=/run/user/1000 GTK_MODULES=gail:atk-bridge QT_ACCESSIBILITY=1 XDG_DATA_DIRS=/usr/local/share/:/usr/share/:/var/lib/snapd/desktop DBUS_SESSION_BUS_ADDRESS=unix:path=/run/user/1000/bus MANAGERPID=1730 INVOCATION_ID=a2596549575a4e80bd1005298513855e JOURNAL_STREAM=9:40860
woo            -  0.0    -      -     - -        Ssl  19:25   0:00 -
woo            -  0.0    -      -     - -        Ssl  19:25   0:00 -
woo            -  0.0    -      -     - -        Ssl  19:25   0:00 -
woo         1907  0.0  0.0   8108   460 ?        -    19:25   0:00 /usr/bin/ssh-agent /usr/bin/im-launch env LD_PRELOAD=libgtk3-nocsd.so.0 /usr/libexec/run-systemd-session unity-session.target
woo            -  0.0    -      -     - -        Ss   19:25   0:00 -
woo         1918  0.1  0.2 331840 56400 ?        -    19:25   0:01 /usr/bin/fcitx -d LANGUAGE=zh_CN:zh:en_US:en GTK_CSD=0 USER=woo LC_TIME=zh_CN.UTF-8 XDG_SEAT=seat0 XDG_SESSION_TYPE=x11 SSH_AGENT_PID=1907 SHLVL=0 QT4_IM_MODULE=fcitx HOME=/home/woo DESKTOP_SESSION=unity GTK_MODULES=gail:atk-bridge XDG_SEAT_PATH=/org/freedesktop/DisplayManager/Seat0 LC_MONETARY=zh_CN.UTF-8 DBUS_SESSION_BUS_ADDRESS=unix:path=/run/user/1000/bus MANDATORY_PATH=/usr/share/gconf/unity.mandatory.path QT_QPA_PLATFORMTHEME=appmenu-qt5 IM_CONFIG_PHASE=2 GTK_IM_MODULE=fcitx LOGNAME=woo XDG_SESSION_CLASS=user DEFAULTS_PATH=/usr/share/gconf/unity.default.path XDG_SESSION_ID=c2 GTK2_MODULES=overlay-scrollbar PATH=/home/woo/bin:/home/woo/.local/bin:/usr/local/sbin:/usr/local/bin:/usr/sbin:/usr/bin:/sbin:/bin:/usr/games:/usr/local/games:/snap/bin GDM_LANG=zh_CN XDG_SESSION_PATH=/org/freedesktop/DisplayManager/Session0 LC_ADDRESS=zh_CN.UTF-8 XDG_RUNTIME_DIR=/run/user/1000 DISPLAY=:0 LANG=zh_CN.UTF-8 XDG_CURRENT_DESKTOP=Unity:Unity7:ubuntu LC_TELEPHONE=zh_CN.UTF-8 XMODIFIERS=@im=fcitx XDG_SESSION_DESKTOP=unity XAUTHORITY=/home/woo/.Xauthority XDG_GREETER_DATA_DIR=/var/lib/lightdm-data/woo SSH_AUTH_SOCK=/tmp/ssh-HootDOHOM3kn/agent.1765 SHELL=/bin/bash LC_NAME=zh_CN.UTF-8 QT_ACCESSIBILITY=1 GDMSESSION=unity LC_MEASUREMENT=zh_CN.UTF-8 GPG_AGENT_INFO=/run/user/1000/gnupg/S.gpg-agent:0:1 LC_IDENTIFICATION=zh_CN.UTF-8 QT_IM_MODULE=fcitx XDG_VTNR=7 PWD=/home/woo XDG_CONFIG_DIRS=/etc/xdg/xdg-unity:/etc/xdg CLUTTER_IM_MODULE=fcitx XDG_DATA_DIRS=/usr/share/unity:/usr/local/share:/usr/share:/var/lib/snapd/desktop LC_NUMERIC=zh_CN.UTF-8 LC_PAPER=zh_CN.UTF-8
woo            -  0.1    -      -     - -        Sl   19:25   0:01 -
woo            -  0.0    -      -     - -        Sl   19:25   0:00 -
woo         1932  0.0  0.0   7456  3356 ?        -    19:25   0:00 /usr/bin/dbus-daemon --syslog --fork --print-pid 5 --print-address 7 --config-file /usr/share/fcitx/dbus/daemon.conf LANGUAGE=zh_CN:zh:en_US:en GTK_CSD=0 USER=woo LC_TIME=zh_CN.UTF-8 XDG_SEAT=seat0 XDG_SESSION_TYPE=x11 SSH_AGENT_PID=1907 SHLVL=0 QT4_IM_MODULE=fcitx HOME=/home/woo DESKTOP_SESSION=unity GTK_MODULES=gail:atk-bridge XDG_SEAT_PATH=/org/freedesktop/DisplayManager/Seat0 LC_MONETARY=zh_CN.UTF-8 DBUS_SESSION_BUS_ADDRESS=unix:path=/run/user/1000/bus MANDATORY_PATH=/usr/share/gconf/unity.mandatory.path QT_QPA_PLATFORMTHEME=appmenu-qt5 IM_CONFIG_PHASE=2 GTK_IM_MODULE=fcitx LOGNAME=woo XDG_SESSION_CLASS=user DEFAULTS_PATH=/usr/share/gconf/unity.default.path XDG_SESSION_ID=c2 GTK2_MODULES=overlay-scrollbar PATH=/home/woo/bin:/home/woo/.local/bin:/usr/local/sbin:/usr/local/bin:/usr/sbin:/usr/bin:/sbin:/bin:/usr/games:/usr/local/games:/snap/bin GDM_LANG=zh_CN XDG_SESSION_PATH=/org/freedesktop/DisplayManager/Session0 LC_ADDRESS=zh_CN.UTF-8 XDG_RUNTIME_DIR=/run/user/1000 DISPLAY=:0 LANG=zh_CN.UTF-8 XDG_CURRENT_DESKTOP=Unity:Unity7:ubuntu LC_TELEPHONE=zh_CN.UTF-8 XMODIFIERS=@im=fcitx XDG_SESSION_DESKTOP=unity XAUTHORITY=/home/woo/.Xauthority XDG_GREETER_DATA_DIR=/var/lib/lightdm-data/woo SSH_AUTH_SOCK=/tmp/ssh-HootDOHOM3kn/agent.1765 SHELL=/bin/bash LC_NAME=zh_CN.UTF-8 QT_ACCESSIBILITY=1 GDMSESSION=unity LC_MEASUREMENT=zh_CN.UTF-8 GPG_AGENT_INFO=/run/user/1000/gnupg/S.gpg-agent:0:1 LC_IDENTIFICATION=zh_CN.UTF-8 QT_IM_MODULE=fcitx XDG_VTNR=7 PWD=/ XDG_CONFIG_DIRS=/etc/xdg/xdg-unity:/etc/xdg CLUTTER_IM_MODULE=fcitx XDG_DATA_DIRS=/usr/share/unity:/usr/local/share:/usr/share:/var/lib/snapd/desktop LC_NUMERIC=zh_CN.UTF-8 LC_PAPER=zh_CN.UTF-8
woo            -  0.0    -      -     - -        Ss   19:25   0:00 -
woo         1936  0.0  0.0   5384   204 ?        -    19:25   0:00 /usr/bin/fcitx-dbus-watcher unix:abstract=/tmp/dbus-PBAzcuhcWo,guid=4f78a3c1e9c68accb783d6e16286292a 1932 LANGUAGE=zh_CN:zh:en_US:en GTK_CSD=0 USER=woo LC_TIME=zh_CN.UTF-8 XDG_SEAT=seat0 XDG_SESSION_TYPE=x11 SSH_AGENT_PID=1907 SHLVL=0 QT4_IM_MODULE=fcitx HOME=/home/woo DESKTOP_SESSION=unity GTK_MODULES=gail:atk-bridge XDG_SEAT_PATH=/org/freedesktop/DisplayManager/Seat0 LC_MONETARY=zh_CN.UTF-8 DBUS_SESSION_BUS_ADDRESS=unix:path=/run/user/1000/bus MANDATORY_PATH=/usr/share/gconf/unity.mandatory.path QT_QPA_PLATFORMTHEME=appmenu-qt5 IM_CONFIG_PHASE=2 GTK_IM_MODULE=fcitx LOGNAME=woo XDG_SESSION_CLASS=user DEFAULTS_PATH=/usr/share/gconf/unity.default.path XDG_SESSION_ID=c2 GTK2_MODULES=overlay-scrollbar PATH=/home/woo/bin:/home/woo/.local/bin:/usr/local/sbin:/usr/local/bin:/usr/sbin:/usr/bin:/sbin:/bin:/usr/games:/usr/local/games:/snap/bin GDM_LANG=zh_CN XDG_SESSION_PATH=/org/freedesktop/DisplayManager/Session0 LC_ADDRESS=zh_CN.UTF-8 XDG_RUNTIME_DIR=/run/user/1000 DISPLAY=:0 LANG=zh_CN.UTF-8 XDG_CURRENT_DESKTOP=Unity:Unity7:ubuntu LC_TELEPHONE=zh_CN.UTF-8 XMODIFIERS=@im=fcitx XDG_SESSION_DESKTOP=unity XAUTHORITY=/home/woo/.Xauthority XDG_GREETER_DATA_DIR=/var/lib/lightdm-data/woo SSH_AUTH_SOCK=/tmp/ssh-HootDOHOM3kn/agent.1765 SHELL=/bin/bash LC_NAME=zh_CN.UTF-8 QT_ACCESSIBILITY=1 GDMSESSION=unity LC_MEASUREMENT=zh_CN.UTF-8 GPG_AGENT_INFO=/run/user/1000/gnupg/S.gpg-agent:0:1 LC_IDENTIFICATION=zh_CN.UTF-8 QT_IM_MODULE=fcitx XDG_VTNR=7 PWD=/home/woo XDG_CONFIG_DIRS=/etc/xdg/xdg-unity:/etc/xdg CLUTTER_IM_MODULE=fcitx XDG_DATA_DIRS=/usr/share/unity:/usr/local/share:/usr/share:/var/lib/snapd/desktop LC_NUMERIC=zh_CN.UTF-8 LC_PAPER=zh_CN.UTF-8
woo            -  0.0    -      -     - -        SN   19:25   0:00 -
woo         2061  0.0  0.0  17032  3876 ?        -    19:25   0:00 systemctl --user start --wait unity-session.target LANGUAGE=zh_CN:zh:en_US:en GTK_CSD=0 USER=woo LC_TIME=zh_CN.UTF-8 XDG_SEAT=seat0 XDG_SESSION_TYPE=x11 SSH_AGENT_PID=1907 SHLVL=0 QT4_IM_MODULE=fcitx HOME=/home/woo DESKTOP_SESSION=unity GTK_MODULES=gail:atk-bridge XDG_SEAT_PATH=/org/freedesktop/DisplayManager/Seat0 LC_MONETARY=zh_CN.UTF-8 DBUS_SESSION_BUS_ADDRESS=unix:path=/run/user/1000/bus MANDATORY_PATH=/usr/share/gconf/unity.mandatory.path QT_QPA_PLATFORMTHEME=appmenu-qt5 GTK_IM_MODULE=fcitx LOGNAME=woo XDG_SESSION_CLASS=user DEFAULTS_PATH=/usr/share/gconf/unity.default.path XDG_SESSION_ID=c2 GTK2_MODULES=overlay-scrollbar PATH=/home/woo/bin:/home/woo/.local/bin:/usr/local/sbin:/usr/local/bin:/usr/sbin:/usr/bin:/sbin:/bin:/usr/games:/usr/local/games:/snap/bin GDM_LANG=zh_CN XDG_SESSION_PATH=/org/freedesktop/DisplayManager/Session0 LC_ADDRESS=zh_CN.UTF-8 XDG_RUNTIME_DIR=/run/user/1000 DISPLAY=:0 LANG=zh_CN.UTF-8 XDG_CURRENT_DESKTOP=Unity:Unity7:ubuntu LC_TELEPHONE=zh_CN.UTF-8 LD_PRELOAD=libgtk3-nocsd.so.0 XMODIFIERS=@im=fcitx XDG_SESSION_DESKTOP=unity XAUTHORITY=/home/woo/.Xauthority XDG_GREETER_DATA_DIR=/var/lib/lightdm-data/woo SSH_AUTH_SOCK=/tmp/ssh-HootDOHOM3kn/agent.1765 SHELL=/bin/bash LC_NAME=zh_CN.UTF-8 QT_ACCESSIBILITY=1 GDMSESSION=unity LC_MEASUREMENT=zh_CN.UTF-8 GPG_AGENT_INFO=/run/user/1000/gnupg/S.gpg-agent:0:1 LC_IDENTIFICATION=zh_CN.UTF-8 QT_IM_MODULE=fcitx XDG_VTNR=7 PWD=/home/woo XDG_CONFIG_DIRS=/etc/xdg/xdg-unity:/etc/xdg CLUTTER_IM_MODULE=fcitx XDG_DATA_DIRS=/usr/share/unity:/usr/local/share:/usr/share:/var/lib/snapd/desktop LC_NUMERIC=zh_CN.UTF-8 LC_PAPER=zh_CN.UTF-8
woo            -  0.0    -      -     - -        S    19:25   0:00 -
woo         2072  0.0  0.1 277220 29120 ?        -    19:25   0:00 /usr/lib/x86_64-linux-gnu/bamf/bamfdaemon HOME=/home/woo LANG=zh_CN.UTF-8 LANGUAGE=zh_CN:zh:en_US:en LC_ADDRESS=zh_CN.UTF-8 LC_IDENTIFICATION=zh_CN.UTF-8 LC_MEASUREMENT=zh_CN.UTF-8 LC_MONETARY=zh_CN.UTF-8 LC_NAME=zh_CN.UTF-8 LC_NUMERIC=zh_CN.UTF-8 LC_PAPER=zh_CN.UTF-8 LC_TELEPHONE=zh_CN.UTF-8 LC_TIME=zh_CN.UTF-8 LOGNAME=woo PATH=/home/woo/bin:/home/woo/.local/bin:/usr/local/sbin:/usr/local/bin:/usr/sbin:/usr/bin:/sbin:/bin:/usr/games:/usr/local/games:/snap/bin SHELL=/bin/bash USER=woo XDG_RUNTIME_DIR=/run/user/1000 GTK_MODULES=gail:atk-bridge QT_ACCESSIBILITY=1 XDG_DATA_DIRS=/usr/share/unity:/usr/local/share:/usr/share:/var/lib/snapd/desktop CLUTTER_IM_MODULE=fcitx DBUS_SESSION_BUS_ADDRESS=unix:path=/run/user/1000/bus DEFAULTS_PATH=/usr/share/gconf/unity.default.path DESKTOP_SESSION=unity DISPLAY=:0 GDMSESSION=unity GDM_LANG=zh_CN GNOME_DESKTOP_SESSION_ID=this-is-deprecated GPG_AGENT_INFO=/run/user/1000/gnupg/S.gpg-agent:0:1 GTK2_MODULES=overlay-scrollbar GTK_CSD=0 GTK_IM_MODULE=fcitx IM_CONFIG_PHASE=1 LD_PRELOAD=libgtk3-nocsd.so.0 MANDATORY_PATH=/usr/share/gconf/unity.mandatory.path PWD=/home/woo QT4_IM_MODULE=fcitx QT_IM_MODULE=fcitx QT_QPA_PLATFORMTHEME=appmenu-qt5 SHLVL=1 SSH_AGENT_LAUNCHER=gnome-keyring SSH_AUTH_SOCK=/run/user/1000/keyring/ssh XAUTHORITY=/home/woo/.Xauthority XDG_CONFIG_DIRS=/etc/xdg/xdg-unity:/etc/xdg XDG_CURRENT_DESKTOP=Unity:Unity7:ubuntu XDG_GREETER_DATA_DIR=/var/lib/lightdm-data/woo XDG_SEAT_PATH=/org/freedesktop/DisplayManager/Seat0 XDG_SESSION_CLASS=user XDG_SESSION_DESKTOP=unity XDG_SESSION_PATH=/org/freedesktop/DisplayManager/Session0 XDG_SESSION_TYPE=x11 XMODIFIERS=@im=fcitx _=/usr/bin/dbus-update-activation-environment MANAGERPID=1730 INVOCATION_ID=2982fb803d52465bbb288fbcfad4134d JOURNAL_STREAM=9:42279
woo            -  0.0    -      -     - -        Ssl  19:25   0:00 -
woo            -  0.0    -      -     - -        Ssl  19:25   0:00 -
woo            -  0.0    -      -     - -        Ssl  19:25   0:00 -
woo         2073  0.0  0.0 257252 12684 ?        -    19:25   0:00 /usr/lib/x86_64-linux-gnu/indicator-application/indicator-application-service HOME=/home/woo LANG=zh_CN.UTF-8 LANGUAGE=zh_CN:zh:en_US:en LC_ADDRESS=zh_CN.UTF-8 LC_IDENTIFICATION=zh_CN.UTF-8 LC_MEASUREMENT=zh_CN.UTF-8 LC_MONETARY=zh_CN.UTF-8 LC_NAME=zh_CN.UTF-8 LC_NUMERIC=zh_CN.UTF-8 LC_PAPER=zh_CN.UTF-8 LC_TELEPHONE=zh_CN.UTF-8 LC_TIME=zh_CN.UTF-8 LOGNAME=woo PATH=/home/woo/bin:/home/woo/.local/bin:/usr/local/sbin:/usr/local/bin:/usr/sbin:/usr/bin:/sbin:/bin:/usr/games:/usr/local/games:/snap/bin SHELL=/bin/bash USER=woo XDG_RUNTIME_DIR=/run/user/1000 GTK_MODULES=gail:atk-bridge QT_ACCESSIBILITY=1 XDG_DATA_DIRS=/usr/share/unity:/usr/local/share:/usr/share:/var/lib/snapd/desktop CLUTTER_IM_MODULE=fcitx DBUS_SESSION_BUS_ADDRESS=unix:path=/run/user/1000/bus DEFAULTS_PATH=/usr/share/gconf/unity.default.path DESKTOP_SESSION=unity DISPLAY=:0 GDMSESSION=unity GDM_LANG=zh_CN GNOME_DESKTOP_SESSION_ID=this-is-deprecated GPG_AGENT_INFO=/run/user/1000/gnupg/S.gpg-agent:0:1 GTK2_MODULES=overlay-scrollbar GTK_CSD=0 GTK_IM_MODULE=fcitx IM_CONFIG_PHASE=1 LD_PRELOAD=libgtk3-nocsd.so.0 MANDATORY_PATH=/usr/share/gconf/unity.mandatory.path PWD=/home/woo QT4_IM_MODULE=fcitx QT_IM_MODULE=fcitx QT_QPA_PLATFORMTHEME=appmenu-qt5 SHLVL=1 SSH_AGENT_LAUNCHER=gnome-keyring SSH_AUTH_SOCK=/run/user/1000/keyring/ssh XAUTHORITY=/home/woo/.Xauthority XDG_CONFIG_DIRS=/etc/xdg/xdg-unity:/etc/xdg XDG_CURRENT_DESKTOP=Unity:Unity7:ubuntu XDG_GREETER_DATA_DIR=/var/lib/lightdm-data/woo XDG_SEAT_PATH=/org/freedesktop/DisplayManager/Seat0 XDG_SESSION_CLASS=user XDG_SESSION_DESKTOP=unity XDG_SESSION_PATH=/org/freedesktop/DisplayManager/Session0 XDG_SESSION_TYPE=x11 XMODIFIERS=@im=fcitx _=/usr/bin/dbus-update-activation-environment MANAGERPID=1730 INVOCATION_ID=cf9c4e69e74a4367a98496332150d29f JOURNAL_STREAM=9:32714
woo            -  0.0    -      -     - -        Ssl  19:25   0:00 -
woo            -  0.0    -      -     - -        Ssl  19:25   0:00 -
woo            -  0.0    -      -     - -        Ssl  19:25   0:00 -
woo         2074  0.0  0.0 388916  6624 ?        -    19:25   0:00 /usr/lib/x86_64-linux-gnu/indicator-bluetooth/indicator-bluetooth-service HOME=/home/woo LANG=zh_CN.UTF-8 LANGUAGE=zh_CN:zh:en_US:en LC_ADDRESS=zh_CN.UTF-8 LC_IDENTIFICATION=zh_CN.UTF-8 LC_MEASUREMENT=zh_CN.UTF-8 LC_MONETARY=zh_CN.UTF-8 LC_NAME=zh_CN.UTF-8 LC_NUMERIC=zh_CN.UTF-8 LC_PAPER=zh_CN.UTF-8 LC_TELEPHONE=zh_CN.UTF-8 LC_TIME=zh_CN.UTF-8 LOGNAME=woo PATH=/home/woo/bin:/home/woo/.local/bin:/usr/local/sbin:/usr/local/bin:/usr/sbin:/usr/bin:/sbin:/bin:/usr/games:/usr/local/games:/snap/bin SHELL=/bin/bash USER=woo XDG_RUNTIME_DIR=/run/user/1000 GTK_MODULES=gail:atk-bridge QT_ACCESSIBILITY=1 XDG_DATA_DIRS=/usr/share/unity:/usr/local/share:/usr/share:/var/lib/snapd/desktop CLUTTER_IM_MODULE=fcitx DBUS_SESSION_BUS_ADDRESS=unix:path=/run/user/1000/bus DEFAULTS_PATH=/usr/share/gconf/unity.default.path DESKTOP_SESSION=unity DISPLAY=:0 GDMSESSION=unity GDM_LANG=zh_CN GNOME_DESKTOP_SESSION_ID=this-is-deprecated GPG_AGENT_INFO=/run/user/1000/gnupg/S.gpg-agent:0:1 GTK2_MODULES=overlay-scrollbar GTK_CSD=0 GTK_IM_MODULE=fcitx IM_CONFIG_PHASE=1 LD_PRELOAD=libgtk3-nocsd.so.0 MANDATORY_PATH=/usr/share/gconf/unity.mandatory.path PWD=/home/woo QT4_IM_MODULE=fcitx QT_IM_MODULE=fcitx QT_QPA_PLATFORMTHEME=appmenu-qt5 SHLVL=1 SSH_AGENT_LAUNCHER=gnome-keyring SSH_AUTH_SOCK=/run/user/1000/keyring/ssh XAUTHORITY=/home/woo/.Xauthority XDG_CONFIG_DIRS=/etc/xdg/xdg-unity:/etc/xdg XDG_CURRENT_DESKTOP=Unity:Unity7:ubuntu XDG_GREETER_DATA_DIR=/var/lib/lightdm-data/woo XDG_SEAT_PATH=/org/freedesktop/DisplayManager/Seat0 XDG_SESSION_CLASS=user XDG_SESSION_DESKTOP=unity XDG_SESSION_PATH=/org/freedesktop/DisplayManager/Session0 XDG_SESSION_TYPE=x11 XMODIFIERS=@im=fcitx _=/usr/bin/dbus-update-activation-environment MANAGERPID=1730 INVOCATION_ID=c7587f4c52ab48a396372a018a56da52 JOURNAL_STREAM=9:43116
woo            -  0.0    -      -     - -        Ssl  19:25   0:00 -
woo            -  0.0    -      -     - -        Ssl  19:25   0:00 -
woo            -  0.0    -      -     - -        Ssl  19:25   0:00 -
woo            -  0.0    -      -     - -        Ssl  19:25   0:00 -
woo         2075  0.0  0.1 598420 25124 ?        -    19:25   0:00 /usr/lib/x86_64-linux-gnu/indicator-datetime/indicator-datetime-service HOME=/home/woo LANG=zh_CN.UTF-8 LANGUAGE=zh_CN:zh:en_US:en LC_ADDRESS=zh_CN.UTF-8 LC_IDENTIFICATION=zh_CN.UTF-8 LC_MEASUREMENT=zh_CN.UTF-8 LC_MONETARY=zh_CN.UTF-8 LC_NAME=zh_CN.UTF-8 LC_NUMERIC=zh_CN.UTF-8 LC_PAPER=zh_CN.UTF-8 LC_TELEPHONE=zh_CN.UTF-8 LC_TIME=zh_CN.UTF-8 LOGNAME=woo PATH=/home/woo/bin:/home/woo/.local/bin:/usr/local/sbin:/usr/local/bin:/usr/sbin:/usr/bin:/sbin:/bin:/usr/games:/usr/local/games:/snap/bin SHELL=/bin/bash USER=woo XDG_RUNTIME_DIR=/run/user/1000 GTK_MODULES=gail:atk-bridge QT_ACCESSIBILITY=1 XDG_DATA_DIRS=/usr/share/unity:/usr/local/share:/usr/share:/var/lib/snapd/desktop CLUTTER_IM_MODULE=fcitx DBUS_SESSION_BUS_ADDRESS=unix:path=/run/user/1000/bus DEFAULTS_PATH=/usr/share/gconf/unity.default.path DESKTOP_SESSION=unity DISPLAY=:0 GDMSESSION=unity GDM_LANG=zh_CN GNOME_DESKTOP_SESSION_ID=this-is-deprecated GPG_AGENT_INFO=/run/user/1000/gnupg/S.gpg-agent:0:1 GTK2_MODULES=overlay-scrollbar GTK_CSD=0 GTK_IM_MODULE=fcitx IM_CONFIG_PHASE=1 LD_PRELOAD=libgtk3-nocsd.so.0 MANDATORY_PATH=/usr/share/gconf/unity.mandatory.path PWD=/home/woo QT4_IM_MODULE=fcitx QT_IM_MODULE=fcitx QT_QPA_PLATFORMTHEME=appmenu-qt5 SHLVL=1 SSH_AGENT_LAUNCHER=gnome-keyring SSH_AUTH_SOCK=/run/user/1000/keyring/ssh XAUTHORITY=/home/woo/.Xauthority XDG_CONFIG_DIRS=/etc/xdg/xdg-unity:/etc/xdg XDG_CURRENT_DESKTOP=Unity:Unity7:ubuntu XDG_GREETER_DATA_DIR=/var/lib/lightdm-data/woo XDG_SEAT_PATH=/org/freedesktop/DisplayManager/Seat0 XDG_SESSION_CLASS=user XDG_SESSION_DESKTOP=unity XDG_SESSION_PATH=/org/freedesktop/DisplayManager/Session0 XDG_SESSION_TYPE=x11 XMODIFIERS=@im=fcitx _=/usr/bin/dbus-update-activation-environment MANAGERPID=1730 INVOCATION_ID=d13921ff552947e5829a47638688723a JOURNAL_STREAM=9:42321
woo            -  0.0    -      -     - -        Ssl  19:25   0:00 -
woo            -  0.0    -      -     - -        Ssl  19:25   0:00 -
woo            -  0.0    -      -     - -        Ssl  19:25   0:00 -
woo            -  0.0    -      -     - -        Ssl  19:25   0:00 -
woo            -  0.0    -      -     - -        Ssl  19:25   0:00 -
woo            -  0.0    -      -     - -        Ssl  19:25   0:00 -
woo         2076  0.0  0.1 503048 40908 ?        -    19:25   0:00 /usr/lib/x86_64-linux-gnu/indicator-keyboard/indicator-keyboard-service --use-gtk HOME=/home/woo LANG=zh_CN.UTF-8 LANGUAGE=zh_CN:zh:en_US:en LC_ADDRESS=zh_CN.UTF-8 LC_IDENTIFICATION=zh_CN.UTF-8 LC_MEASUREMENT=zh_CN.UTF-8 LC_MONETARY=zh_CN.UTF-8 LC_NAME=zh_CN.UTF-8 LC_NUMERIC=zh_CN.UTF-8 LC_PAPER=zh_CN.UTF-8 LC_TELEPHONE=zh_CN.UTF-8 LC_TIME=zh_CN.UTF-8 LOGNAME=woo PATH=/home/woo/bin:/home/woo/.local/bin:/usr/local/sbin:/usr/local/bin:/usr/sbin:/usr/bin:/sbin:/bin:/usr/games:/usr/local/games:/snap/bin SHELL=/bin/bash USER=woo XDG_RUNTIME_DIR=/run/user/1000 GTK_MODULES=gail:atk-bridge QT_ACCESSIBILITY=1 XDG_DATA_DIRS=/usr/share/unity:/usr/local/share:/usr/share:/var/lib/snapd/desktop CLUTTER_IM_MODULE=fcitx DBUS_SESSION_BUS_ADDRESS=unix:path=/run/user/1000/bus DEFAULTS_PATH=/usr/share/gconf/unity.default.path DESKTOP_SESSION=unity DISPLAY=:0 GDMSESSION=unity GDM_LANG=zh_CN GNOME_DESKTOP_SESSION_ID=this-is-deprecated GPG_AGENT_INFO=/run/user/1000/gnupg/S.gpg-agent:0:1 GTK2_MODULES=overlay-scrollbar GTK_CSD=0 GTK_IM_MODULE=fcitx IM_CONFIG_PHASE=1 LD_PRELOAD=libgtk3-nocsd.so.0 MANDATORY_PATH=/usr/share/gconf/unity.mandatory.path PWD=/home/woo QT4_IM_MODULE=fcitx QT_IM_MODULE=fcitx QT_QPA_PLATFORMTHEME=appmenu-qt5 SHLVL=1 SSH_AGENT_LAUNCHER=gnome-keyring SSH_AUTH_SOCK=/run/user/1000/keyring/ssh XAUTHORITY=/home/woo/.Xauthority XDG_CONFIG_DIRS=/etc/xdg/xdg-unity:/etc/xdg XDG_CURRENT_DESKTOP=Unity:Unity7:ubuntu XDG_GREETER_DATA_DIR=/var/lib/lightdm-data/woo XDG_SEAT_PATH=/org/freedesktop/DisplayManager/Seat0 XDG_SESSION_CLASS=user XDG_SESSION_DESKTOP=unity XDG_SESSION_PATH=/org/freedesktop/DisplayManager/Session0 XDG_SESSION_TYPE=x11 XMODIFIERS=@im=fcitx _=/usr/bin/dbus-update-activation-environment MANAGERPID=1730 INVOCATION_ID=b5041a5aef4a438c8a7a36677f2dc9e7 JOURNAL_STREAM=9:44113
woo            -  0.0    -      -     - -        Ssl  19:25   0:00 -
woo            -  0.0    -      -     - -        Ssl  19:25   0:00 -
woo            -  0.0    -      -     - -        Ssl  19:25   0:00 -
woo            -  0.0    -      -     - -        Ssl  19:25   0:00 -
woo         2077  0.0  0.0 318916  9080 ?        -    19:25   0:00 /usr/lib/x86_64-linux-gnu/indicator-messages/indicator-messages-service HOME=/home/woo LANG=zh_CN.UTF-8 LANGUAGE=zh_CN:zh:en_US:en LC_ADDRESS=zh_CN.UTF-8 LC_IDENTIFICATION=zh_CN.UTF-8 LC_MEASUREMENT=zh_CN.UTF-8 LC_MONETARY=zh_CN.UTF-8 LC_NAME=zh_CN.UTF-8 LC_NUMERIC=zh_CN.UTF-8 LC_PAPER=zh_CN.UTF-8 LC_TELEPHONE=zh_CN.UTF-8 LC_TIME=zh_CN.UTF-8 LOGNAME=woo PATH=/home/woo/bin:/home/woo/.local/bin:/usr/local/sbin:/usr/local/bin:/usr/sbin:/usr/bin:/sbin:/bin:/usr/games:/usr/local/games:/snap/bin SHELL=/bin/bash USER=woo XDG_RUNTIME_DIR=/run/user/1000 GTK_MODULES=gail:atk-bridge QT_ACCESSIBILITY=1 XDG_DATA_DIRS=/usr/share/unity:/usr/local/share:/usr/share:/var/lib/snapd/desktop CLUTTER_IM_MODULE=fcitx DBUS_SESSION_BUS_ADDRESS=unix:path=/run/user/1000/bus DEFAULTS_PATH=/usr/share/gconf/unity.default.path DESKTOP_SESSION=unity DISPLAY=:0 GDMSESSION=unity GDM_LANG=zh_CN GNOME_DESKTOP_SESSION_ID=this-is-deprecated GPG_AGENT_INFO=/run/user/1000/gnupg/S.gpg-agent:0:1 GTK2_MODULES=overlay-scrollbar GTK_CSD=0 GTK_IM_MODULE=fcitx IM_CONFIG_PHASE=1 LD_PRELOAD=libgtk3-nocsd.so.0 MANDATORY_PATH=/usr/share/gconf/unity.mandatory.path PWD=/home/woo QT4_IM_MODULE=fcitx QT_IM_MODULE=fcitx QT_QPA_PLATFORMTHEME=appmenu-qt5 SHLVL=1 SSH_AGENT_LAUNCHER=gnome-keyring SSH_AUTH_SOCK=/run/user/1000/keyring/ssh XAUTHORITY=/home/woo/.Xauthority XDG_CONFIG_DIRS=/etc/xdg/xdg-unity:/etc/xdg XDG_CURRENT_DESKTOP=Unity:Unity7:ubuntu XDG_GREETER_DATA_DIR=/var/lib/lightdm-data/woo XDG_SEAT_PATH=/org/freedesktop/DisplayManager/Seat0 XDG_SESSION_CLASS=user XDG_SESSION_DESKTOP=unity XDG_SESSION_PATH=/org/freedesktop/DisplayManager/Session0 XDG_SESSION_TYPE=x11 XMODIFIERS=@im=fcitx _=/usr/bin/dbus-update-activation-environment MANAGERPID=1730 INVOCATION_ID=507c178e021247c9b3268579427e41ab JOURNAL_STREAM=9:42364
woo            -  0.0    -      -     - -        Ssl  19:25   0:00 -
woo            -  0.0    -      -     - -        Ssl  19:25   0:00 -
woo            -  0.0    -      -     - -        Ssl  19:25   0:00 -
woo            -  0.0    -      -     - -        Ssl  19:25   0:00 -
woo         2078  0.0  0.0 392616  7580 ?        -    19:25   0:00 /usr/lib/x86_64-linux-gnu/indicator-power/indicator-power-service HOME=/home/woo LANG=zh_CN.UTF-8 LANGUAGE=zh_CN:zh:en_US:en LC_ADDRESS=zh_CN.UTF-8 LC_IDENTIFICATION=zh_CN.UTF-8 LC_MEASUREMENT=zh_CN.UTF-8 LC_MONETARY=zh_CN.UTF-8 LC_NAME=zh_CN.UTF-8 LC_NUMERIC=zh_CN.UTF-8 LC_PAPER=zh_CN.UTF-8 LC_TELEPHONE=zh_CN.UTF-8 LC_TIME=zh_CN.UTF-8 LOGNAME=woo PATH=/home/woo/bin:/home/woo/.local/bin:/usr/local/sbin:/usr/local/bin:/usr/sbin:/usr/bin:/sbin:/bin:/usr/games:/usr/local/games:/snap/bin SHELL=/bin/bash USER=woo XDG_RUNTIME_DIR=/run/user/1000 GTK_MODULES=gail:atk-bridge QT_ACCESSIBILITY=1 XDG_DATA_DIRS=/usr/share/unity:/usr/local/share:/usr/share:/var/lib/snapd/desktop CLUTTER_IM_MODULE=fcitx DBUS_SESSION_BUS_ADDRESS=unix:path=/run/user/1000/bus DEFAULTS_PATH=/usr/share/gconf/unity.default.path DESKTOP_SESSION=unity DISPLAY=:0 GDMSESSION=unity GDM_LANG=zh_CN GNOME_DESKTOP_SESSION_ID=this-is-deprecated GPG_AGENT_INFO=/run/user/1000/gnupg/S.gpg-agent:0:1 GTK2_MODULES=overlay-scrollbar GTK_CSD=0 GTK_IM_MODULE=fcitx IM_CONFIG_PHASE=1 LD_PRELOAD=libgtk3-nocsd.so.0 MANDATORY_PATH=/usr/share/gconf/unity.mandatory.path PWD=/home/woo QT4_IM_MODULE=fcitx QT_IM_MODULE=fcitx QT_QPA_PLATFORMTHEME=appmenu-qt5 SHLVL=1 SSH_AGENT_LAUNCHER=gnome-keyring SSH_AUTH_SOCK=/run/user/1000/keyring/ssh XAUTHORITY=/home/woo/.Xauthority XDG_CONFIG_DIRS=/etc/xdg/xdg-unity:/etc/xdg XDG_CURRENT_DESKTOP=Unity:Unity7:ubuntu XDG_GREETER_DATA_DIR=/var/lib/lightdm-data/woo XDG_SEAT_PATH=/org/freedesktop/DisplayManager/Seat0 XDG_SESSION_CLASS=user XDG_SESSION_DESKTOP=unity XDG_SESSION_PATH=/org/freedesktop/DisplayManager/Session0 XDG_SESSION_TYPE=x11 XMODIFIERS=@im=fcitx _=/usr/bin/dbus-update-activation-environment MANAGERPID=1730 INVOCATION_ID=7f83cfdc6d0c4487942e8e8d8900fe26 JOURNAL_STREAM=9:42406
woo            -  0.0    -      -     - -        Ssl  19:25   0:00 -
woo            -  0.0    -      -     - -        Ssl  19:25   0:00 -
woo            -  0.0    -      -     - -        Ssl  19:25   0:00 -
woo            -  0.0    -      -     - -        Ssl  19:25   0:00 -
woo         2079  0.0  0.1 281288 28376 ?        -    19:25   0:00 /usr/lib/x86_64-linux-gnu/indicator-printers/indicator-printers-service HOME=/home/woo LANG=zh_CN.UTF-8 LANGUAGE=zh_CN:zh:en_US:en LC_ADDRESS=zh_CN.UTF-8 LC_IDENTIFICATION=zh_CN.UTF-8 LC_MEASUREMENT=zh_CN.UTF-8 LC_MONETARY=zh_CN.UTF-8 LC_NAME=zh_CN.UTF-8 LC_NUMERIC=zh_CN.UTF-8 LC_PAPER=zh_CN.UTF-8 LC_TELEPHONE=zh_CN.UTF-8 LC_TIME=zh_CN.UTF-8 LOGNAME=woo PATH=/home/woo/bin:/home/woo/.local/bin:/usr/local/sbin:/usr/local/bin:/usr/sbin:/usr/bin:/sbin:/bin:/usr/games:/usr/local/games:/snap/bin SHELL=/bin/bash USER=woo XDG_RUNTIME_DIR=/run/user/1000 GTK_MODULES=gail:atk-bridge QT_ACCESSIBILITY=1 XDG_DATA_DIRS=/usr/share/unity:/usr/local/share:/usr/share:/var/lib/snapd/desktop CLUTTER_IM_MODULE=fcitx DBUS_SESSION_BUS_ADDRESS=unix:path=/run/user/1000/bus DEFAULTS_PATH=/usr/share/gconf/unity.default.path DESKTOP_SESSION=unity DISPLAY=:0 GDMSESSION=unity GDM_LANG=zh_CN GNOME_DESKTOP_SESSION_ID=this-is-deprecated GPG_AGENT_INFO=/run/user/1000/gnupg/S.gpg-agent:0:1 GTK2_MODULES=overlay-scrollbar GTK_CSD=0 GTK_IM_MODULE=fcitx IM_CONFIG_PHASE=1 LD_PRELOAD=libgtk3-nocsd.so.0 MANDATORY_PATH=/usr/share/gconf/unity.mandatory.path PWD=/home/woo QT4_IM_MODULE=fcitx QT_IM_MODULE=fcitx QT_QPA_PLATFORMTHEME=appmenu-qt5 SHLVL=1 SSH_AGENT_LAUNCHER=gnome-keyring SSH_AUTH_SOCK=/run/user/1000/keyring/ssh XAUTHORITY=/home/woo/.Xauthority XDG_CONFIG_DIRS=/etc/xdg/xdg-unity:/etc/xdg XDG_CURRENT_DESKTOP=Unity:Unity7:ubuntu XDG_GREETER_DATA_DIR=/var/lib/lightdm-data/woo XDG_SEAT_PATH=/org/freedesktop/DisplayManager/Seat0 XDG_SESSION_CLASS=user XDG_SESSION_DESKTOP=unity XDG_SESSION_PATH=/org/freedesktop/DisplayManager/Session0 XDG_SESSION_TYPE=x11 XMODIFIERS=@im=fcitx _=/usr/bin/dbus-update-activation-environment MANAGERPID=1730 INVOCATION_ID=aa2b2ce397ec48d1996f0e511fa1dca7 JOURNAL_STREAM=9:42448
woo            -  0.0    -      -     - -        Ssl  19:25   0:00 -
woo            -  0.0    -      -     - -        Ssl  19:25   0:00 -
woo            -  0.0    -      -     - -        Ssl  19:25   0:00 -
woo         2080  0.0  0.0 866460  8448 ?        -    19:25   0:00 /usr/lib/x86_64-linux-gnu/indicator-session/indicator-session-service HOME=/home/woo LANG=zh_CN.UTF-8 LANGUAGE=zh_CN:zh:en_US:en LC_ADDRESS=zh_CN.UTF-8 LC_IDENTIFICATION=zh_CN.UTF-8 LC_MEASUREMENT=zh_CN.UTF-8 LC_MONETARY=zh_CN.UTF-8 LC_NAME=zh_CN.UTF-8 LC_NUMERIC=zh_CN.UTF-8 LC_PAPER=zh_CN.UTF-8 LC_TELEPHONE=zh_CN.UTF-8 LC_TIME=zh_CN.UTF-8 LOGNAME=woo PATH=/home/woo/bin:/home/woo/.local/bin:/usr/local/sbin:/usr/local/bin:/usr/sbin:/usr/bin:/sbin:/bin:/usr/games:/usr/local/games:/snap/bin SHELL=/bin/bash USER=woo XDG_RUNTIME_DIR=/run/user/1000 GTK_MODULES=gail:atk-bridge QT_ACCESSIBILITY=1 XDG_DATA_DIRS=/usr/share/unity:/usr/local/share:/usr/share:/var/lib/snapd/desktop CLUTTER_IM_MODULE=fcitx DBUS_SESSION_BUS_ADDRESS=unix:path=/run/user/1000/bus DEFAULTS_PATH=/usr/share/gconf/unity.default.path DESKTOP_SESSION=unity DISPLAY=:0 GDMSESSION=unity GDM_LANG=zh_CN GNOME_DESKTOP_SESSION_ID=this-is-deprecated GPG_AGENT_INFO=/run/user/1000/gnupg/S.gpg-agent:0:1 GTK2_MODULES=overlay-scrollbar GTK_CSD=0 GTK_IM_MODULE=fcitx IM_CONFIG_PHASE=1 LD_PRELOAD=libgtk3-nocsd.so.0 MANDATORY_PATH=/usr/share/gconf/unity.mandatory.path PWD=/home/woo QT4_IM_MODULE=fcitx QT_IM_MODULE=fcitx QT_QPA_PLATFORMTHEME=appmenu-qt5 SHLVL=1 SSH_AGENT_LAUNCHER=gnome-keyring SSH_AUTH_SOCK=/run/user/1000/keyring/ssh XAUTHORITY=/home/woo/.Xauthority XDG_CONFIG_DIRS=/etc/xdg/xdg-unity:/etc/xdg XDG_CURRENT_DESKTOP=Unity:Unity7:ubuntu XDG_GREETER_DATA_DIR=/var/lib/lightdm-data/woo XDG_SEAT_PATH=/org/freedesktop/DisplayManager/Seat0 XDG_SESSION_CLASS=user XDG_SESSION_DESKTOP=unity XDG_SESSION_PATH=/org/freedesktop/DisplayManager/Session0 XDG_SESSION_TYPE=x11 XMODIFIERS=@im=fcitx _=/usr/bin/dbus-update-activation-environment MANAGERPID=1730 INVOCATION_ID=40bee7f13dbd42ba82249778d559234e JOURNAL_STREAM=9:42490
woo            -  0.0    -      -     - -        Ssl  19:25   0:00 -
woo            -  0.0    -      -     - -        Ssl  19:25   0:00 -
woo            -  0.0    -      -     - -        Ssl  19:25   0:00 -
woo            -  0.0    -      -     - -        Ssl  19:25   0:00 -
woo         2081  0.0  0.0 853756 12224 ?        -    19:25   0:00 /usr/lib/x86_64-linux-gnu/indicator-sound/indicator-sound-service HOME=/home/woo LANG=zh_CN.UTF-8 LANGUAGE=zh_CN:zh:en_US:en LC_ADDRESS=zh_CN.UTF-8 LC_IDENTIFICATION=zh_CN.UTF-8 LC_MEASUREMENT=zh_CN.UTF-8 LC_MONETARY=zh_CN.UTF-8 LC_NAME=zh_CN.UTF-8 LC_NUMERIC=zh_CN.UTF-8 LC_PAPER=zh_CN.UTF-8 LC_TELEPHONE=zh_CN.UTF-8 LC_TIME=zh_CN.UTF-8 LOGNAME=woo PATH=/home/woo/bin:/home/woo/.local/bin:/usr/local/sbin:/usr/local/bin:/usr/sbin:/usr/bin:/sbin:/bin:/usr/games:/usr/local/games:/snap/bin SHELL=/bin/bash USER=woo XDG_RUNTIME_DIR=/run/user/1000 GTK_MODULES=gail:atk-bridge QT_ACCESSIBILITY=1 XDG_DATA_DIRS=/usr/share/unity:/usr/local/share:/usr/share:/var/lib/snapd/desktop CLUTTER_IM_MODULE=fcitx DBUS_SESSION_BUS_ADDRESS=unix:path=/run/user/1000/bus DEFAULTS_PATH=/usr/share/gconf/unity.default.path DESKTOP_SESSION=unity DISPLAY=:0 GDMSESSION=unity GDM_LANG=zh_CN GNOME_DESKTOP_SESSION_ID=this-is-deprecated GPG_AGENT_INFO=/run/user/1000/gnupg/S.gpg-agent:0:1 GTK2_MODULES=overlay-scrollbar GTK_CSD=0 GTK_IM_MODULE=fcitx IM_CONFIG_PHASE=1 LD_PRELOAD=libgtk3-nocsd.so.0 MANDATORY_PATH=/usr/share/gconf/unity.mandatory.path PWD=/home/woo QT4_IM_MODULE=fcitx QT_IM_MODULE=fcitx QT_QPA_PLATFORMTHEME=appmenu-qt5 SHLVL=1 SSH_AGENT_LAUNCHER=gnome-keyring SSH_AUTH_SOCK=/run/user/1000/keyring/ssh XAUTHORITY=/home/woo/.Xauthority XDG_CONFIG_DIRS=/etc/xdg/xdg-unity:/etc/xdg XDG_CURRENT_DESKTOP=Unity:Unity7:ubuntu XDG_GREETER_DATA_DIR=/var/lib/lightdm-data/woo XDG_SEAT_PATH=/org/freedesktop/DisplayManager/Seat0 XDG_SESSION_CLASS=user XDG_SESSION_DESKTOP=unity XDG_SESSION_PATH=/org/freedesktop/DisplayManager/Session0 XDG_SESSION_TYPE=x11 XMODIFIERS=@im=fcitx _=/usr/bin/dbus-update-activation-environment MANAGERPID=1730 INVOCATION_ID=7077f71d88cf475a9bce46cdd247e9a8 JOURNAL_STREAM=9:45095
woo            -  0.0    -      -     - -        Ssl  19:25   0:00 -
woo            -  0.0    -      -     - -        Ssl  19:25   0:00 -
woo            -  0.0    -      -     - -        Ssl  19:25   0:00 -
woo            -  0.0    -      -     - -        Ssl  19:25   0:00 -
woo         2088  0.0  0.2 890188 54116 ?        -    19:25   0:00 /usr/lib/unity-settings-daemon/unity-settings-daemon HOME=/home/woo LANG=zh_CN.UTF-8 LANGUAGE=zh_CN:zh:en_US:en LC_ADDRESS=zh_CN.UTF-8 LC_IDENTIFICATION=zh_CN.UTF-8 LC_MEASUREMENT=zh_CN.UTF-8 LC_MONETARY=zh_CN.UTF-8 LC_NAME=zh_CN.UTF-8 LC_NUMERIC=zh_CN.UTF-8 LC_PAPER=zh_CN.UTF-8 LC_TELEPHONE=zh_CN.UTF-8 LC_TIME=zh_CN.UTF-8 LOGNAME=woo PATH=/home/woo/bin:/home/woo/.local/bin:/usr/local/sbin:/usr/local/bin:/usr/sbin:/usr/bin:/sbin:/bin:/usr/games:/usr/local/games:/snap/bin SHELL=/bin/bash USER=woo XDG_RUNTIME_DIR=/run/user/1000 GTK_MODULES=gail:atk-bridge QT_ACCESSIBILITY=1 XDG_DATA_DIRS=/usr/share/unity:/usr/local/share:/usr/share:/var/lib/snapd/desktop CLUTTER_IM_MODULE=fcitx DBUS_SESSION_BUS_ADDRESS=unix:path=/run/user/1000/bus DEFAULTS_PATH=/usr/share/gconf/unity.default.path DESKTOP_SESSION=unity DISPLAY=:0 GDMSESSION=unity GDM_LANG=zh_CN GNOME_DESKTOP_SESSION_ID=this-is-deprecated GPG_AGENT_INFO=/run/user/1000/gnupg/S.gpg-agent:0:1 GTK2_MODULES=overlay-scrollbar GTK_CSD=0 GTK_IM_MODULE=fcitx IM_CONFIG_PHASE=1 LD_PRELOAD=libgtk3-nocsd.so.0 MANDATORY_PATH=/usr/share/gconf/unity.mandatory.path PWD=/home/woo QT4_IM_MODULE=fcitx QT_IM_MODULE=fcitx QT_QPA_PLATFORMTHEME=appmenu-qt5 SHLVL=1 SSH_AGENT_LAUNCHER=gnome-keyring SSH_AUTH_SOCK=/run/user/1000/keyring/ssh XAUTHORITY=/home/woo/.Xauthority XDG_CONFIG_DIRS=/etc/xdg/xdg-unity:/etc/xdg XDG_CURRENT_DESKTOP=Unity:Unity7:ubuntu XDG_GREETER_DATA_DIR=/var/lib/lightdm-data/woo XDG_SEAT_PATH=/org/freedesktop/DisplayManager/Seat0 XDG_SESSION_CLASS=user XDG_SESSION_DESKTOP=unity XDG_SESSION_PATH=/org/freedesktop/DisplayManager/Session0 XDG_SESSION_TYPE=x11 XMODIFIERS=@im=fcitx _=/usr/bin/dbus-update-activation-environment MANAGERPID=1730 INVOCATION_ID=95864901368a46049ed47735c914d748 JOURNAL_STREAM=9:36626
woo            -  0.0    -      -     - -        Ssl  19:25   0:00 -
woo            -  0.0    -      -     - -        Ssl  19:25   0:00 -
woo            -  0.0    -      -     - -        Ssl  19:25   0:00 -
woo            -  0.0    -      -     - -        Ssl  19:25   0:00 -
woo         2099  0.0  0.0 134376 10736 ?        -    19:25   0:00 /usr/lib/x86_64-linux-gnu/hud/window-stack-bridge HOME=/home/woo LANG=zh_CN.UTF-8 LANGUAGE=zh_CN:zh:en_US:en LC_ADDRESS=zh_CN.UTF-8 LC_IDENTIFICATION=zh_CN.UTF-8 LC_MEASUREMENT=zh_CN.UTF-8 LC_MONETARY=zh_CN.UTF-8 LC_NAME=zh_CN.UTF-8 LC_NUMERIC=zh_CN.UTF-8 LC_PAPER=zh_CN.UTF-8 LC_TELEPHONE=zh_CN.UTF-8 LC_TIME=zh_CN.UTF-8 LOGNAME=woo PATH=/home/woo/bin:/home/woo/.local/bin:/usr/local/sbin:/usr/local/bin:/usr/sbin:/usr/bin:/sbin:/bin:/usr/games:/usr/local/games:/snap/bin SHELL=/bin/bash USER=woo XDG_RUNTIME_DIR=/run/user/1000 GTK_MODULES=gail:atk-bridge QT_ACCESSIBILITY=1 XDG_DATA_DIRS=/usr/share/unity:/usr/local/share:/usr/share:/var/lib/snapd/desktop CLUTTER_IM_MODULE=fcitx DBUS_SESSION_BUS_ADDRESS=unix:path=/run/user/1000/bus DEFAULTS_PATH=/usr/share/gconf/unity.default.path DESKTOP_SESSION=unity DISPLAY=:0 GDMSESSION=unity GDM_LANG=zh_CN GNOME_DESKTOP_SESSION_ID=this-is-deprecated GPG_AGENT_INFO=/run/user/1000/gnupg/S.gpg-agent:0:1 GTK2_MODULES=overlay-scrollbar GTK_CSD=0 GTK_IM_MODULE=fcitx IM_CONFIG_PHASE=1 LD_PRELOAD=libgtk3-nocsd.so.0 MANDATORY_PATH=/usr/share/gconf/unity.mandatory.path PWD=/home/woo QT4_IM_MODULE=fcitx QT_IM_MODULE=fcitx QT_QPA_PLATFORMTHEME=appmenu-qt5 SHLVL=1 SSH_AGENT_LAUNCHER=gnome-keyring SSH_AUTH_SOCK=/run/user/1000/keyring/ssh XAUTHORITY=/home/woo/.Xauthority XDG_CONFIG_DIRS=/etc/xdg/xdg-unity:/etc/xdg XDG_CURRENT_DESKTOP=Unity:Unity7:ubuntu XDG_GREETER_DATA_DIR=/var/lib/lightdm-data/woo XDG_SEAT_PATH=/org/freedesktop/DisplayManager/Seat0 XDG_SESSION_CLASS=user XDG_SESSION_DESKTOP=unity XDG_SESSION_PATH=/org/freedesktop/DisplayManager/Session0 XDG_SESSION_TYPE=x11 XMODIFIERS=@im=fcitx _=/usr/bin/dbus-update-activation-environment MANAGERPID=1730 INVOCATION_ID=0479b2ea554e4c1ca670530d1e304b38 JOURNAL_STREAM=9:46110
woo            -  0.0    -      -     - -        Ssl  19:25   0:00 -
woo            -  0.0    -      -     - -        Ssl  19:25   0:00 -
woo         2114  0.0  0.0 490620 16900 ?        -    19:25   0:00 /usr/libexec/gnome-session-binary --systemd --builtin --session=unity LANGUAGE=zh_CN:zh:en_US:en LC_TIME=zh_CN.UTF-8 USER=woo GTK_CSD=0 XDG_SESSION_TYPE=x11 GNOME_SESSION_XDG_SESSION_PATH=/org/freedesktop/DisplayManager/Session0 SHLVL=1 HOME=/home/woo QT4_IM_MODULE=fcitx DESKTOP_SESSION=unity GTK_MODULES=gail:atk-bridge:unity-gtk-module XDG_SEAT_PATH=/org/freedesktop/DisplayManager/Seat0 LC_MONETARY=zh_CN.UTF-8 MANAGERPID=1730 DBUS_SESSION_BUS_ADDRESS=unix:path=/run/user/1000/bus IM_CONFIG_PHASE=1 MANDATORY_PATH=/usr/share/gconf/unity.mandatory.path QT_QPA_PLATFORMTHEME=appmenu-qt5 LOGNAME=woo GTK_IM_MODULE=fcitx _=/usr/bin/dbus-update-activation-environment JOURNAL_STREAM=9:45143 DEFAULTS_PATH=/usr/share/gconf/unity.default.path XDG_SESSION_CLASS=user GNOME_DESKTOP_SESSION_ID=this-is-deprecated GTK2_MODULES=overlay-scrollbar PATH=/home/woo/bin:/home/woo/.local/bin:/usr/local/sbin:/usr/local/bin:/usr/sbin:/usr/bin:/sbin:/bin:/usr/games:/usr/local/games:/snap/bin GDM_LANG=zh_CN INVOCATION_ID=3ac36d52fcaf48dfa03486ca8f335d3a LC_ADDRESS=zh_CN.UTF-8 XDG_RUNTIME_DIR=/run/user/1000 XDG_SESSION_PATH=/org/freedesktop/DisplayManager/Session0 DISPLAY=:0 LANG=zh_CN.UTF-8 LC_TELEPHONE=zh_CN.UTF-8 LD_PRELOAD=libgtk3-nocsd.so.0 XDG_CURRENT_DESKTOP=Unity:Unity7:ubuntu XAUTHORITY=/home/woo/.Xauthority XDG_SESSION_DESKTOP=unity XMODIFIERS=@im=fcitx SSH_AGENT_LAUNCHER=gnome-keyring SSH_AUTH_SOCK=/run/user/1000/keyring/ssh XDG_GREETER_DATA_DIR=/var/lib/lightdm-data/woo LC_NAME=zh_CN.UTF-8 SHELL=/bin/bash QT_ACCESSIBILITY=1 GDMSESSION=unity LC_MEASUREMENT=zh_CN.UTF-8 LC_IDENTIFICATION=zh_CN.UTF-8 GPG_AGENT_INFO=/run/user/1000/gnupg/S.gpg-agent:0:1 QT_IM_MODULE=fcitx PWD=/home/woo XDG_DATA_DIRS=/usr/share/unity:/usr/local/share:/usr/share:/var/lib/snapd/desktop CLUTTER_IM_MODULE=fcitx XDG_CONFIG_DIRS=/etc/xdg/xdg-unity:/etc/xdg LC_NUMERIC=zh_CN.UTF-8 LC_PAPER=zh_CN.UTF-8
woo            -  0.0    -      -     - -        Ssl  19:25   0:00 -
woo            -  0.0    -      -     - -        Ssl  19:25   0:00 -
woo            -  0.0    -      -     - -        Ssl  19:25   0:00 -
woo            -  0.0    -      -     - -        Ssl  19:25   0:00 -
woo         2117  0.0  0.0 307688  6912 ?        -    19:25   0:00 /usr/libexec/at-spi-bus-launcher HOME=/home/woo LANG=zh_CN.UTF-8 LANGUAGE=zh_CN:zh:en_US:en LC_ADDRESS=zh_CN.UTF-8 LC_IDENTIFICATION=zh_CN.UTF-8 LC_MEASUREMENT=zh_CN.UTF-8 LC_MONETARY=zh_CN.UTF-8 LC_NAME=zh_CN.UTF-8 LC_NUMERIC=zh_CN.UTF-8 LC_PAPER=zh_CN.UTF-8 LC_TELEPHONE=zh_CN.UTF-8 LC_TIME=zh_CN.UTF-8 LOGNAME=woo PATH=/home/woo/bin:/home/woo/.local/bin:/usr/local/sbin:/usr/local/bin:/usr/sbin:/usr/bin:/sbin:/bin:/usr/games:/usr/local/games:/snap/bin SHELL=/bin/bash USER=woo XDG_RUNTIME_DIR=/run/user/1000 GTK_MODULES=gail:atk-bridge:unity-gtk-module QT_ACCESSIBILITY=1 XDG_DATA_DIRS=/usr/share/unity:/usr/local/share:/usr/share:/var/lib/snapd/desktop CLUTTER_IM_MODULE=fcitx DBUS_SESSION_BUS_ADDRESS=unix:path=/run/user/1000/bus DEFAULTS_PATH=/usr/share/gconf/unity.default.path DESKTOP_SESSION=unity DISPLAY=:0 GDMSESSION=unity GDM_LANG=zh_CN GNOME_DESKTOP_SESSION_ID=this-is-deprecated GPG_AGENT_INFO=/run/user/1000/gnupg/S.gpg-agent:0:1 GTK2_MODULES=overlay-scrollbar GTK_CSD=0 GTK_IM_MODULE=fcitx IM_CONFIG_PHASE=1 LD_PRELOAD=libgtk3-nocsd.so.0 MANDATORY_PATH=/usr/share/gconf/unity.mandatory.path PWD=/home/woo QT4_IM_MODULE=fcitx QT_IM_MODULE=fcitx QT_QPA_PLATFORMTHEME=appmenu-qt5 SHLVL=1 SSH_AGENT_LAUNCHER=gnome-keyring SSH_AUTH_SOCK=/run/user/1000/keyring/ssh XAUTHORITY=/home/woo/.Xauthority XDG_CONFIG_DIRS=/etc/xdg/xdg-unity:/etc/xdg XDG_CURRENT_DESKTOP=Unity:Unity7:ubuntu XDG_GREETER_DATA_DIR=/var/lib/lightdm-data/woo XDG_SEAT_PATH=/org/freedesktop/DisplayManager/Seat0 XDG_SESSION_CLASS=user XDG_SESSION_DESKTOP=unity XDG_SESSION_PATH=/org/freedesktop/DisplayManager/Session0 XDG_SESSION_TYPE=x11 XMODIFIERS=@im=fcitx _=/usr/bin/dbus-update-activation-environment MANAGERPID=1730 INVOCATION_ID=72cedb083d36466cb3a5a035bfe8d4ae JOURNAL_STREAM=9:41546
woo            -  0.0    -      -     - -        Ssl  19:25   0:00 -
woo            -  0.0    -      -     - -        Ssl  19:25   0:00 -
woo            -  0.0    -      -     - -        Ssl  19:25   0:00 -
woo            -  0.0    -      -     - -        Ssl  19:25   0:00 -
woo         2122  0.0  0.0   9664  4412 ?        -    19:25   0:00 /usr/bin/dbus-daemon --config-file=/usr/share/defaults/at-spi2/accessibility.conf --nofork --print-address 3 HOME=/home/woo LANG=zh_CN.UTF-8 LANGUAGE=zh_CN:zh:en_US:en LC_ADDRESS=zh_CN.UTF-8 LC_IDENTIFICATION=zh_CN.UTF-8 LC_MEASUREMENT=zh_CN.UTF-8 LC_MONETARY=zh_CN.UTF-8 LC_NAME=zh_CN.UTF-8 LC_NUMERIC=zh_CN.UTF-8 LC_PAPER=zh_CN.UTF-8 LC_TELEPHONE=zh_CN.UTF-8 LC_TIME=zh_CN.UTF-8 LOGNAME=woo PATH=/home/woo/bin:/home/woo/.local/bin:/usr/local/sbin:/usr/local/bin:/usr/sbin:/usr/bin:/sbin:/bin:/usr/games:/usr/local/games:/snap/bin SHELL=/bin/bash USER=woo XDG_RUNTIME_DIR=/run/user/1000 GTK_MODULES=gail:atk-bridge:unity-gtk-module QT_ACCESSIBILITY=1 XDG_DATA_DIRS=/usr/share/unity:/usr/local/share:/usr/share:/var/lib/snapd/desktop CLUTTER_IM_MODULE=fcitx DBUS_SESSION_BUS_ADDRESS=unix:path=/run/user/1000/bus DEFAULTS_PATH=/usr/share/gconf/unity.default.path DESKTOP_SESSION=unity DISPLAY=:0 GDMSESSION=unity GDM_LANG=zh_CN GNOME_DESKTOP_SESSION_ID=this-is-deprecated GPG_AGENT_INFO=/run/user/1000/gnupg/S.gpg-agent:0:1 GTK2_MODULES=overlay-scrollbar GTK_CSD=0 GTK_IM_MODULE=fcitx IM_CONFIG_PHASE=1 LD_PRELOAD=libgtk3-nocsd.so.0 MANDATORY_PATH=/usr/share/gconf/unity.mandatory.path PWD=/home/woo QT4_IM_MODULE=fcitx QT_IM_MODULE=fcitx QT_QPA_PLATFORMTHEME=appmenu-qt5 SHLVL=1 SSH_AGENT_LAUNCHER=gnome-keyring SSH_AUTH_SOCK=/run/user/1000/keyring/ssh XAUTHORITY=/home/woo/.Xauthority XDG_CONFIG_DIRS=/etc/xdg/xdg-unity:/etc/xdg XDG_CURRENT_DESKTOP=Unity:Unity7:ubuntu XDG_GREETER_DATA_DIR=/var/lib/lightdm-data/woo XDG_SEAT_PATH=/org/freedesktop/DisplayManager/Seat0 XDG_SESSION_CLASS=user XDG_SESSION_DESKTOP=unity XDG_SESSION_PATH=/org/freedesktop/DisplayManager/Session0 XDG_SESSION_TYPE=x11 XMODIFIERS=@im=fcitx _=/usr/bin/dbus-update-activation-environment MANAGERPID=1730 INVOCATION_ID=72cedb083d36466cb3a5a035bfe8d4ae JOURNAL_STREAM=9:41546
woo            -  0.0    -      -     - -        S    19:25   0:00 -
woo         2127  0.0  0.0 164904  7172 ?        -    19:25   0:00 /usr/libexec/at-spi2-registryd --use-gnome-session XDG_RUNTIME_DIR=/run/user/1000 XMODIFIERS=@im=fcitx XDG_GREETER_DATA_DIR=/var/lib/lightdm-data/woo XDG_SESSION_TYPE=x11 DBUS_SESSION_BUS_ADDRESS=unix:path=/run/user/1000/bus USER=woo QT_IM_MODULE=fcitx XAUTHORITY=/home/woo/.Xauthority DBUS_STARTER_BUS_TYPE=accessibility LC_ADDRESS=zh_CN.UTF-8 SHLVL=1 XDG_SESSION_DESKTOP=unity SHELL=/bin/bash QT_ACCESSIBILITY=1 LC_NAME=zh_CN.UTF-8 GTK_CSD=0 LC_MEASUREMENT=zh_CN.UTF-8 LC_TIME=zh_CN.UTF-8 LC_MONETARY=zh_CN.UTF-8 XDG_DATA_DIRS=/usr/share/unity:/usr/local/share:/usr/share:/var/lib/snapd/desktop LANGUAGE=zh_CN:zh:en_US:en IM_CONFIG_PHASE=1 QT4_IM_MODULE=fcitx LC_TELEPHONE=zh_CN.UTF-8 GTK2_MODULES=overlay-scrollbar PWD=/home/woo _=/usr/bin/dbus-update-activation-environment HOME=/home/woo DBUS_STARTER_ADDRESS=unix:abstract=/tmp/dbus-NA1NGQ7FKm,guid=176492ea7b7bcb484516c1d46286292c CLUTTER_IM_MODULE=fcitx DISPLAY=:0 LD_PRELOAD=libgtk3-nocsd.so.0 LC_PAPER=zh_CN.UTF-8 SSH_AUTH_SOCK=/run/user/1000/keyring/ssh LC_NUMERIC=zh_CN.UTF-8 PATH=/home/woo/bin:/home/woo/.local/bin:/usr/local/sbin:/usr/local/bin:/usr/sbin:/usr/bin:/sbin:/bin:/usr/games:/usr/local/games:/snap/bin GTK_MODULES=gail:atk-bridge:unity-gtk-module GDMSESSION=unity GNOME_DESKTOP_SESSION_ID=this-is-deprecated GTK_IM_MODULE=fcitx JOURNAL_STREAM=9:41546 GPG_AGENT_INFO=/run/user/1000/gnupg/S.gpg-agent:0:1 INVOCATION_ID=72cedb083d36466cb3a5a035bfe8d4ae MANDATORY_PATH=/usr/share/gconf/unity.mandatory.path XDG_SESSION_CLASS=user LANG=zh_CN.UTF-8 LOGNAME=woo SSH_AGENT_LAUNCHER=gnome-keyring XDG_SESSION_PATH=/org/freedesktop/DisplayManager/Session0 DEFAULTS_PATH=/usr/share/gconf/unity.default.path XDG_CURRENT_DESKTOP=Unity:Unity7:ubuntu DESKTOP_SESSION=unity LC_IDENTIFICATION=zh_CN.UTF-8 XDG_SEAT_PATH=/org/freedesktop/DisplayManager/Seat0 GDM_LANG=zh_CN QT_QPA_PLATFORMTHEME=appmenu-qt5 MANAGERPID=1730 XDG_CONFIG_DIRS=/etc/xdg/xdg-unity:/etc/xdg
woo            -  0.0    -      -     - -        Sl   19:25   0:00 -
woo            -  0.0    -      -     - -        Sl   19:25   0:00 -
woo            -  0.0    -      -     - -        Sl   19:25   0:00 -
woo         2136  0.0  0.1 396224 26228 ?        -    19:25   0:00 /usr/libexec/evolution-source-registry HOME=/home/woo LANG=zh_CN.UTF-8 LANGUAGE=zh_CN:zh:en_US:en LC_ADDRESS=zh_CN.UTF-8 LC_IDENTIFICATION=zh_CN.UTF-8 LC_MEASUREMENT=zh_CN.UTF-8 LC_MONETARY=zh_CN.UTF-8 LC_NAME=zh_CN.UTF-8 LC_NUMERIC=zh_CN.UTF-8 LC_PAPER=zh_CN.UTF-8 LC_TELEPHONE=zh_CN.UTF-8 LC_TIME=zh_CN.UTF-8 LOGNAME=woo PATH=/home/woo/bin:/home/woo/.local/bin:/usr/local/sbin:/usr/local/bin:/usr/sbin:/usr/bin:/sbin:/bin:/usr/games:/usr/local/games:/snap/bin SHELL=/bin/bash USER=woo XDG_RUNTIME_DIR=/run/user/1000 GTK_MODULES=gail:atk-bridge:unity-gtk-module QT_ACCESSIBILITY=1 XDG_DATA_DIRS=/usr/share/unity:/usr/local/share:/usr/share:/var/lib/snapd/desktop CLUTTER_IM_MODULE=fcitx DBUS_SESSION_BUS_ADDRESS=unix:path=/run/user/1000/bus DEFAULTS_PATH=/usr/share/gconf/unity.default.path DESKTOP_SESSION=unity DISPLAY=:0 GDMSESSION=unity GDM_LANG=zh_CN GNOME_DESKTOP_SESSION_ID=this-is-deprecated GPG_AGENT_INFO=/run/user/1000/gnupg/S.gpg-agent:0:1 GTK2_MODULES=overlay-scrollbar GTK_CSD=0 GTK_IM_MODULE=fcitx IM_CONFIG_PHASE=1 LD_PRELOAD=libgtk3-nocsd.so.0 MANDATORY_PATH=/usr/share/gconf/unity.mandatory.path PWD=/home/woo QT4_IM_MODULE=fcitx QT_IM_MODULE=fcitx QT_QPA_PLATFORMTHEME=appmenu-qt5 SHLVL=1 SSH_AGENT_LAUNCHER=gnome-keyring SSH_AUTH_SOCK=/run/user/1000/keyring/ssh XAUTHORITY=/home/woo/.Xauthority XDG_CONFIG_DIRS=/etc/xdg/xdg-unity:/etc/xdg XDG_CURRENT_DESKTOP=Unity:Unity7:ubuntu XDG_GREETER_DATA_DIR=/var/lib/lightdm-data/woo XDG_SEAT_PATH=/org/freedesktop/DisplayManager/Seat0 XDG_SESSION_CLASS=user XDG_SESSION_DESKTOP=unity XDG_SESSION_PATH=/org/freedesktop/DisplayManager/Session0 XDG_SESSION_TYPE=x11 XMODIFIERS=@im=fcitx _=/usr/bin/dbus-update-activation-environment MANAGERPID=1730 INVOCATION_ID=3a464a512a41468a8b1d11cef64abe17 JOURNAL_STREAM=9:42599
woo            -  0.0    -      -     - -        Ssl  19:25   0:00 -
woo            -  0.0    -      -     - -        Ssl  19:25   0:00 -
woo            -  0.0    -      -     - -        Ssl  19:25   0:00 -
woo            -  0.0    -      -     - -        Ssl  19:25   0:00 -
woo         2189  0.0  0.0   8720  2888 ?        -    19:25   0:00 syndaemon -i 1.0 -t -K -R HOME=/home/woo LANG=zh_CN.UTF-8 LANGUAGE=zh_CN:zh:en_US:en LC_ADDRESS=zh_CN.UTF-8 LC_IDENTIFICATION=zh_CN.UTF-8 LC_MEASUREMENT=zh_CN.UTF-8 LC_MONETARY=zh_CN.UTF-8 LC_NAME=zh_CN.UTF-8 LC_NUMERIC=zh_CN.UTF-8 LC_PAPER=zh_CN.UTF-8 LC_TELEPHONE=zh_CN.UTF-8 LC_TIME=zh_CN.UTF-8 LOGNAME=woo PATH=/home/woo/bin:/home/woo/.local/bin:/usr/local/sbin:/usr/local/bin:/usr/sbin:/usr/bin:/sbin:/bin:/usr/games:/usr/local/games:/snap/bin SHELL=/bin/bash USER=woo XDG_RUNTIME_DIR=/run/user/1000 GTK_MODULES=gail:atk-bridge QT_ACCESSIBILITY=1 XDG_DATA_DIRS=/usr/share/unity:/usr/local/share:/usr/share:/var/lib/snapd/desktop CLUTTER_IM_MODULE=fcitx DBUS_SESSION_BUS_ADDRESS=unix:path=/run/user/1000/bus DEFAULTS_PATH=/usr/share/gconf/unity.default.path DESKTOP_SESSION=unity DISPLAY=:0 GDMSESSION=unity GDM_LANG=zh_CN GNOME_DESKTOP_SESSION_ID=this-is-deprecated GPG_AGENT_INFO=/run/user/1000/gnupg/S.gpg-agent:0:1 GTK2_MODULES=overlay-scrollbar GTK_CSD=0 GTK_IM_MODULE=fcitx IM_CONFIG_PHASE=1 LD_PRELOAD=libgtk3-nocsd.so.0 MANDATORY_PATH=/usr/share/gconf/unity.mandatory.path PWD=/home/woo QT4_IM_MODULE=fcitx QT_IM_MODULE=fcitx QT_QPA_PLATFORMTHEME=appmenu-qt5 SHLVL=1 SSH_AGENT_LAUNCHER=gnome-keyring SSH_AUTH_SOCK=/run/user/1000/keyring/ssh XAUTHORITY=/home/woo/.Xauthority XDG_CONFIG_DIRS=/etc/xdg/xdg-unity:/etc/xdg XDG_CURRENT_DESKTOP=Unity:Unity7:ubuntu XDG_GREETER_DATA_DIR=/var/lib/lightdm-data/woo XDG_SEAT_PATH=/org/freedesktop/DisplayManager/Seat0 XDG_SESSION_CLASS=user XDG_SESSION_DESKTOP=unity XDG_SESSION_PATH=/org/freedesktop/DisplayManager/Session0 XDG_SESSION_TYPE=x11 XMODIFIERS=@im=fcitx _=/usr/bin/dbus-update-activation-environment MANAGERPID=1730 INVOCATION_ID=95864901368a46049ed47735c914d748 JOURNAL_STREAM=9:36626
woo            -  0.0    -      -     - -        S    19:25   0:00 -
woo         2195  0.0  0.0 158648  6112 ?        -    19:25   0:00 /usr/libexec/dconf-service UNITY_DEFAULT_PROFILE=unity XDG_RUNTIME_DIR=/run/user/1000 SESSION_MANAGER=local/woo-TUF-Gaming-FX505GE-FX86FE:@/tmp/.ICE-unix/2114,unix/woo-TUF-Gaming-FX505GE-FX86FE:/tmp/.ICE-unix/2114 XMODIFIERS=@im=fcitx XDG_GREETER_DATA_DIR=/var/lib/lightdm-data/woo XDG_SESSION_TYPE=x11 DBUS_SESSION_BUS_ADDRESS=unix:path=/run/user/1000/bus,guid=841bd7833e939c7315573a2662862926 QT_IM_MODULE=fcitx USER=woo XAUTHORITY=/home/woo/.Xauthority LC_ADDRESS=zh_CN.UTF-8 DBUS_STARTER_BUS_TYPE=session SHLVL=1 XDG_MENU_PREFIX=gnome- XDG_SESSION_DESKTOP=unity SHELL=/bin/bash QT_ACCESSIBILITY=1 LC_NAME=zh_CN.UTF-8 GTK_CSD=0 LC_MEASUREMENT=zh_CN.UTF-8 LC_TIME=zh_CN.UTF-8 LC_MONETARY=zh_CN.UTF-8 XDG_DATA_DIRS=/usr/share/unity:/usr/local/share:/usr/share:/var/lib/snapd/desktop LANGUAGE=zh_CN:zh:en_US:en QT4_IM_MODULE=fcitx IM_CONFIG_PHASE=1 GNOME_SESSION_XDG_SESSION_PATH=/org/freedesktop/DisplayManager/Session0 LC_TELEPHONE=zh_CN.UTF-8 GTK2_MODULES=overlay-scrollbar PWD=/home/woo _=/usr/bin/dbus-update-activation-environment HOME=/home/woo CLUTTER_IM_MODULE=fcitx DBUS_STARTER_ADDRESS=unix:path=/run/user/1000/bus,guid=841bd7833e939c7315573a2662862926 DISPLAY=:0 LD_PRELOAD=libgtk3-nocsd.so.0 SSH_AUTH_SOCK=/run/user/1000/keyring/ssh LC_PAPER=zh_CN.UTF-8 LC_NUMERIC=zh_CN.UTF-8 PATH=/home/woo/bin:/home/woo/.local/bin:/usr/local/sbin:/usr/local/bin:/usr/sbin:/usr/bin:/sbin:/bin:/usr/games:/usr/local/games:/snap/bin GNOME_DESKTOP_SESSION_ID=this-is-deprecated GDMSESSION=unity GTK_MODULES=gail:atk-bridge:unity-gtk-module GTK_IM_MODULE=fcitx JOURNAL_STREAM=9:45143 GPG_AGENT_INFO=/run/user/1000/gnupg/S.gpg-agent:0:1 INVOCATION_ID=3ac36d52fcaf48dfa03486ca8f335d3a COMPIZ_CONFIG_PROFILE=ubuntu XDG_SESSION_CLASS=user MANDATORY_PATH=/usr/share/gconf/unity.mandatory.path LANG=zh_CN.UTF-8 LOGNAME=woo UNITY_HAS_3D_SUPPORT=true SSH_AGENT_LAUNCHER=gnome-keyring DEFAULTS_PATH=/usr/share/gconf/unity.default.path XDG_SESSION_PATH=/org/freedesktop/DisplayManager/Session0 XDG_CURRENT_DESKTOP=Unity:Unity7:ubuntu DESKTOP_SESSION=unity LC_IDENTIFICATION=zh_CN.UTF-8 XDG_SEAT_PATH=/org/freedesktop/DisplayManager/Seat0 QT_QPA_PLATFORMTHEME=appmenu-qt5 GDM_LANG=zh_CN MANAGERPID=1730 XDG_CONFIG_DIRS=/etc/xdg/xdg-unity:/etc/xdg
woo            -  0.0    -      -     - -        Sl   19:25   0:00 -
woo            -  0.0    -      -     - -        Sl   19:25   0:00 -
woo            -  0.0    -      -     - -        Sl   19:25   0:00 -
woo         2209  0.0  0.1 844656 31212 ?        -    19:25   0:00 /usr/libexec/evolution-calendar-factory HOME=/home/woo LANG=zh_CN.UTF-8 LANGUAGE=zh_CN:zh:en_US:en LC_ADDRESS=zh_CN.UTF-8 LC_IDENTIFICATION=zh_CN.UTF-8 LC_MEASUREMENT=zh_CN.UTF-8 LC_MONETARY=zh_CN.UTF-8 LC_NAME=zh_CN.UTF-8 LC_NUMERIC=zh_CN.UTF-8 LC_PAPER=zh_CN.UTF-8 LC_TELEPHONE=zh_CN.UTF-8 LC_TIME=zh_CN.UTF-8 LOGNAME=woo PATH=/home/woo/bin:/home/woo/.local/bin:/usr/local/sbin:/usr/local/bin:/usr/sbin:/usr/bin:/sbin:/bin:/usr/games:/usr/local/games:/snap/bin SHELL=/bin/bash USER=woo XDG_RUNTIME_DIR=/run/user/1000 GTK_MODULES=gail:atk-bridge:unity-gtk-module QT_ACCESSIBILITY=1 XDG_DATA_DIRS=/usr/share/unity:/usr/local/share:/usr/share:/var/lib/snapd/desktop CLUTTER_IM_MODULE=fcitx COMPIZ_CONFIG_PROFILE=ubuntu DBUS_SESSION_BUS_ADDRESS=unix:path=/run/user/1000/bus DEFAULTS_PATH=/usr/share/gconf/unity.default.path DESKTOP_SESSION=unity DISPLAY=:0 GDMSESSION=unity GDM_LANG=zh_CN GNOME_DESKTOP_SESSION_ID=this-is-deprecated GNOME_SESSION_XDG_SESSION_PATH=/org/freedesktop/DisplayManager/Session0 GPG_AGENT_INFO=/run/user/1000/gnupg/S.gpg-agent:0:1 GTK2_MODULES=overlay-scrollbar GTK_CSD=0 GTK_IM_MODULE=fcitx IM_CONFIG_PHASE=1 LD_PRELOAD=libgtk3-nocsd.so.0 MANDATORY_PATH=/usr/share/gconf/unity.mandatory.path PWD=/home/woo QT4_IM_MODULE=fcitx QT_IM_MODULE=fcitx QT_QPA_PLATFORMTHEME=appmenu-qt5 SESSION_MANAGER=local/woo-TUF-Gaming-FX505GE-FX86FE:@/tmp/.ICE-unix/2114,unix/woo-TUF-Gaming-FX505GE-FX86FE:/tmp/.ICE-unix/2114 SHLVL=1 SSH_AGENT_LAUNCHER=gnome-keyring SSH_AUTH_SOCK=/run/user/1000/keyring/ssh UNITY_DEFAULT_PROFILE=unity UNITY_HAS_3D_SUPPORT=true XAUTHORITY=/home/woo/.Xauthority XDG_CONFIG_DIRS=/etc/xdg/xdg-unity:/etc/xdg XDG_CURRENT_DESKTOP=Unity:Unity7:ubuntu XDG_GREETER_DATA_DIR=/var/lib/lightdm-data/woo XDG_MENU_PREFIX=gnome- XDG_SEAT_PATH=/org/freedesktop/DisplayManager/Seat0 XDG_SESSION_CLASS=user XDG_SESSION_DESKTOP=unity XDG_SESSION_PATH=/org/freedesktop/DisplayManager/Session0 XDG_SESSION_TYPE=x11 XMODIFIERS=@im=fcitx _=/usr/bin/dbus-update-activation-environment MANAGERPID=1730 INVOCATION_ID=5ea0588d2d1e4f8b8b35a2f7861e962c JOURNAL_STREAM=9:47144
woo            -  0.0    -      -     - -        Ssl  19:25   0:00 -
woo            -  0.0    -      -     - -        Ssl  19:25   0:00 -
woo            -  0.0    -      -     - -        Ssl  19:25   0:00 -
woo            -  0.0    -      -     - -        Ssl  19:25   0:00 -
woo            -  0.0    -      -     - -        Ssl  19:25   0:00 -
woo            -  0.0    -      -     - -        Ssl  19:25   0:00 -
woo            -  0.0    -      -     - -        Ssl  19:25   0:00 -
woo            -  0.0    -      -     - -        Ssl  19:25   0:00 -
woo            -  0.0    -      -     - -        Ssl  19:25   0:00 -
woo         2216  6.6  0.6 2137096 155420 ?      -    19:25   1:08 /usr/bin/compiz HOME=/home/woo LANG=zh_CN.UTF-8 LANGUAGE=zh_CN:zh:en_US:en LC_ADDRESS=zh_CN.UTF-8 LC_IDENTIFICATION=zh_CN.UTF-8 LC_MEASUREMENT=zh_CN.UTF-8 LC_MONETARY=zh_CN.UTF-8 LC_NAME=zh_CN.UTF-8 LC_NUMERIC=zh_CN.UTF-8 LC_PAPER=zh_CN.UTF-8 LC_TELEPHONE=zh_CN.UTF-8 LC_TIME=zh_CN.UTF-8 LOGNAME=woo PATH=/home/woo/bin:/home/woo/.local/bin:/usr/local/sbin:/usr/local/bin:/usr/sbin:/usr/bin:/sbin:/bin:/usr/games:/usr/local/games:/snap/bin SHELL=/bin/bash USER=woo XDG_RUNTIME_DIR=/run/user/1000 GTK_MODULES=gail:atk-bridge:unity-gtk-module QT_ACCESSIBILITY=1 XDG_DATA_DIRS=/usr/share/unity:/usr/local/share:/usr/share:/var/lib/snapd/desktop CLUTTER_IM_MODULE=fcitx COMPIZ_CONFIG_PROFILE=ubuntu DBUS_SESSION_BUS_ADDRESS=unix:path=/run/user/1000/bus DEFAULTS_PATH=/usr/share/gconf/unity.default.path DESKTOP_SESSION=unity DISPLAY=:0 GDMSESSION=unity GDM_LANG=zh_CN GNOME_DESKTOP_SESSION_ID=this-is-deprecated GNOME_SESSION_XDG_SESSION_PATH=/org/freedesktop/DisplayManager/Session0 GPG_AGENT_INFO=/run/user/1000/gnupg/S.gpg-agent:0:1 GTK2_MODULES=overlay-scrollbar GTK_CSD=0 GTK_IM_MODULE=fcitx IM_CONFIG_PHASE=1 LD_PRELOAD=libgtk3-nocsd.so.0 MANDATORY_PATH=/usr/share/gconf/unity.mandatory.path PWD=/home/woo QT4_IM_MODULE=fcitx QT_IM_MODULE=fcitx QT_QPA_PLATFORMTHEME=appmenu-qt5 SESSION_MANAGER=local/woo-TUF-Gaming-FX505GE-FX86FE:@/tmp/.ICE-unix/2114,unix/woo-TUF-Gaming-FX505GE-FX86FE:/tmp/.ICE-unix/2114 SHLVL=1 SSH_AGENT_LAUNCHER=gnome-keyring SSH_AUTH_SOCK=/run/user/1000/keyring/ssh UNITY_DEFAULT_PROFILE=unity UNITY_HAS_3D_SUPPORT=true XAUTHORITY=/home/woo/.Xauthority XDG_CONFIG_DIRS=/etc/xdg/xdg-unity:/etc/xdg XDG_CURRENT_DESKTOP=Unity:Unity7:ubuntu XDG_GREETER_DATA_DIR=/var/lib/lightdm-data/woo XDG_MENU_PREFIX=gnome- XDG_SEAT_PATH=/org/freedesktop/DisplayManager/Seat0 XDG_SESSION_CLASS=user XDG_SESSION_DESKTOP=unity XDG_SESSION_PATH=/org/freedesktop/DisplayManager/Session0 XDG_SESSION_TYPE=x11 XMODIFIERS=@im=fcitx _=/usr/bin/dbus-update-activation-environment MANAGERPID=1730 INVOCATION_ID=94d34bfda7c34a9bb37f36913fd8c00c JOURNAL_STREAM=9:45632
woo            -  6.5    -      -     - -        Ssl  19:25   1:07 -
woo            -  0.0    -      -     - -        Ssl  19:25   0:00 -
woo            -  0.0    -      -     - -        Ssl  19:25   0:00 -
woo            -  0.0    -      -     - -        Ssl  19:25   0:00 -
woo            -  0.0    -      -     - -        SNsl 19:25   0:00 -
woo            -  0.0    -      -     - -        Ssl  19:25   0:00 -
woo            -  0.0    -      -     - -        Ssl  19:25   0:00 -
woo            -  0.0    -      -     - -        Ssl  19:25   0:00 -
woo            -  0.0    -      -     - -        Ssl  19:25   0:00 -
woo            -  0.0    -      -     - -        Ssl  19:25   0:00 -
woo            -  0.0    -      -     - -        Ssl  19:25   0:00 -
woo            -  0.0    -      -     - -        Ssl  19:25   0:00 -
woo            -  0.0    -      -     - -        Ssl  19:25   0:00 -
woo            -  0.0    -      -     - -        Ssl  19:25   0:00 -
woo            -  0.0    -      -     - -        Ssl  19:30   0:00 -
woo            -  0.0    -      -     - -        Ssl  19:30   0:00 -
woo            -  0.0    -      -     - -        Ssl  19:30   0:00 -
woo            -  0.0    -      -     - -        Ssl  19:30   0:00 -
woo            -  0.0    -      -     - -        Ssl  19:30   0:00 -
woo            -  0.0    -      -     - -        Ssl  19:30   0:00 -
woo            -  0.0    -      -     - -        Ssl  19:30   0:00 -
woo            -  0.0    -      -     - -        Ssl  19:30   0:00 -
woo         2223  0.1  0.1 391988 38592 ?        -    19:25   0:01 /usr/lib/x86_64-linux-gnu/unity/unity-panel-service HOME=/home/woo LANG=zh_CN.UTF-8 LANGUAGE=zh_CN:zh:en_US:en LC_ADDRESS=zh_CN.UTF-8 LC_IDENTIFICATION=zh_CN.UTF-8 LC_MEASUREMENT=zh_CN.UTF-8 LC_MONETARY=zh_CN.UTF-8 LC_NAME=zh_CN.UTF-8 LC_NUMERIC=zh_CN.UTF-8 LC_PAPER=zh_CN.UTF-8 LC_TELEPHONE=zh_CN.UTF-8 LC_TIME=zh_CN.UTF-8 LOGNAME=woo PATH=/home/woo/bin:/home/woo/.local/bin:/usr/local/sbin:/usr/local/bin:/usr/sbin:/usr/bin:/sbin:/bin:/usr/games:/usr/local/games:/snap/bin SHELL=/bin/bash USER=woo XDG_RUNTIME_DIR=/run/user/1000 GTK_MODULES=gail:atk-bridge:unity-gtk-module QT_ACCESSIBILITY=1 XDG_DATA_DIRS=/usr/share/unity:/usr/local/share:/usr/share:/var/lib/snapd/desktop CLUTTER_IM_MODULE=fcitx COMPIZ_CONFIG_PROFILE=ubuntu DBUS_SESSION_BUS_ADDRESS=unix:path=/run/user/1000/bus DEFAULTS_PATH=/usr/share/gconf/unity.default.path DESKTOP_SESSION=unity DISPLAY=:0 GDMSESSION=unity GDM_LANG=zh_CN GNOME_DESKTOP_SESSION_ID=this-is-deprecated GNOME_SESSION_XDG_SESSION_PATH=/org/freedesktop/DisplayManager/Session0 GPG_AGENT_INFO=/run/user/1000/gnupg/S.gpg-agent:0:1 GTK2_MODULES=overlay-scrollbar GTK_CSD=0 GTK_IM_MODULE=fcitx IM_CONFIG_PHASE=1 LD_PRELOAD=libgtk3-nocsd.so.0 MANDATORY_PATH=/usr/share/gconf/unity.mandatory.path PWD=/home/woo QT4_IM_MODULE=fcitx QT_IM_MODULE=fcitx QT_QPA_PLATFORMTHEME=appmenu-qt5 SESSION_MANAGER=local/woo-TUF-Gaming-FX505GE-FX86FE:@/tmp/.ICE-unix/2114,unix/woo-TUF-Gaming-FX505GE-FX86FE:/tmp/.ICE-unix/2114 SHLVL=1 SSH_AGENT_LAUNCHER=gnome-keyring SSH_AUTH_SOCK=/run/user/1000/keyring/ssh UNITY_DEFAULT_PROFILE=unity UNITY_HAS_3D_SUPPORT=true XAUTHORITY=/home/woo/.Xauthority XDG_CONFIG_DIRS=/etc/xdg/xdg-unity:/etc/xdg XDG_CURRENT_DESKTOP=Unity:Unity7:ubuntu XDG_GREETER_DATA_DIR=/var/lib/lightdm-data/woo XDG_MENU_PREFIX=gnome- XDG_SEAT_PATH=/org/freedesktop/DisplayManager/Seat0 XDG_SESSION_CLASS=user XDG_SESSION_DESKTOP=unity XDG_SESSION_PATH=/org/freedesktop/DisplayManager/Session0 XDG_SESSION_TYPE=x11 XMODIFIERS=@im=fcitx _=/usr/bin/dbus-update-activation-environment MANAGERPID=1730 INVOCATION_ID=d9b2e5e72c7c405e8bd4651e16ef7f29 JOURNAL_STREAM=9:46284
woo            -  0.0    -      -     - -        Ssl  19:25   0:00 -
woo            -  0.0    -      -     - -        Ssl  19:25   0:00 -
woo            -  0.0    -      -     - -        Ssl  19:25   0:00 -
woo            -  0.0    -      -     - -        Ssl  19:25   0:00 -
woo         2236  0.0  0.1 753192 34072 ?        -    19:25   0:00 /usr/libexec/evolution-addressbook-factory HOME=/home/woo LANG=zh_CN.UTF-8 LANGUAGE=zh_CN:zh:en_US:en LC_ADDRESS=zh_CN.UTF-8 LC_IDENTIFICATION=zh_CN.UTF-8 LC_MEASUREMENT=zh_CN.UTF-8 LC_MONETARY=zh_CN.UTF-8 LC_NAME=zh_CN.UTF-8 LC_NUMERIC=zh_CN.UTF-8 LC_PAPER=zh_CN.UTF-8 LC_TELEPHONE=zh_CN.UTF-8 LC_TIME=zh_CN.UTF-8 LOGNAME=woo PATH=/home/woo/bin:/home/woo/.local/bin:/usr/local/sbin:/usr/local/bin:/usr/sbin:/usr/bin:/sbin:/bin:/usr/games:/usr/local/games:/snap/bin SHELL=/bin/bash USER=woo XDG_RUNTIME_DIR=/run/user/1000 GTK_MODULES=gail:atk-bridge:unity-gtk-module QT_ACCESSIBILITY=1 XDG_DATA_DIRS=/usr/share/unity:/usr/local/share:/usr/share:/var/lib/snapd/desktop CLUTTER_IM_MODULE=fcitx COMPIZ_CONFIG_PROFILE=ubuntu DBUS_SESSION_BUS_ADDRESS=unix:path=/run/user/1000/bus DEFAULTS_PATH=/usr/share/gconf/unity.default.path DESKTOP_SESSION=unity DISPLAY=:0 GDMSESSION=unity GDM_LANG=zh_CN GNOME_DESKTOP_SESSION_ID=this-is-deprecated GNOME_SESSION_XDG_SESSION_PATH=/org/freedesktop/DisplayManager/Session0 GPG_AGENT_INFO=/run/user/1000/gnupg/S.gpg-agent:0:1 GTK2_MODULES=overlay-scrollbar GTK_CSD=0 GTK_IM_MODULE=fcitx IM_CONFIG_PHASE=1 LD_PRELOAD=libgtk3-nocsd.so.0 MANDATORY_PATH=/usr/share/gconf/unity.mandatory.path PWD=/home/woo QT4_IM_MODULE=fcitx QT_IM_MODULE=fcitx QT_QPA_PLATFORMTHEME=appmenu-qt5 SESSION_MANAGER=local/woo-TUF-Gaming-FX505GE-FX86FE:@/tmp/.ICE-unix/2114,unix/woo-TUF-Gaming-FX505GE-FX86FE:/tmp/.ICE-unix/2114 SHLVL=1 SSH_AGENT_LAUNCHER=gnome-keyring SSH_AUTH_SOCK=/run/user/1000/keyring/ssh UNITY_DEFAULT_PROFILE=unity UNITY_HAS_3D_SUPPORT=true XAUTHORITY=/home/woo/.Xauthority XDG_CONFIG_DIRS=/etc/xdg/xdg-unity:/etc/xdg XDG_CURRENT_DESKTOP=Unity:Unity7:ubuntu XDG_GREETER_DATA_DIR=/var/lib/lightdm-data/woo XDG_MENU_PREFIX=gnome- XDG_SEAT_PATH=/org/freedesktop/DisplayManager/Seat0 XDG_SESSION_CLASS=user XDG_SESSION_DESKTOP=unity XDG_SESSION_PATH=/org/freedesktop/DisplayManager/Session0 XDG_SESSION_TYPE=x11 XMODIFIERS=@im=fcitx _=/usr/bin/dbus-update-activation-environment MANAGERPID=1730 INVOCATION_ID=ee821edcd12f44c7b22689754f30c510 JOURNAL_STREAM=9:43274
woo            -  0.0    -      -     - -        Ssl  19:25   0:00 -
woo            -  0.0    -      -     - -        Ssl  19:25   0:00 -
woo            -  0.0    -      -     - -        Ssl  19:25   0:00 -
woo            -  0.0    -      -     - -        Ssl  19:25   0:00 -
woo            -  0.0    -      -     - -        Ssl  19:25   0:00 -
woo            -  0.0    -      -     - -        Ssl  19:25   0:00 -
woo         2285  0.0  0.0 242048  5864 ?        -    19:25   0:00 /usr/libexec/geoclue-2.0/demos/agent LANGUAGE=zh_CN:zh:en_US:en LC_TIME=zh_CN.UTF-8 USER=woo GTK_CSD=0 XDG_SESSION_TYPE=x11 GNOME_SESSION_XDG_SESSION_PATH=/org/freedesktop/DisplayManager/Session0 SHLVL=1 HOME=/home/woo QT4_IM_MODULE=fcitx DESKTOP_SESSION=unity GIO_LAUNCHED_DESKTOP_FILE=/etc/xdg/autostart/geoclue-demo-agent.desktop GTK_MODULES=gail:atk-bridge:unity-gtk-module XDG_SEAT_PATH=/org/freedesktop/DisplayManager/Seat0 LC_MONETARY=zh_CN.UTF-8 MANAGERPID=1730 DBUS_SESSION_BUS_ADDRESS=unix:path=/run/user/1000/bus GIO_LAUNCHED_DESKTOP_FILE_PID=2285 IM_CONFIG_PHASE=1 MANDATORY_PATH=/usr/share/gconf/unity.mandatory.path QT_QPA_PLATFORMTHEME=appmenu-qt5 LOGNAME=woo GTK_IM_MODULE=fcitx _=/usr/bin/dbus-update-activation-environment JOURNAL_STREAM=9:45143 DESKTOP_AUTOSTART_ID=1023ce07522c2560d6165295953544871400000021140020 DEFAULTS_PATH=/usr/share/gconf/unity.default.path XDG_SESSION_CLASS=user GNOME_DESKTOP_SESSION_ID=this-is-deprecated GTK2_MODULES=overlay-scrollbar PATH=/home/woo/bin:/home/woo/.local/bin:/usr/local/sbin:/usr/local/bin:/usr/sbin:/usr/bin:/sbin:/bin:/usr/games:/usr/local/games:/snap/bin GDM_LANG=zh_CN INVOCATION_ID=3ac36d52fcaf48dfa03486ca8f335d3a SESSION_MANAGER=local/woo-TUF-Gaming-FX505GE-FX86FE:@/tmp/.ICE-unix/2114,unix/woo-TUF-Gaming-FX505GE-FX86FE:/tmp/.ICE-unix/2114 LC_ADDRESS=zh_CN.UTF-8 XDG_RUNTIME_DIR=/run/user/1000 XDG_SESSION_PATH=/org/freedesktop/DisplayManager/Session0 XDG_MENU_PREFIX=gnome- DISPLAY=:0 LANG=zh_CN.UTF-8 LC_TELEPHONE=zh_CN.UTF-8 LD_PRELOAD=libgtk3-nocsd.so.0 XDG_CURRENT_DESKTOP=Unity:Unity7:ubuntu XAUTHORITY=/home/woo/.Xauthority XDG_SESSION_DESKTOP=unity XMODIFIERS=@im=fcitx SSH_AGENT_LAUNCHER=gnome-keyring SSH_AUTH_SOCK=/run/user/1000/keyring/ssh XDG_GREETER_DATA_DIR=/var/lib/lightdm-data/woo LC_NAME=zh_CN.UTF-8 SHELL=/bin/bash QT_ACCESSIBILITY=1 GDMSESSION=unity LC_MEASUREMENT=zh_CN.UTF-8 LC_IDENTIFICATION=zh_CN.UTF-8 GPG_AGENT_INFO=/run/user/1000/gnupg/S.gpg-agent:0:1 QT_IM_MODULE=fcitx PWD=/home/woo XDG_DATA_DIRS=/usr/share/unity:/usr/local/share:/usr/share:/var/lib/snapd/desktop CLUTTER_IM_MODULE=fcitx XDG_CONFIG_DIRS=/etc/xdg/xdg-unity:/etc/xdg LC_NUMERIC=zh_CN.UTF-8 LC_PAPER=zh_CN.UTF-8
woo            -  0.0    -      -     - -        Sl   19:25   0:00 -
woo            -  0.0    -      -     - -        Sl   19:25   0:00 -
woo            -  0.0    -      -     - -        Sl   19:25   0:00 -
woo         2288  0.0  0.2 641488 58068 ?        -    19:25   0:00 /usr/libexec/evolution-data-server/evolution-alarm-notify LANGUAGE=zh_CN:zh:en_US:en LC_TIME=zh_CN.UTF-8 USER=woo GTK_CSD=0 XDG_SESSION_TYPE=x11 GNOME_SESSION_XDG_SESSION_PATH=/org/freedesktop/DisplayManager/Session0 SHLVL=1 HOME=/home/woo QT4_IM_MODULE=fcitx DESKTOP_SESSION=unity GIO_LAUNCHED_DESKTOP_FILE=/etc/xdg/autostart/org.gnome.Evolution-alarm-notify.desktop GTK_MODULES=gail:atk-bridge:unity-gtk-module XDG_SEAT_PATH=/org/freedesktop/DisplayManager/Seat0 LC_MONETARY=zh_CN.UTF-8 MANAGERPID=1730 DBUS_SESSION_BUS_ADDRESS=unix:path=/run/user/1000/bus GIO_LAUNCHED_DESKTOP_FILE_PID=2288 IM_CONFIG_PHASE=1 MANDATORY_PATH=/usr/share/gconf/unity.mandatory.path QT_QPA_PLATFORMTHEME=appmenu-qt5 LOGNAME=woo GTK_IM_MODULE=fcitx _=/usr/bin/dbus-update-activation-environment JOURNAL_STREAM=9:45143 DESKTOP_AUTOSTART_ID=1023ce07522c2560d6165295953495335400000021140009 DEFAULTS_PATH=/usr/share/gconf/unity.default.path XDG_SESSION_CLASS=user GNOME_DESKTOP_SESSION_ID=this-is-deprecated GTK2_MODULES=overlay-scrollbar PATH=/home/woo/bin:/home/woo/.local/bin:/usr/local/sbin:/usr/local/bin:/usr/sbin:/usr/bin:/sbin:/bin:/usr/games:/usr/local/games:/snap/bin GDM_LANG=zh_CN INVOCATION_ID=3ac36d52fcaf48dfa03486ca8f335d3a SESSION_MANAGER=local/woo-TUF-Gaming-FX505GE-FX86FE:@/tmp/.ICE-unix/2114,unix/woo-TUF-Gaming-FX505GE-FX86FE:/tmp/.ICE-unix/2114 LC_ADDRESS=zh_CN.UTF-8 XDG_RUNTIME_DIR=/run/user/1000 XDG_SESSION_PATH=/org/freedesktop/DisplayManager/Session0 XDG_MENU_PREFIX=gnome- DISPLAY=:0 LANG=zh_CN.UTF-8 LC_TELEPHONE=zh_CN.UTF-8 LD_PRELOAD=libgtk3-nocsd.so.0 XDG_CURRENT_DESKTOP=Unity:Unity7:ubuntu XAUTHORITY=/home/woo/.Xauthority XDG_SESSION_DESKTOP=unity XMODIFIERS=@im=fcitx SSH_AGENT_LAUNCHER=gnome-keyring SSH_AUTH_SOCK=/run/user/1000/keyring/ssh XDG_GREETER_DATA_DIR=/var/lib/lightdm-data/woo LC_NAME=zh_CN.UTF-8 SHELL=/bin/bash QT_ACCESSIBILITY=1 GDMSESSION=unity LC_MEASUREMENT=zh_CN.UTF-8 LC_IDENTIFICATION=zh_CN.UTF-8 GPG_AGENT_INFO=/run/user/1000/gnupg/S.gpg-agent:0:1 QT_IM_MODULE=fcitx PWD=/home/woo XDG_DATA_DIRS=/usr/share/unity:/usr/local/share:/usr/share:/var/lib/snapd/desktop CLUTTER_IM_MODULE=fcitx XDG_CONFIG_DIRS=/etc/xdg/xdg-unity:/etc/xdg LC_NUMERIC=zh_CN.UTF-8 LC_PAPER=zh_CN.UTF-8
woo            -  0.0    -      -     - -        Sl   19:25   0:00 -
woo            -  0.0    -      -     - -        Sl   19:25   0:00 -
woo            -  0.0    -      -     - -        Sl   19:25   0:00 -
woo            -  0.0    -      -     - -        Sl   19:25   0:00 -
woo            -  0.0    -      -     - -        Sl   19:25   0:00 -
woo            -  0.0    -      -     - -        Sl   19:25   0:00 -
woo         2290  0.0  0.1 476632 43768 ?        -    19:25   0:00 nm-applet LANGUAGE=zh_CN:zh:en_US:en LC_TIME=zh_CN.UTF-8 USER=woo GTK_CSD=0 XDG_SESSION_TYPE=x11 GNOME_SESSION_XDG_SESSION_PATH=/org/freedesktop/DisplayManager/Session0 SHLVL=1 HOME=/home/woo QT4_IM_MODULE=fcitx DESKTOP_SESSION=unity GIO_LAUNCHED_DESKTOP_FILE=/etc/xdg/autostart/nm-applet.desktop GTK_MODULES=gail:atk-bridge:unity-gtk-module XDG_SEAT_PATH=/org/freedesktop/DisplayManager/Seat0 LC_MONETARY=zh_CN.UTF-8 MANAGERPID=1730 DBUS_SESSION_BUS_ADDRESS=unix:path=/run/user/1000/bus GIO_LAUNCHED_DESKTOP_FILE_PID=2290 IM_CONFIG_PHASE=1 MANDATORY_PATH=/usr/share/gconf/unity.mandatory.path QT_QPA_PLATFORMTHEME=appmenu-qt5 LOGNAME=woo GTK_IM_MODULE=fcitx _=/usr/bin/dbus-update-activation-environment JOURNAL_STREAM=9:45143 DESKTOP_AUTOSTART_ID=1023ce07522c2560d6165295953590780900000021140039 DEFAULTS_PATH=/usr/share/gconf/unity.default.path XDG_SESSION_CLASS=user GNOME_DESKTOP_SESSION_ID=this-is-deprecated GTK2_MODULES=overlay-scrollbar PATH=/home/woo/bin:/home/woo/.local/bin:/usr/local/sbin:/usr/local/bin:/usr/sbin:/usr/bin:/sbin:/bin:/usr/games:/usr/local/games:/snap/bin GDM_LANG=zh_CN INVOCATION_ID=3ac36d52fcaf48dfa03486ca8f335d3a SESSION_MANAGER=local/woo-TUF-Gaming-FX505GE-FX86FE:@/tmp/.ICE-unix/2114,unix/woo-TUF-Gaming-FX505GE-FX86FE:/tmp/.ICE-unix/2114 LC_ADDRESS=zh_CN.UTF-8 XDG_RUNTIME_DIR=/run/user/1000 XDG_SESSION_PATH=/org/freedesktop/DisplayManager/Session0 XDG_MENU_PREFIX=gnome- DISPLAY=:0 LANG=zh_CN.UTF-8 LC_TELEPHONE=zh_CN.UTF-8 LD_PRELOAD=libgtk3-nocsd.so.0 XDG_CURRENT_DESKTOP=Unity:Unity7:ubuntu XAUTHORITY=/home/woo/.Xauthority XDG_SESSION_DESKTOP=unity XMODIFIERS=@im=fcitx SSH_AGENT_LAUNCHER=gnome-keyring SSH_AUTH_SOCK=/run/user/1000/keyring/ssh XDG_GREETER_DATA_DIR=/var/lib/lightdm-data/woo LC_NAME=zh_CN.UTF-8 SHELL=/bin/bash QT_ACCESSIBILITY=1 GDMSESSION=unity LC_MEASUREMENT=zh_CN.UTF-8 LC_IDENTIFICATION=zh_CN.UTF-8 GPG_AGENT_INFO=/run/user/1000/gnupg/S.gpg-agent:0:1 QT_IM_MODULE=fcitx PWD=/home/woo XDG_DATA_DIRS=/usr/share/unity:/usr/local/share:/usr/share:/var/lib/snapd/desktop CLUTTER_IM_MODULE=fcitx XDG_CONFIG_DIRS=/etc/xdg/xdg-unity:/etc/xdg LC_NUMERIC=zh_CN.UTF-8 LC_PAPER=zh_CN.UTF-8
woo            -  0.0    -      -     - -        Sl   19:25   0:00 -
woo            -  0.0    -      -     - -        Sl   19:25   0:00 -
woo            -  0.0    -      -     - -        Sl   19:25   0:00 -
woo            -  0.0    -      -     - -        Sl   19:25   0:00 -
woo         2291  0.0  0.1 420496 24624 ?        -    19:25   0:00 /usr/lib/unity-settings-daemon/unity-fallback-mount-helper LANGUAGE=zh_CN:zh:en_US:en LC_TIME=zh_CN.UTF-8 USER=woo GTK_CSD=0 XDG_SESSION_TYPE=x11 GNOME_SESSION_XDG_SESSION_PATH=/org/freedesktop/DisplayManager/Session0 SHLVL=1 HOME=/home/woo QT4_IM_MODULE=fcitx DESKTOP_SESSION=unity GIO_LAUNCHED_DESKTOP_FILE=/etc/xdg/autostart/unity-fallback-mount-helper.desktop GTK_MODULES=gail:atk-bridge:unity-gtk-module XDG_SEAT_PATH=/org/freedesktop/DisplayManager/Seat0 LC_MONETARY=zh_CN.UTF-8 MANAGERPID=1730 DBUS_SESSION_BUS_ADDRESS=unix:path=/run/user/1000/bus GIO_LAUNCHED_DESKTOP_FILE_PID=2291 IM_CONFIG_PHASE=1 MANDATORY_PATH=/usr/share/gconf/unity.mandatory.path QT_QPA_PLATFORMTHEME=appmenu-qt5 LOGNAME=woo GTK_IM_MODULE=fcitx _=/usr/bin/dbus-update-activation-environment JOURNAL_STREAM=9:45143 DESKTOP_AUTOSTART_ID=1023ce07522c2560d6165295953580860300000021140030 DEFAULTS_PATH=/usr/share/gconf/unity.default.path XDG_SESSION_CLASS=user GNOME_DESKTOP_SESSION_ID=this-is-deprecated GTK2_MODULES=overlay-scrollbar PATH=/home/woo/bin:/home/woo/.local/bin:/usr/local/sbin:/usr/local/bin:/usr/sbin:/usr/bin:/sbin:/bin:/usr/games:/usr/local/games:/snap/bin GDM_LANG=zh_CN INVOCATION_ID=3ac36d52fcaf48dfa03486ca8f335d3a SESSION_MANAGER=local/woo-TUF-Gaming-FX505GE-FX86FE:@/tmp/.ICE-unix/2114,unix/woo-TUF-Gaming-FX505GE-FX86FE:/tmp/.ICE-unix/2114 LC_ADDRESS=zh_CN.UTF-8 XDG_RUNTIME_DIR=/run/user/1000 XDG_SESSION_PATH=/org/freedesktop/DisplayManager/Session0 XDG_MENU_PREFIX=gnome- DISPLAY=:0 LANG=zh_CN.UTF-8 LC_TELEPHONE=zh_CN.UTF-8 LD_PRELOAD=libgtk3-nocsd.so.0 XDG_CURRENT_DESKTOP=Unity:Unity7:ubuntu XAUTHORITY=/home/woo/.Xauthority XDG_SESSION_DESKTOP=unity XMODIFIERS=@im=fcitx SSH_AGENT_LAUNCHER=gnome-keyring SSH_AUTH_SOCK=/run/user/1000/keyring/ssh XDG_GREETER_DATA_DIR=/var/lib/lightdm-data/woo LC_NAME=zh_CN.UTF-8 SHELL=/bin/bash QT_ACCESSIBILITY=1 GDMSESSION=unity LC_MEASUREMENT=zh_CN.UTF-8 LC_IDENTIFICATION=zh_CN.UTF-8 GPG_AGENT_INFO=/run/user/1000/gnupg/S.gpg-agent:0:1 QT_IM_MODULE=fcitx PWD=/home/woo XDG_DATA_DIRS=/usr/share/unity:/usr/local/share:/usr/share:/var/lib/snapd/desktop CLUTTER_IM_MODULE=fcitx XDG_CONFIG_DIRS=/etc/xdg/xdg-unity:/etc/xdg LC_NUMERIC=zh_CN.UTF-8 LC_PAPER=zh_CN.UTF-8
woo            -  0.0    -      -     - -        Sl   19:25   0:00 -
woo            -  0.0    -      -     - -        Sl   19:25   0:00 -
woo            -  0.0    -      -     - -        Sl   19:25   0:00 -
woo            -  0.0    -      -     - -        Sl   19:25   0:00 -
woo         2296  0.0  0.0 273044 23024 ?        -    19:25   0:00 /usr/lib/policykit-1-gnome/polkit-gnome-authentication-agent-1 LANGUAGE=zh_CN:zh:en_US:en LC_TIME=zh_CN.UTF-8 USER=woo GTK_CSD=0 XDG_SESSION_TYPE=x11 GNOME_SESSION_XDG_SESSION_PATH=/org/freedesktop/DisplayManager/Session0 SHLVL=1 HOME=/home/woo QT4_IM_MODULE=fcitx DESKTOP_SESSION=unity GIO_LAUNCHED_DESKTOP_FILE=/etc/xdg/autostart/polkit-gnome-authentication-agent-1.desktop GTK_MODULES=gail:atk-bridge:unity-gtk-module XDG_SEAT_PATH=/org/freedesktop/DisplayManager/Seat0 LC_MONETARY=zh_CN.UTF-8 MANAGERPID=1730 DBUS_SESSION_BUS_ADDRESS=unix:path=/run/user/1000/bus GIO_LAUNCHED_DESKTOP_FILE_PID=2296 IM_CONFIG_PHASE=1 MANDATORY_PATH=/usr/share/gconf/unity.mandatory.path QT_QPA_PLATFORMTHEME=appmenu-qt5 LOGNAME=woo GTK_IM_MODULE=fcitx _=/usr/bin/dbus-update-activation-environment JOURNAL_STREAM=9:45143 DESKTOP_AUTOSTART_ID=1023ce07522c2560d6165295953559764900000021140022 DEFAULTS_PATH=/usr/share/gconf/unity.default.path XDG_SESSION_CLASS=user GNOME_DESKTOP_SESSION_ID=this-is-deprecated GTK2_MODULES=overlay-scrollbar PATH=/home/woo/bin:/home/woo/.local/bin:/usr/local/sbin:/usr/local/bin:/usr/sbin:/usr/bin:/sbin:/bin:/usr/games:/usr/local/games:/snap/bin GDM_LANG=zh_CN INVOCATION_ID=3ac36d52fcaf48dfa03486ca8f335d3a SESSION_MANAGER=local/woo-TUF-Gaming-FX505GE-FX86FE:@/tmp/.ICE-unix/2114,unix/woo-TUF-Gaming-FX505GE-FX86FE:/tmp/.ICE-unix/2114 LC_ADDRESS=zh_CN.UTF-8 XDG_RUNTIME_DIR=/run/user/1000 XDG_SESSION_PATH=/org/freedesktop/DisplayManager/Session0 XDG_MENU_PREFIX=gnome- DISPLAY=:0 LANG=zh_CN.UTF-8 LC_TELEPHONE=zh_CN.UTF-8 LD_PRELOAD=libgtk3-nocsd.so.0 XDG_CURRENT_DESKTOP=Unity:Unity7:ubuntu XAUTHORITY=/home/woo/.Xauthority XDG_SESSION_DESKTOP=unity XMODIFIERS=@im=fcitx SSH_AGENT_LAUNCHER=gnome-keyring SSH_AUTH_SOCK=/run/user/1000/keyring/ssh XDG_GREETER_DATA_DIR=/var/lib/lightdm-data/woo LC_NAME=zh_CN.UTF-8 SHELL=/bin/bash QT_ACCESSIBILITY=1 GDMSESSION=unity LC_MEASUREMENT=zh_CN.UTF-8 LC_IDENTIFICATION=zh_CN.UTF-8 GPG_AGENT_INFO=/run/user/1000/gnupg/S.gpg-agent:0:1 QT_IM_MODULE=fcitx PWD=/home/woo XDG_DATA_DIRS=/usr/share/unity:/usr/local/share:/usr/share:/var/lib/snapd/desktop CLUTTER_IM_MODULE=fcitx XDG_CONFIG_DIRS=/etc/xdg/xdg-unity:/etc/xdg LC_NUMERIC=zh_CN.UTF-8 LC_PAPER=zh_CN.UTF-8
woo            -  0.0    -      -     - -        Sl   19:25   0:00 -
woo            -  0.0    -      -     - -        Sl   19:25   0:00 -
woo            -  0.0    -      -     - -        Sl   19:25   0:00 -
woo            -  0.0    -      -     - -        Sl   19:25   0:00 -
woo         2390  0.4  0.2 1445332 71756 ?       -    19:25   0:04 nemo-desktop LANGUAGE=zh_CN:zh:en_US:en LC_TIME=zh_CN.UTF-8 USER=woo GTK_CSD=0 XDG_SESSION_TYPE=x11 GNOME_SESSION_XDG_SESSION_PATH=/org/freedesktop/DisplayManager/Session0 SHLVL=1 HOME=/home/woo QT4_IM_MODULE=fcitx DESKTOP_SESSION=unity GIO_LAUNCHED_DESKTOP_FILE=/etc/xdg/autostart/nemo-unity-autostart.desktop GTK_MODULES=gail:atk-bridge:unity-gtk-module XDG_SEAT_PATH=/org/freedesktop/DisplayManager/Seat0 LC_MONETARY=zh_CN.UTF-8 MANAGERPID=1730 DBUS_SESSION_BUS_ADDRESS=unix:path=/run/user/1000/bus GIO_LAUNCHED_DESKTOP_FILE_PID=2390 IM_CONFIG_PHASE=1 MANDATORY_PATH=/usr/share/gconf/unity.mandatory.path QT_QPA_PLATFORMTHEME=appmenu-qt5 LOGNAME=woo GTK_IM_MODULE=fcitx _=/usr/bin/dbus-update-activation-environment JOURNAL_STREAM=9:45143 DESKTOP_AUTOSTART_ID=1023ce07522c2560d6165295953527012900000021140016 DEFAULTS_PATH=/usr/share/gconf/unity.default.path XDG_SESSION_CLASS=user GNOME_DESKTOP_SESSION_ID=this-is-deprecated GTK2_MODULES=overlay-scrollbar PATH=/home/woo/bin:/home/woo/.local/bin:/usr/local/sbin:/usr/local/bin:/usr/sbin:/usr/bin:/sbin:/bin:/usr/games:/usr/local/games:/snap/bin GDM_LANG=zh_CN INVOCATION_ID=3ac36d52fcaf48dfa03486ca8f335d3a SESSION_MANAGER=local/woo-TUF-Gaming-FX505GE-FX86FE:@/tmp/.ICE-unix/2114,unix/woo-TUF-Gaming-FX505GE-FX86FE:/tmp/.ICE-unix/2114 LC_ADDRESS=zh_CN.UTF-8 XDG_RUNTIME_DIR=/run/user/1000 XDG_SESSION_PATH=/org/freedesktop/DisplayManager/Session0 XDG_MENU_PREFIX=gnome- DISPLAY=:0 LANG=zh_CN.UTF-8 LC_TELEPHONE=zh_CN.UTF-8 LD_PRELOAD=libgtk3-nocsd.so.0 XDG_CURRENT_DESKTOP=Unity:Unity7:ubuntu XAUTHORITY=/home/woo/.Xauthority XDG_SESSION_DESKTOP=unity XMODIFIERS=@im=fcitx SSH_AGENT_LAUNCHER=gnome-keyring SSH_AUTH_SOCK=/run/user/1000/keyring/ssh XDG_GREETER_DATA_DIR=/var/lib/lightdm-data/woo LC_NAME=zh_CN.UTF-8 SHELL=/bin/bash QT_ACCESSIBILITY=1 GDMSESSION=unity LC_MEASUREMENT=zh_CN.UTF-8 LC_IDENTIFICATION=zh_CN.UTF-8 GPG_AGENT_INFO=/run/user/1000/gnupg/S.gpg-agent:0:1 QT_IM_MODULE=fcitx PWD=/home/woo XDG_DATA_DIRS=/usr/share/unity:/usr/local/share:/usr/share:/var/lib/snapd/desktop CLUTTER_IM_MODULE=fcitx XDG_CONFIG_DIRS=/etc/xdg/xdg-unity:/etc/xdg LC_NUMERIC=zh_CN.UTF-8 LC_PAPER=zh_CN.UTF-8
woo            -  0.4    -      -     - -        Sl   19:25   0:04 -
woo            -  0.0    -      -     - -        Sl   19:25   0:00 -
woo            -  0.0    -      -     - -        Sl   19:25   0:00 -
woo            -  0.0    -      -     - -        Sl   19:25   0:00 -
woo            -  0.0    -      -     - -        Sl   19:31   0:00 -
woo         2397  0.0  0.0 317356  8680 ?        -    19:25   0:00 /usr/libexec/gvfsd-trash --spawner :1.4 /org/gtk/gvfs/exec_spaw/0 HOME=/home/woo LANG=zh_CN.UTF-8 LANGUAGE=zh_CN:zh:en_US:en LC_ADDRESS=zh_CN.UTF-8 LC_IDENTIFICATION=zh_CN.UTF-8 LC_MEASUREMENT=zh_CN.UTF-8 LC_MONETARY=zh_CN.UTF-8 LC_NAME=zh_CN.UTF-8 LC_NUMERIC=zh_CN.UTF-8 LC_PAPER=zh_CN.UTF-8 LC_TELEPHONE=zh_CN.UTF-8 LC_TIME=zh_CN.UTF-8 LOGNAME=woo PATH=/usr/local/sbin:/usr/local/bin:/usr/sbin:/usr/bin:/sbin:/bin:/usr/games:/usr/local/games:/snap/bin:/snap/bin SHELL=/bin/bash USER=woo XDG_RUNTIME_DIR=/run/user/1000 GTK_MODULES=gail:atk-bridge QT_ACCESSIBILITY=1 XDG_DATA_DIRS=/usr/local/share/:/usr/share/:/var/lib/snapd/desktop DBUS_SESSION_BUS_ADDRESS=unix:path=/run/user/1000/bus MANAGERPID=1730 INVOCATION_ID=9c4b6a0f2104451aaa01608f9c3b49cf JOURNAL_STREAM=9:41264
woo            -  0.0    -      -     - -        Sl   19:25   0:00 -
woo            -  0.0    -      -     - -        Sl   19:25   0:00 -
woo            -  0.0    -      -     - -        Sl   19:25   0:00 -
woo         2412  0.2  0.4 1048344 111760 ?      -    19:25   0:02 fcitx-qimpanel LANGUAGE=zh_CN:zh:en_US:en LC_TIME=zh_CN.UTF-8 USER=woo GTK_CSD=0 XDG_SESSION_TYPE=x11 GNOME_SESSION_XDG_SESSION_PATH=/org/freedesktop/DisplayManager/Session0 SHLVL=1 HOME=/home/woo QT4_IM_MODULE=fcitx DESKTOP_SESSION=unity GIO_LAUNCHED_DESKTOP_FILE=/etc/xdg/autostart/fcitx-qimpanel-autostart.desktop GTK_MODULES=gail:atk-bridge:unity-gtk-module XDG_SEAT_PATH=/org/freedesktop/DisplayManager/Seat0 LC_MONETARY=zh_CN.UTF-8 MANAGERPID=1730 DBUS_SESSION_BUS_ADDRESS=unix:path=/run/user/1000/bus GIO_LAUNCHED_DESKTOP_FILE_PID=2282 IM_CONFIG_PHASE=1 MANDATORY_PATH=/usr/share/gconf/unity.mandatory.path QT_QPA_PLATFORMTHEME=appmenu-qt5 LOGNAME=woo GTK_IM_MODULE=fcitx _=/usr/bin/dbus-update-activation-environment JOURNAL_STREAM=9:45143 DESKTOP_AUTOSTART_ID=1023ce07522c2560d6165295953591548000000021140040 DEFAULTS_PATH=/usr/share/gconf/unity.default.path XDG_SESSION_CLASS=user GNOME_DESKTOP_SESSION_ID=this-is-deprecated GTK2_MODULES=overlay-scrollbar PATH=/home/woo/bin:/home/woo/.local/bin:/usr/local/sbin:/usr/local/bin:/usr/sbin:/usr/bin:/sbin:/bin:/usr/games:/usr/local/games:/snap/bin GDM_LANG=zh_CN INVOCATION_ID=3ac36d52fcaf48dfa03486ca8f335d3a SESSION_MANAGER=local/woo-TUF-Gaming-FX505GE-FX86FE:@/tmp/.ICE-unix/2114,unix/woo-TUF-Gaming-FX505GE-FX86FE:/tmp/.ICE-unix/2114 LC_ADDRESS=zh_CN.UTF-8 XDG_RUNTIME_DIR=/run/user/1000 XDG_SESSION_PATH=/org/freedesktop/DisplayManager/Session0 XDG_MENU_PREFIX=gnome- DISPLAY=:0 LANG=zh_CN.UTF-8 LC_TELEPHONE=zh_CN.UTF-8 LD_PRELOAD=libgtk3-nocsd.so.0 XDG_CURRENT_DESKTOP=Unity:Unity7:ubuntu XAUTHORITY=/home/woo/.Xauthority XDG_SESSION_DESKTOP=unity XMODIFIERS=@im=fcitx SSH_AGENT_LAUNCHER=gnome-keyring SSH_AUTH_SOCK=/run/user/1000/keyring/ssh XDG_GREETER_DATA_DIR=/var/lib/lightdm-data/woo LC_NAME=zh_CN.UTF-8 SHELL=/bin/bash QT_ACCESSIBILITY=1 GDMSESSION=unity LC_MEASUREMENT=zh_CN.UTF-8 LC_IDENTIFICATION=zh_CN.UTF-8 GPG_AGENT_INFO=/run/user/1000/gnupg/S.gpg-agent:0:1 QT_IM_MODULE=fcitx PWD=/home/woo XDG_DATA_DIRS=/usr/share/unity:/usr/local/share:/usr/share:/var/lib/snapd/desktop CLUTTER_IM_MODULE=fcitx XDG_CONFIG_DIRS=/etc/xdg/xdg-unity:/etc/xdg LC_NUMERIC=zh_CN.UTF-8 LC_PAPER=zh_CN.UTF-8
woo            -  0.1    -      -     - -        Sl   19:25   0:01 -
woo            -  0.0    -      -     - -        Sl   19:25   0:00 -
woo            -  0.0    -      -     - -        Sl   19:25   0:00 -
woo            -  0.0    -      -     - -        Sl   19:25   0:00 -
woo            -  0.0    -      -     - -        Sl   19:25   0:00 -
woo            -  0.0    -      -     - -        Sl   19:25   0:00 -
woo            -  0.0    -      -     - -        Sl   19:25   0:00 -
woo            -  0.0    -      -     - -        SNl  19:32   0:00 -
woo            -  0.0    -      -     - -        Sl   19:32   0:00 -
woo            -  0.0    -      -     - -        Sl   19:32   0:00 -
woo            -  0.0    -      -     - -        Sl   19:32   0:00 -
woo         2420  0.0  0.0 167644  6576 ?        -    19:25   0:00 /usr/libexec/gvfsd-metadata HOME=/home/woo LANG=zh_CN.UTF-8 LANGUAGE=zh_CN:zh:en_US:en LC_ADDRESS=zh_CN.UTF-8 LC_IDENTIFICATION=zh_CN.UTF-8 LC_MEASUREMENT=zh_CN.UTF-8 LC_MONETARY=zh_CN.UTF-8 LC_NAME=zh_CN.UTF-8 LC_NUMERIC=zh_CN.UTF-8 LC_PAPER=zh_CN.UTF-8 LC_TELEPHONE=zh_CN.UTF-8 LC_TIME=zh_CN.UTF-8 LOGNAME=woo PATH=/home/woo/bin:/home/woo/.local/bin:/usr/local/sbin:/usr/local/bin:/usr/sbin:/usr/bin:/sbin:/bin:/usr/games:/usr/local/games:/snap/bin SHELL=/bin/bash USER=woo XDG_RUNTIME_DIR=/run/user/1000 GTK_MODULES=gail:atk-bridge:unity-gtk-module QT_ACCESSIBILITY=1 XDG_DATA_DIRS=/usr/share/unity:/usr/local/share:/usr/share:/var/lib/snapd/desktop CLUTTER_IM_MODULE=fcitx COMPIZ_CONFIG_PROFILE=ubuntu DBUS_SESSION_BUS_ADDRESS=unix:path=/run/user/1000/bus DEFAULTS_PATH=/usr/share/gconf/unity.default.path DESKTOP_SESSION=unity DISPLAY=:0 GDMSESSION=unity GDM_LANG=zh_CN GNOME_DESKTOP_SESSION_ID=this-is-deprecated GNOME_SESSION_XDG_SESSION_PATH=/org/freedesktop/DisplayManager/Session0 GPG_AGENT_INFO=/run/user/1000/gnupg/S.gpg-agent:0:1 GTK2_MODULES=overlay-scrollbar GTK_CSD=0 GTK_IM_MODULE=fcitx IM_CONFIG_PHASE=1 LD_PRELOAD=libgtk3-nocsd.so.0 MANDATORY_PATH=/usr/share/gconf/unity.mandatory.path PWD=/home/woo QT4_IM_MODULE=fcitx QT_IM_MODULE=fcitx QT_QPA_PLATFORMTHEME=appmenu-qt5 SESSION_MANAGER=local/woo-TUF-Gaming-FX505GE-FX86FE:@/tmp/.ICE-unix/2114,unix/woo-TUF-Gaming-FX505GE-FX86FE:/tmp/.ICE-unix/2114 SHLVL=1 SSH_AGENT_LAUNCHER=gnome-keyring SSH_AUTH_SOCK=/run/user/1000/keyring/ssh UNITY_DEFAULT_PROFILE=unity UNITY_HAS_3D_SUPPORT=true XAUTHORITY=/home/woo/.Xauthority XDG_CONFIG_DIRS=/etc/xdg/xdg-unity:/etc/xdg XDG_CURRENT_DESKTOP=Unity:Unity7:ubuntu XDG_GREETER_DATA_DIR=/var/lib/lightdm-data/woo XDG_MENU_PREFIX=gnome- XDG_SEAT_PATH=/org/freedesktop/DisplayManager/Seat0 XDG_SESSION_CLASS=user XDG_SESSION_DESKTOP=unity XDG_SESSION_PATH=/org/freedesktop/DisplayManager/Session0 XDG_SESSION_TYPE=x11 XMODIFIERS=@im=fcitx _=/usr/bin/dbus-update-activation-environment MANAGERPID=1730 INVOCATION_ID=006437afeb704a43a17b75a5145f91b7 JOURNAL_STREAM=9:44910
woo            -  0.0    -      -     - -        Ssl  19:25   0:00 -
woo            -  0.0    -      -     - -        Ssl  19:25   0:00 -
woo            -  0.0    -      -     - -        Ssl  19:25   0:00 -
woo         2423  0.0  0.0 307636 24120 ?        -    19:25   0:00 /usr/lib/x86_64-linux-gnu/hud/hud-service HOME=/home/woo LANG=zh_CN.UTF-8 LANGUAGE=zh_CN:zh:en_US:en LC_ADDRESS=zh_CN.UTF-8 LC_IDENTIFICATION=zh_CN.UTF-8 LC_MEASUREMENT=zh_CN.UTF-8 LC_MONETARY=zh_CN.UTF-8 LC_NAME=zh_CN.UTF-8 LC_NUMERIC=zh_CN.UTF-8 LC_PAPER=zh_CN.UTF-8 LC_TELEPHONE=zh_CN.UTF-8 LC_TIME=zh_CN.UTF-8 LOGNAME=woo PATH=/home/woo/bin:/home/woo/.local/bin:/usr/local/sbin:/usr/local/bin:/usr/sbin:/usr/bin:/sbin:/bin:/usr/games:/usr/local/games:/snap/bin SHELL=/bin/bash USER=woo XDG_RUNTIME_DIR=/run/user/1000 GTK_MODULES=gail:atk-bridge:unity-gtk-module QT_ACCESSIBILITY=1 XDG_DATA_DIRS=/usr/share/unity:/usr/local/share:/usr/share:/var/lib/snapd/desktop CLUTTER_IM_MODULE=fcitx COMPIZ_CONFIG_PROFILE=ubuntu DBUS_SESSION_BUS_ADDRESS=unix:path=/run/user/1000/bus DEFAULTS_PATH=/usr/share/gconf/unity.default.path DESKTOP_SESSION=unity DISPLAY=:0 GDMSESSION=unity GDM_LANG=zh_CN GNOME_DESKTOP_SESSION_ID=this-is-deprecated GNOME_SESSION_XDG_SESSION_PATH=/org/freedesktop/DisplayManager/Session0 GPG_AGENT_INFO=/run/user/1000/gnupg/S.gpg-agent:0:1 GTK2_MODULES=overlay-scrollbar GTK_CSD=0 GTK_IM_MODULE=fcitx IM_CONFIG_PHASE=1 LD_PRELOAD=libgtk3-nocsd.so.0 MANDATORY_PATH=/usr/share/gconf/unity.mandatory.path PWD=/home/woo QT4_IM_MODULE=fcitx QT_IM_MODULE=fcitx QT_QPA_PLATFORMTHEME=appmenu-qt5 SESSION_MANAGER=local/woo-TUF-Gaming-FX505GE-FX86FE:@/tmp/.ICE-unix/2114,unix/woo-TUF-Gaming-FX505GE-FX86FE:/tmp/.ICE-unix/2114 SHLVL=1 SSH_AGENT_LAUNCHER=gnome-keyring SSH_AUTH_SOCK=/run/user/1000/keyring/ssh UNITY_DEFAULT_PROFILE=unity UNITY_HAS_3D_SUPPORT=true XAUTHORITY=/home/woo/.Xauthority XDG_CONFIG_DIRS=/etc/xdg/xdg-unity:/etc/xdg XDG_CURRENT_DESKTOP=Unity:Unity7:ubuntu XDG_GREETER_DATA_DIR=/var/lib/lightdm-data/woo XDG_MENU_PREFIX=gnome- XDG_SEAT_PATH=/org/freedesktop/DisplayManager/Seat0 XDG_SESSION_CLASS=user XDG_SESSION_DESKTOP=unity XDG_SESSION_PATH=/org/freedesktop/DisplayManager/Session0 XDG_SESSION_TYPE=x11 XMODIFIERS=@im=fcitx _=/usr/bin/dbus-update-activation-environment MANAGERPID=1730 INVOCATION_ID=0c7d7f53683f4b24b172e86c1671764e JOURNAL_STREAM=9:45806
woo            -  0.0    -      -     - -        Ssl  19:25   0:00 -
woo            -  0.0    -      -     - -        Ssl  19:25   0:00 -
woo            -  0.0    -      -     - -        Ssl  19:25   0:00 -
woo            -  0.0    -      -     - -        Ssl  19:25   0:00 -
woo         2443  0.0  0.0 926132 17436 ?        -    19:25   0:00 zeitgeist-datahub LANGUAGE=zh_CN:zh:en_US:en LC_TIME=zh_CN.UTF-8 USER=woo GTK_CSD=0 XDG_SESSION_TYPE=x11 GNOME_SESSION_XDG_SESSION_PATH=/org/freedesktop/DisplayManager/Session0 SHLVL=1 HOME=/home/woo QT4_IM_MODULE=fcitx DESKTOP_SESSION=unity GIO_LAUNCHED_DESKTOP_FILE=/etc/xdg/autostart/zeitgeist-datahub.desktop GTK_MODULES=gail:atk-bridge:unity-gtk-module XDG_SEAT_PATH=/org/freedesktop/DisplayManager/Seat0 LC_MONETARY=zh_CN.UTF-8 MANAGERPID=1730 DBUS_SESSION_BUS_ADDRESS=unix:path=/run/user/1000/bus GIO_LAUNCHED_DESKTOP_FILE_PID=2443 IM_CONFIG_PHASE=1 MANDATORY_PATH=/usr/share/gconf/unity.mandatory.path QT_QPA_PLATFORMTHEME=appmenu-qt5 LOGNAME=woo GTK_IM_MODULE=fcitx _=/usr/bin/dbus-update-activation-environment JOURNAL_STREAM=9:45143 DESKTOP_AUTOSTART_ID=1023ce07522c2560d6165295953582851000000021140034 DEFAULTS_PATH=/usr/share/gconf/unity.default.path XDG_SESSION_CLASS=user GNOME_DESKTOP_SESSION_ID=this-is-deprecated GTK2_MODULES=overlay-scrollbar PATH=/home/woo/bin:/home/woo/.local/bin:/usr/local/sbin:/usr/local/bin:/usr/sbin:/usr/bin:/sbin:/bin:/usr/games:/usr/local/games:/snap/bin GDM_LANG=zh_CN INVOCATION_ID=3ac36d52fcaf48dfa03486ca8f335d3a SESSION_MANAGER=local/woo-TUF-Gaming-FX505GE-FX86FE:@/tmp/.ICE-unix/2114,unix/woo-TUF-Gaming-FX505GE-FX86FE:/tmp/.ICE-unix/2114 LC_ADDRESS=zh_CN.UTF-8 XDG_RUNTIME_DIR=/run/user/1000 XDG_SESSION_PATH=/org/freedesktop/DisplayManager/Session0 XDG_MENU_PREFIX=gnome- DISPLAY=:0 LANG=zh_CN.UTF-8 LC_TELEPHONE=zh_CN.UTF-8 LD_PRELOAD=libgtk3-nocsd.so.0 XDG_CURRENT_DESKTOP=Unity:Unity7:ubuntu XAUTHORITY=/home/woo/.Xauthority XDG_SESSION_DESKTOP=unity XMODIFIERS=@im=fcitx SSH_AGENT_LAUNCHER=gnome-keyring SSH_AUTH_SOCK=/run/user/1000/keyring/ssh XDG_GREETER_DATA_DIR=/var/lib/lightdm-data/woo LC_NAME=zh_CN.UTF-8 SHELL=/bin/bash QT_ACCESSIBILITY=1 GDMSESSION=unity LC_MEASUREMENT=zh_CN.UTF-8 LC_IDENTIFICATION=zh_CN.UTF-8 GPG_AGENT_INFO=/run/user/1000/gnupg/S.gpg-agent:0:1 QT_IM_MODULE=fcitx PWD=/home/woo XDG_DATA_DIRS=/usr/share/unity:/usr/local/share:/usr/share:/var/lib/snapd/desktop CLUTTER_IM_MODULE=fcitx XDG_CONFIG_DIRS=/etc/xdg/xdg-unity:/etc/xdg LC_NUMERIC=zh_CN.UTF-8 LC_PAPER=zh_CN.UTF-8
woo            -  0.0    -      -     - -        Sl   19:25   0:00 -
woo            -  0.0    -      -     - -        Sl   19:25   0:00 -
woo            -  0.0    -      -     - -        Sl   19:25   0:00 -
woo            -  0.0    -      -     - -        Sl   19:25   0:00 -
woo            -  0.0    -      -     - -        Sl   19:25   0:00 -
woo            -  0.0    -      -     - -        Sl   19:25   0:00 -
woo            -  0.0    -      -     - -        Sl   19:25   0:00 -
woo            -  0.0    -      -     - -        Sl   19:25   0:00 -
woo            -  0.0    -      -     - -        Sl   19:25   0:00 -
woo            -  0.0    -      -     - -        Sl   19:25   0:00 -
woo            -  0.0    -      -     - -        Sl   19:25   0:00 -
woo         2455  0.0  0.0 392336  9464 ?        -    19:25   0:00 /usr/bin/zeitgeist-daemon HOME=/home/woo LANG=zh_CN.UTF-8 LANGUAGE=zh_CN:zh:en_US:en LC_ADDRESS=zh_CN.UTF-8 LC_IDENTIFICATION=zh_CN.UTF-8 LC_MEASUREMENT=zh_CN.UTF-8 LC_MONETARY=zh_CN.UTF-8 LC_NAME=zh_CN.UTF-8 LC_NUMERIC=zh_CN.UTF-8 LC_PAPER=zh_CN.UTF-8 LC_TELEPHONE=zh_CN.UTF-8 LC_TIME=zh_CN.UTF-8 LOGNAME=woo PATH=/home/woo/bin:/home/woo/.local/bin:/usr/local/sbin:/usr/local/bin:/usr/sbin:/usr/bin:/sbin:/bin:/usr/games:/usr/local/games:/snap/bin SHELL=/bin/bash USER=woo XDG_RUNTIME_DIR=/run/user/1000 GTK_MODULES=gail:atk-bridge:unity-gtk-module QT_ACCESSIBILITY=1 XDG_DATA_DIRS=/usr/share/unity:/usr/local/share:/usr/share:/var/lib/snapd/desktop CLUTTER_IM_MODULE=fcitx COMPIZ_CONFIG_PROFILE=ubuntu DBUS_SESSION_BUS_ADDRESS=unix:path=/run/user/1000/bus DEFAULTS_PATH=/usr/share/gconf/unity.default.path DESKTOP_SESSION=unity DISPLAY=:0 GDMSESSION=unity GDM_LANG=zh_CN GNOME_DESKTOP_SESSION_ID=this-is-deprecated GNOME_SESSION_XDG_SESSION_PATH=/org/freedesktop/DisplayManager/Session0 GPG_AGENT_INFO=/run/user/1000/gnupg/S.gpg-agent:0:1 GTK2_MODULES=overlay-scrollbar GTK_CSD=0 GTK_IM_MODULE=fcitx IM_CONFIG_PHASE=1 LD_PRELOAD=libgtk3-nocsd.so.0 MANDATORY_PATH=/usr/share/gconf/unity.mandatory.path PWD=/home/woo QT4_IM_MODULE=fcitx QT_IM_MODULE=fcitx QT_QPA_PLATFORMTHEME=appmenu-qt5 SESSION_MANAGER=local/woo-TUF-Gaming-FX505GE-FX86FE:@/tmp/.ICE-unix/2114,unix/woo-TUF-Gaming-FX505GE-FX86FE:/tmp/.ICE-unix/2114 SHLVL=1 SSH_AGENT_LAUNCHER=gnome-keyring SSH_AUTH_SOCK=/run/user/1000/keyring/ssh UNITY_DEFAULT_PROFILE=unity UNITY_HAS_3D_SUPPORT=true XAUTHORITY=/home/woo/.Xauthority XDG_CONFIG_DIRS=/etc/xdg/xdg-unity:/etc/xdg XDG_CURRENT_DESKTOP=Unity:Unity7:ubuntu XDG_GREETER_DATA_DIR=/var/lib/lightdm-data/woo XDG_MENU_PREFIX=gnome- XDG_SEAT_PATH=/org/freedesktop/DisplayManager/Seat0 XDG_SESSION_CLASS=user XDG_SESSION_DESKTOP=unity XDG_SESSION_PATH=/org/freedesktop/DisplayManager/Session0 XDG_SESSION_TYPE=x11 XMODIFIERS=@im=fcitx _=/usr/bin/dbus-update-activation-environment MANAGERPID=1730 INVOCATION_ID=fc7b99b789b14ee28fb937cf034346fa JOURNAL_STREAM=9:43493
woo            -  0.0    -      -     - -        Ssl  19:25   0:00 -
woo            -  0.0    -      -     - -        Ssl  19:25   0:00 -
woo            -  0.0    -      -     - -        Ssl  19:25   0:00 -
woo         2463  0.0  0.0 276436 19060 ?        -    19:25   0:00 /usr/lib/zeitgeist/zeitgeist-fts HOME=/home/woo LANG=zh_CN.UTF-8 LANGUAGE=zh_CN:zh:en_US:en LC_ADDRESS=zh_CN.UTF-8 LC_IDENTIFICATION=zh_CN.UTF-8 LC_MEASUREMENT=zh_CN.UTF-8 LC_MONETARY=zh_CN.UTF-8 LC_NAME=zh_CN.UTF-8 LC_NUMERIC=zh_CN.UTF-8 LC_PAPER=zh_CN.UTF-8 LC_TELEPHONE=zh_CN.UTF-8 LC_TIME=zh_CN.UTF-8 LOGNAME=woo PATH=/home/woo/bin:/home/woo/.local/bin:/usr/local/sbin:/usr/local/bin:/usr/sbin:/usr/bin:/sbin:/bin:/usr/games:/usr/local/games:/snap/bin SHELL=/bin/bash USER=woo XDG_RUNTIME_DIR=/run/user/1000 GTK_MODULES=gail:atk-bridge:unity-gtk-module QT_ACCESSIBILITY=1 XDG_DATA_DIRS=/usr/share/unity:/usr/local/share:/usr/share:/var/lib/snapd/desktop CLUTTER_IM_MODULE=fcitx COMPIZ_CONFIG_PROFILE=ubuntu DBUS_SESSION_BUS_ADDRESS=unix:path=/run/user/1000/bus DEFAULTS_PATH=/usr/share/gconf/unity.default.path DESKTOP_SESSION=unity DISPLAY=:0 GDMSESSION=unity GDM_LANG=zh_CN GNOME_DESKTOP_SESSION_ID=this-is-deprecated GNOME_SESSION_XDG_SESSION_PATH=/org/freedesktop/DisplayManager/Session0 GPG_AGENT_INFO=/run/user/1000/gnupg/S.gpg-agent:0:1 GTK2_MODULES=overlay-scrollbar GTK_CSD=0 GTK_IM_MODULE=fcitx IM_CONFIG_PHASE=1 LD_PRELOAD=libgtk3-nocsd.so.0 MANDATORY_PATH=/usr/share/gconf/unity.mandatory.path PWD=/home/woo QT4_IM_MODULE=fcitx QT_IM_MODULE=fcitx QT_QPA_PLATFORMTHEME=appmenu-qt5 SESSION_MANAGER=local/woo-TUF-Gaming-FX505GE-FX86FE:@/tmp/.ICE-unix/2114,unix/woo-TUF-Gaming-FX505GE-FX86FE:/tmp/.ICE-unix/2114 SHLVL=1 SSH_AGENT_LAUNCHER=gnome-keyring SSH_AUTH_SOCK=/run/user/1000/keyring/ssh UNITY_DEFAULT_PROFILE=unity UNITY_HAS_3D_SUPPORT=true XAUTHORITY=/home/woo/.Xauthority XDG_CONFIG_DIRS=/etc/xdg/xdg-unity:/etc/xdg XDG_CURRENT_DESKTOP=Unity:Unity7:ubuntu XDG_GREETER_DATA_DIR=/var/lib/lightdm-data/woo XDG_MENU_PREFIX=gnome- XDG_SEAT_PATH=/org/freedesktop/DisplayManager/Seat0 XDG_SESSION_CLASS=user XDG_SESSION_DESKTOP=unity XDG_SESSION_PATH=/org/freedesktop/DisplayManager/Session0 XDG_SESSION_TYPE=x11 XMODIFIERS=@im=fcitx ZEITGEIST_DATA_PATH=/home/woo/.local/share/zeitgeist _=/usr/bin/dbus-update-activation-environment MANAGERPID=1730 INVOCATION_ID=a952d087d1ec4adcaacfc58ce584faff JOURNAL_STREAM=9:45861
woo            -  0.0    -      -     - -        Ssl  19:25   0:00 -
woo            -  0.0    -      -     - -        Ssl  19:25   0:00 -
woo            -  0.0    -      -     - -        Ssl  19:25   0:00 -
woo         2521  0.0  0.1 422000 26668 ?        -    19:26   0:00 update-notifier LANGUAGE=zh_CN:zh:en_US:en LC_TIME=zh_CN.UTF-8 USER=woo GTK_CSD=0 XDG_SESSION_TYPE=x11 GNOME_SESSION_XDG_SESSION_PATH=/org/freedesktop/DisplayManager/Session0 SHLVL=1 HOME=/home/woo QT4_IM_MODULE=fcitx DESKTOP_SESSION=unity GIO_LAUNCHED_DESKTOP_FILE=/etc/xdg/autostart/update-notifier.desktop GTK_MODULES=gail:atk-bridge:unity-gtk-module XDG_SEAT_PATH=/org/freedesktop/DisplayManager/Seat0 LC_MONETARY=zh_CN.UTF-8 MANAGERPID=1730 DBUS_SESSION_BUS_ADDRESS=unix:path=/run/user/1000/bus GIO_LAUNCHED_DESKTOP_FILE_PID=2521 IM_CONFIG_PHASE=1 MANDATORY_PATH=/usr/share/gconf/unity.mandatory.path QT_QPA_PLATFORMTHEME=appmenu-qt5 LOGNAME=woo GTK_IM_MODULE=fcitx _=/usr/bin/dbus-update-activation-environment JOURNAL_STREAM=9:45143 DESKTOP_AUTOSTART_ID=1023ce07522c2560d6165295953590671800000021140037 DEFAULTS_PATH=/usr/share/gconf/unity.default.path XDG_SESSION_CLASS=user GNOME_DESKTOP_SESSION_ID=this-is-deprecated GTK2_MODULES=overlay-scrollbar PATH=/home/woo/bin:/home/woo/.local/bin:/usr/local/sbin:/usr/local/bin:/usr/sbin:/usr/bin:/sbin:/bin:/usr/games:/usr/local/games:/snap/bin GDM_LANG=zh_CN INVOCATION_ID=3ac36d52fcaf48dfa03486ca8f335d3a SESSION_MANAGER=local/woo-TUF-Gaming-FX505GE-FX86FE:@/tmp/.ICE-unix/2114,unix/woo-TUF-Gaming-FX505GE-FX86FE:/tmp/.ICE-unix/2114 LC_ADDRESS=zh_CN.UTF-8 XDG_RUNTIME_DIR=/run/user/1000 XDG_SESSION_PATH=/org/freedesktop/DisplayManager/Session0 XDG_MENU_PREFIX=gnome- DISPLAY=:0 LANG=zh_CN.UTF-8 LC_TELEPHONE=zh_CN.UTF-8 LD_PRELOAD=libgtk3-nocsd.so.0 XDG_CURRENT_DESKTOP=Unity:Unity7:ubuntu XAUTHORITY=/home/woo/.Xauthority XDG_SESSION_DESKTOP=unity XMODIFIERS=@im=fcitx SSH_AGENT_LAUNCHER=gnome-keyring SSH_AUTH_SOCK=/run/user/1000/keyring/ssh XDG_GREETER_DATA_DIR=/var/lib/lightdm-data/woo LC_NAME=zh_CN.UTF-8 SHELL=/bin/bash QT_ACCESSIBILITY=1 GDMSESSION=unity LC_MEASUREMENT=zh_CN.UTF-8 LC_IDENTIFICATION=zh_CN.UTF-8 GPG_AGENT_INFO=/run/user/1000/gnupg/S.gpg-agent:0:1 QT_IM_MODULE=fcitx PWD=/home/woo XDG_DATA_DIRS=/usr/share/unity:/usr/local/share:/usr/share:/var/lib/snapd/desktop CLUTTER_IM_MODULE=fcitx XDG_CONFIG_DIRS=/etc/xdg/xdg-unity:/etc/xdg LC_NUMERIC=zh_CN.UTF-8 LC_PAPER=zh_CN.UTF-8
woo            -  0.0    -      -     - -        Sl   19:26   0:00 -
woo            -  0.0    -      -     - -        Sl   19:26   0:00 -
woo            -  0.0    -      -     - -        Sl   19:26   0:00 -
woo            -  0.0    -      -     - -        Sl   19:26   0:00 -
root        2863  0.0  0.0      0     0 ?        -    19:29   0:00 [loop13]
root           -  0.0    -      -     - -        S<   19:29   0:00 -
woo         2995 18.1  1.2 18156556 310564 ?     -    19:30   2:15 /opt/microsoft/msedge/msedge --enable-crashpad enable-crashpad                                                                                                                                                                                                                                                                                                                                                                                                                                                                                                                                                                                                                                                                                                                                                                                                                                                                                                                                                                                                                                                                                                                                                                                                                                                                                                                                                                                                                                                                                                                                                                                                                                                                                                                                                                                                                                                                                                                                                                                                                                                                                                                                                                                                                                                                                                                                                                                                  
woo            - 12.5    -      -     - -        SLl  19:30   1:33 -
woo            -  0.0    -      -     - -        SLl  19:30   0:00 -
woo            -  0.0    -      -     - -        SLl  19:30   0:00 -
woo            -  0.0    -      -     - -        SLl  19:30   0:00 -
woo            -  0.0    -      -     - -        SLl  19:30   0:00 -
woo            -  0.0    -      -     - -        SLl  19:30   0:00 -
woo            -  3.3    -      -     - -        SLl  19:30   0:24 -
woo            -  0.0    -      -     - -        SLl  19:30   0:00 -
woo            -  0.0    -      -     - -        SLl  19:30   0:00 -
woo            -  0.0    -      -     - -        SLl  19:30   0:00 -
woo            -  0.0    -      -     - -        SLl  19:30   0:00 -
woo            -  0.0    -      -     - -        SLl  19:30   0:00 -
woo            -  0.0    -      -     - -        SLl  19:30   0:00 -
woo            -  0.0    -      -     - -        SLl  19:30   0:00 -
woo            -  0.0    -      -     - -        SLl  19:30   0:00 -
woo            -  0.0    -      -     - -        SLl  19:30   0:00 -
woo            -  0.0    -      -     - -        SLl  19:30   0:00 -
woo            -  0.0    -      -     - -        SLl  19:30   0:00 -
woo            -  0.0    -      -     - -        SLl  19:30   0:00 -
woo            -  0.0    -      -     - -        SLl  19:30   0:00 -
woo            -  0.0    -      -     - -        SLl  19:30   0:00 -
woo            -  0.0    -      -     - -        SLl  19:30   0:00 -
woo            -  0.0    -      -     - -        SLl  19:30   0:00 -
woo            -  0.0    -      -     - -        SLl  19:30   0:00 -
woo            -  0.0    -      -     - -        SLl  19:30   0:00 -
woo            -  0.0    -      -     - -        SLl  19:30   0:00 -
woo            -  0.0    -      -     - -        SLl  19:30   0:00 -
woo            -  0.0    -      -     - -        SLl  19:30   0:00 -
woo            -  0.0    -      -     - -        SLl  19:30   0:00 -
woo            -  0.0    -      -     - -        SLl  19:30   0:00 -
woo            -  0.0    -      -     - -        SLl  19:30   0:00 -
woo            -  0.0    -      -     - -        SLl  19:30   0:00 -
woo            -  0.0    -      -     - -        SLl  19:30   0:00 -
woo            -  0.0    -      -     - -        SLl  19:30   0:00 -
woo            -  0.0    -      -     - -        SLl  19:30   0:00 -
woo            -  0.0    -      -     - -        SLl  19:30   0:00 -
woo            -  0.0    -      -     - -        SLl  19:30   0:00 -
woo            -  0.0    -      -     - -        SLl  19:30   0:00 -
woo            -  0.0    -      -     - -        SLl  19:30   0:00 -
woo            -  0.0    -      -     - -        SLl  19:30   0:00 -
woo            -  0.0    -      -     - -        SLl  19:30   0:00 -
woo            -  0.0    -      -     - -        SLl  19:30   0:00 -
woo            -  0.0    -      -     - -        SLl  19:30   0:00 -
woo            -  0.0    -      -     - -        SLl  19:30   0:00 -
woo            -  0.0    -      -     - -        SLl  19:30   0:00 -
woo            -  0.0    -      -     - -        SLl  19:30   0:00 -
woo            -  0.0    -      -     - -        SLl  19:30   0:00 -
woo            -  0.0    -      -     - -        SLl  19:30   0:00 -
woo            -  0.0    -      -     - -        SLl  19:30   0:00 -
woo            -  0.0    -      -     - -        SLl  19:30   0:00 -
woo            -  0.0    -      -     - -        SLl  19:30   0:00 -
woo            -  0.0    -      -     - -        SLl  19:30   0:00 -
woo            -  0.0    -      -     - -        SLl  19:30   0:00 -
woo            -  0.0    -      -     - -        SLl  19:30   0:00 -
woo            -  0.0    -      -     - -        SLl  19:30   0:00 -
woo            -  0.0    -      -     - -        SLl  19:30   0:00 -
woo            -  0.0    -      -     - -        SLl  19:30   0:00 -
woo            -  0.0    -      -     - -        SLl  19:30   0:00 -
woo            -  0.0    -      -     - -        SLl  19:30   0:00 -
woo            -  0.0    -      -     - -        SLl  19:30   0:00 -
woo            -  0.0    -      -     - -        SLl  19:30   0:00 -
woo            -  0.0    -      -     - -        SLl  19:30   0:00 -
woo            -  0.0    -      -     - -        SLl  19:30   0:00 -
woo            -  0.0    -      -     - -        SLl  19:30   0:00 -
woo            -  0.0    -      -     - -        SLl  19:30   0:00 -
woo            -  0.0    -      -     - -        SLl  19:30   0:00 -
woo            -  0.0    -      -     - -        SLl  19:30   0:00 -
woo            -  0.0    -      -     - -        SLl  19:30   0:00 -
woo            -  0.0    -      -     - -        SLl  19:30   0:00 -
woo            -  0.0    -      -     - -        SLl  19:30   0:00 -
woo            -  0.0    -      -     - -        SLl  19:30   0:00 -
woo            -  0.0    -      -     - -        SLl  19:30   0:00 -
woo            -  0.0    -      -     - -        SLl  19:30   0:00 -
woo            -  0.8    -      -     - -        SLl  19:30   0:06 -
woo            -  0.0    -      -     - -        SLl  19:30   0:00 -
woo            -  0.0    -      -     - -        SLl  19:30   0:00 -
woo            -  0.0    -      -     - -        SLl  19:30   0:00 -
woo            -  0.1    -      -     - -        SLl  19:30   0:01 -
woo            -  0.0    -      -     - -        SLl  19:30   0:00 -
woo            -  0.0    -      -     - -        SLl  19:30   0:00 -
woo            -  0.0    -      -     - -        SLl  19:31   0:00 -
woo            -  0.0    -      -     - -        SLl  19:36   0:00 -
woo            -  0.2    -      -     - -        SLl  19:37   0:00 -
woo            -  0.0    -      -     - -        SLl  19:39   0:00 -
woo         3000  0.0  0.0  13544   600 ?        -    19:30   0:00 cat SHELL=/bin/bash SESSION_MANAGER=local/woo-TUF-Gaming-FX505GE-FX86FE:@/tmp/.ICE-unix/2114,unix/woo-TUF-Gaming-FX505GE-FX86FE:/tmp/.ICE-unix/2114 QT_ACCESSIBILITY=1 XDG_CONFIG_DIRS=/etc/xdg/xdg-unity:/etc/xdg SSH_AGENT_LAUNCHER=gnome-keyring XDG_SESSION_PATH=/org/freedesktop/DisplayManager/Session0 XDG_MENU_PREFIX=gnome- GNOME_DESKTOP_SESSION_ID=this-is-deprecated GTK_IM_MODULE=fcitx GTK2_MODULES=overlay-scrollbar LANGUAGE=zh_CN:zh:en_US:en QT4_IM_MODULE=fcitx MANDATORY_PATH=/usr/share/gconf/unity.mandatory.path LC_ADDRESS=zh_CN.UTF-8 LC_NAME=zh_CN.UTF-8 SSH_AUTH_SOCK=/run/user/1000/keyring/ssh XMODIFIERS=@im=fcitx DESKTOP_SESSION=unity LC_MONETARY=zh_CN.UTF-8 GTK_MODULES=gail:atk-bridge:unity-gtk-module PWD=/home/woo XDG_SESSION_DESKTOP=unity LOGNAME=woo QT_QPA_PLATFORMTHEME=appmenu-qt5 XDG_SESSION_TYPE=x11 GPG_AGENT_INFO=/run/user/1000/gnupg/S.gpg-agent:0:1 XAUTHORITY=/home/woo/.Xauthority DESKTOP_STARTUP_ID=nemo-desktop-2390-woo-TUF-Gaming-FX505GE-FX86FE-/usr/bin/microsoft-edge-stable-0_TIME402244 XDG_GREETER_DATA_DIR=/var/lib/lightdm-data/woo LD_PRELOAD=libgtk3-nocsd.so.0 GDM_LANG=zh_CN HOME=/home/woo IM_CONFIG_PHASE=1 LC_PAPER=zh_CN.UTF-8 LANG=zh_CN.UTF-8 XDG_CURRENT_DESKTOP=Unity:Unity7:ubuntu XDG_SEAT_PATH=/org/freedesktop/DisplayManager/Seat0 INVOCATION_ID=3ac36d52fcaf48dfa03486ca8f335d3a MANAGERPID=1730 GTK_CSD=0 CLUTTER_IM_MODULE=fcitx XDG_SESSION_CLASS=user LC_IDENTIFICATION=zh_CN.UTF-8 CHROME_WRAPPER=/opt/microsoft/msedge/microsoft-edge DEFAULTS_PATH=/usr/share/gconf/unity.default.path USER=woo DISPLAY=:0 SHLVL=1 LC_TELEPHONE=zh_CN.UTF-8 QT_IM_MODULE=fcitx GNOME_DISABLE_CRASH_DIALOG=SET_BY_GOOGLE_CHROME LC_MEASUREMENT=zh_CN.UTF-8 GNOME_SESSION_XDG_SESSION_PATH=/org/freedesktop/DisplayManager/Session0 LD_LIBRARY_PATH=/opt/microsoft/msedge:/opt/microsoft/msedge/lib XDG_RUNTIME_DIR=/run/user/1000 LC_TIME=zh_CN.UTF-8 JOURNAL_STREAM=9:45143 XDG_DATA_DIRS=/usr/share/unity:/usr/local/share:/usr/share:/var/lib/snapd/desktop PATH=/home/woo/bin:/home/woo/.local/bin:/usr/local/sbin:/usr/local/bin:/usr/sbin:/usr/bin:/sbin:/bin:/usr/games:/usr/local/games:/snap/bin GDMSESSION=unity DBUS_SESSION_BUS_ADDRESS=unix:path=/run/user/1000/bus GIO_LAUNCHED_DESKTOP_FILE_PID=2995 GIO_LAUNCHED_DESKTOP_FILE=/home/woo/桌面/microsoft-edge.desktop LC_NUMERIC=zh_CN.UTF-8 CHROME_VERSION_EXTRA=stable
woo            -  0.0    -      -     - -        S    19:30   0:00 -
woo         3001  0.0  0.0  13544   664 ?        -    19:30   0:00 cat SHELL=/bin/bash SESSION_MANAGER=local/woo-TUF-Gaming-FX505GE-FX86FE:@/tmp/.ICE-unix/2114,unix/woo-TUF-Gaming-FX505GE-FX86FE:/tmp/.ICE-unix/2114 QT_ACCESSIBILITY=1 XDG_CONFIG_DIRS=/etc/xdg/xdg-unity:/etc/xdg SSH_AGENT_LAUNCHER=gnome-keyring XDG_SESSION_PATH=/org/freedesktop/DisplayManager/Session0 XDG_MENU_PREFIX=gnome- GNOME_DESKTOP_SESSION_ID=this-is-deprecated GTK_IM_MODULE=fcitx GTK2_MODULES=overlay-scrollbar LANGUAGE=zh_CN:zh:en_US:en QT4_IM_MODULE=fcitx MANDATORY_PATH=/usr/share/gconf/unity.mandatory.path LC_ADDRESS=zh_CN.UTF-8 LC_NAME=zh_CN.UTF-8 SSH_AUTH_SOCK=/run/user/1000/keyring/ssh XMODIFIERS=@im=fcitx DESKTOP_SESSION=unity LC_MONETARY=zh_CN.UTF-8 GTK_MODULES=gail:atk-bridge:unity-gtk-module PWD=/home/woo XDG_SESSION_DESKTOP=unity LOGNAME=woo QT_QPA_PLATFORMTHEME=appmenu-qt5 XDG_SESSION_TYPE=x11 GPG_AGENT_INFO=/run/user/1000/gnupg/S.gpg-agent:0:1 XAUTHORITY=/home/woo/.Xauthority DESKTOP_STARTUP_ID=nemo-desktop-2390-woo-TUF-Gaming-FX505GE-FX86FE-/usr/bin/microsoft-edge-stable-0_TIME402244 XDG_GREETER_DATA_DIR=/var/lib/lightdm-data/woo LD_PRELOAD=libgtk3-nocsd.so.0 GDM_LANG=zh_CN HOME=/home/woo IM_CONFIG_PHASE=1 LC_PAPER=zh_CN.UTF-8 LANG=zh_CN.UTF-8 XDG_CURRENT_DESKTOP=Unity:Unity7:ubuntu XDG_SEAT_PATH=/org/freedesktop/DisplayManager/Seat0 INVOCATION_ID=3ac36d52fcaf48dfa03486ca8f335d3a MANAGERPID=1730 GTK_CSD=0 CLUTTER_IM_MODULE=fcitx XDG_SESSION_CLASS=user LC_IDENTIFICATION=zh_CN.UTF-8 CHROME_WRAPPER=/opt/microsoft/msedge/microsoft-edge DEFAULTS_PATH=/usr/share/gconf/unity.default.path USER=woo DISPLAY=:0 SHLVL=1 LC_TELEPHONE=zh_CN.UTF-8 QT_IM_MODULE=fcitx GNOME_DISABLE_CRASH_DIALOG=SET_BY_GOOGLE_CHROME LC_MEASUREMENT=zh_CN.UTF-8 GNOME_SESSION_XDG_SESSION_PATH=/org/freedesktop/DisplayManager/Session0 LD_LIBRARY_PATH=/opt/microsoft/msedge:/opt/microsoft/msedge/lib XDG_RUNTIME_DIR=/run/user/1000 LC_TIME=zh_CN.UTF-8 JOURNAL_STREAM=9:45143 XDG_DATA_DIRS=/usr/share/unity:/usr/local/share:/usr/share:/var/lib/snapd/desktop PATH=/home/woo/bin:/home/woo/.local/bin:/usr/local/sbin:/usr/local/bin:/usr/sbin:/usr/bin:/sbin:/bin:/usr/games:/usr/local/games:/snap/bin GDMSESSION=unity DBUS_SESSION_BUS_ADDRESS=unix:path=/run/user/1000/bus GIO_LAUNCHED_DESKTOP_FILE_PID=2995 GIO_LAUNCHED_DESKTOP_FILE=/home/woo/桌面/microsoft-edge.desktop LC_NUMERIC=zh_CN.UTF-8 CHROME_VERSION_EXTRA=stable
woo            -  0.0    -      -     - -        S    19:30   0:00 -
woo         3003  0.0  0.0 16801396 3032 ?       -    19:30   0:00 /opt/microsoft/msedge/msedge_crashpad_handler --monitor-self --monitor-self-annotation=ptype=crashpad-handler --database=/home/woo/.config/microsoft-edge/Crash Reports --annotation=IsOfficialBuild=1 --annotation=exe=msedge --annotation=lsb-release=Ubuntu 20.04.4 LTS --annotation=plat=Linux --annotation=prod=Chrome_Linux --annotation=ver=100.0.1185.39 --initial-client-fd=5 --shared-client-connection SHELL=/bin/bash SESSION_MANAGER=local/woo-TUF-Gaming-FX505GE-FX86FE:@/tmp/.ICE-unix/2114,unix/woo-TUF-Gaming-FX505GE-FX86FE:/tmp/.ICE-unix/2114 QT_ACCESSIBILITY=1 XDG_CONFIG_DIRS=/etc/xdg/xdg-unity:/etc/xdg SSH_AGENT_LAUNCHER=gnome-keyring XDG_SESSION_PATH=/org/freedesktop/DisplayManager/Session0 XDG_MENU_PREFIX=gnome- GNOME_DESKTOP_SESSION_ID=this-is-deprecated GTK_IM_MODULE=fcitx GTK2_MODULES=overlay-scrollbar LANGUAGE=zh_CN:zh:en_US:en QT4_IM_MODULE=fcitx MANDATORY_PATH=/usr/share/gconf/unity.mandatory.path LC_ADDRESS=zh_CN.UTF-8 LC_NAME=zh_CN.UTF-8 SSH_AUTH_SOCK=/run/user/1000/keyring/ssh XMODIFIERS=@im=fcitx DESKTOP_SESSION=unity LC_MONETARY=zh_CN.UTF-8 GTK_MODULES=gail:atk-bridge:unity-gtk-module PWD=/home/woo XDG_SESSION_DESKTOP=unity LOGNAME=woo QT_QPA_PLATFORMTHEME=appmenu-qt5 XDG_SESSION_TYPE=x11 GPG_AGENT_INFO=/run/user/1000/gnupg/S.gpg-agent:0:1 XAUTHORITY=/home/woo/.Xauthority DESKTOP_STARTUP_ID=nemo-desktop-2390-woo-TUF-Gaming-FX505GE-FX86FE-/usr/bin/microsoft-edge-stable-0_TIME402244 XDG_GREETER_DATA_DIR=/var/lib/lightdm-data/woo LD_PRELOAD=libgtk3-nocsd.so.0 GDM_LANG=zh_CN HOME=/home/woo IM_CONFIG_PHASE=1 LC_PAPER=zh_CN.UTF-8 LANG=zh_CN.UTF-8 XDG_CURRENT_DESKTOP=Unity:Unity7:ubuntu XDG_SEAT_PATH=/org/freedesktop/DisplayManager/Seat0 INVOCATION_ID=3ac36d52fcaf48dfa03486ca8f335d3a MANAGERPID=1730 GTK_CSD=0 CLUTTER_IM_MODULE=fcitx XDG_SESSION_CLASS=user LC_IDENTIFICATION=zh_CN.UTF-8 CHROME_WRAPPER=/opt/microsoft/msedge/microsoft-edge DEFAULTS_PATH=/usr/share/gconf/unity.default.path USER=woo DISPLAY=:0 SHLVL=1 LC_TELEPHONE=zh_CN.UTF-8 QT_IM_MODULE=fcitx GNOME_DISABLE_CRASH_DIALOG=SET_BY_GOOGLE_CHROME LC_MEASUREMENT=zh_CN.UTF-8 GNOME_SESSION_XDG_SESSION_PATH=/org/freedesktop/DisplayManager/Session0 LD_LIBRARY_PATH=/opt/microsoft/msedge:/opt/microsoft/msedge/lib XDG_RUNTIME_DIR=/run/user/1000 LC_TIME=zh_CN.UTF-8 JOURNAL_STREAM=9:45143 XDG_DATA_DIRS=/usr/share/unity:/usr/local/share:/usr/share:/var/lib/snapd/desktop PATH=/home/woo/bin:/home/woo/.local/bin:/usr/local/sbin:/usr/local/bin:/usr/sbin:/usr/bin:/sbin:/bin:/usr/games:/usr/local/games:/snap/bin GDMSESSION=unity DBUS_SESSION_BUS_ADDRESS=unix:path=/run/user/1000/bus GIO_LAUNCHED_DESKTOP_FILE_PID=2995 GIO_LAUNCHED_DESKTOP_FILE=/home/woo/桌面/microsoft-edge.desktop LC_NUMERIC=zh_CN.UTF-8 CHROME_VERSION_EXTRA=stable EDGE_BROWSER_PID=2995
woo            -  0.0    -      -     - -        Sl   19:30   0:00 -
woo            -  0.0    -      -     - -        Sl   19:30   0:00 -
woo            -  0.0    -      -     - -        Sl   19:30   0:00 -
woo         3005  0.0  0.0 16793184 3088 ?       -    19:30   0:00 /opt/microsoft/msedge/msedge_crashpad_handler --no-periodic-tasks --monitor-self-annotation=ptype=crashpad-handler --database=/home/woo/.config/microsoft-edge/Crash Reports --annotation=IsOfficialBuild=1 --annotation=exe=msedge --annotation=lsb-release=Ubuntu 20.04.4 LTS --annotation=plat=Linux --annotation=prod=Chrome_Linux --annotation=ver=100.0.1185.39 --initial-client-fd=4 --shared-client-connection SHELL=/bin/bash SESSION_MANAGER=local/woo-TUF-Gaming-FX505GE-FX86FE:@/tmp/.ICE-unix/2114,unix/woo-TUF-Gaming-FX505GE-FX86FE:/tmp/.ICE-unix/2114 QT_ACCESSIBILITY=1 XDG_CONFIG_DIRS=/etc/xdg/xdg-unity:/etc/xdg SSH_AGENT_LAUNCHER=gnome-keyring XDG_SESSION_PATH=/org/freedesktop/DisplayManager/Session0 XDG_MENU_PREFIX=gnome- GNOME_DESKTOP_SESSION_ID=this-is-deprecated GTK_IM_MODULE=fcitx GTK2_MODULES=overlay-scrollbar LANGUAGE=zh_CN:zh:en_US:en QT4_IM_MODULE=fcitx MANDATORY_PATH=/usr/share/gconf/unity.mandatory.path LC_ADDRESS=zh_CN.UTF-8 LC_NAME=zh_CN.UTF-8 SSH_AUTH_SOCK=/run/user/1000/keyring/ssh XMODIFIERS=@im=fcitx DESKTOP_SESSION=unity LC_MONETARY=zh_CN.UTF-8 GTK_MODULES=gail:atk-bridge:unity-gtk-module PWD=/home/woo XDG_SESSION_DESKTOP=unity LOGNAME=woo QT_QPA_PLATFORMTHEME=appmenu-qt5 XDG_SESSION_TYPE=x11 GPG_AGENT_INFO=/run/user/1000/gnupg/S.gpg-agent:0:1 XAUTHORITY=/home/woo/.Xauthority DESKTOP_STARTUP_ID=nemo-desktop-2390-woo-TUF-Gaming-FX505GE-FX86FE-/usr/bin/microsoft-edge-stable-0_TIME402244 XDG_GREETER_DATA_DIR=/var/lib/lightdm-data/woo LD_PRELOAD=libgtk3-nocsd.so.0 GDM_LANG=zh_CN HOME=/home/woo IM_CONFIG_PHASE=1 LC_PAPER=zh_CN.UTF-8 LANG=zh_CN.UTF-8 XDG_CURRENT_DESKTOP=Unity:Unity7:ubuntu XDG_SEAT_PATH=/org/freedesktop/DisplayManager/Seat0 INVOCATION_ID=3ac36d52fcaf48dfa03486ca8f335d3a MANAGERPID=1730 GTK_CSD=0 CLUTTER_IM_MODULE=fcitx XDG_SESSION_CLASS=user LC_IDENTIFICATION=zh_CN.UTF-8 CHROME_WRAPPER=/opt/microsoft/msedge/microsoft-edge DEFAULTS_PATH=/usr/share/gconf/unity.default.path USER=woo DISPLAY=:0 SHLVL=1 LC_TELEPHONE=zh_CN.UTF-8 QT_IM_MODULE=fcitx GNOME_DISABLE_CRASH_DIALOG=SET_BY_GOOGLE_CHROME LC_MEASUREMENT=zh_CN.UTF-8 GNOME_SESSION_XDG_SESSION_PATH=/org/freedesktop/DisplayManager/Session0 LD_LIBRARY_PATH=/opt/microsoft/msedge:/opt/microsoft/msedge/lib XDG_RUNTIME_DIR=/run/user/1000 LC_TIME=zh_CN.UTF-8 JOURNAL_STREAM=9:45143 XDG_DATA_DIRS=/usr/share/unity:/usr/local/share:/usr/share:/var/lib/snapd/desktop PATH=/home/woo/bin:/home/woo/.local/bin:/usr/local/sbin:/usr/local/bin:/usr/sbin:/usr/bin:/sbin:/bin:/usr/games:/usr/local/games:/snap/bin GDMSESSION=unity DBUS_SESSION_BUS_ADDRESS=unix:path=/run/user/1000/bus GIO_LAUNCHED_DESKTOP_FILE_PID=2995 GIO_LAUNCHED_DESKTOP_FILE=/home/woo/桌面/microsoft-edge.desktop LC_NUMERIC=zh_CN.UTF-8 CHROME_VERSION_EXTRA=stable EDGE_BROWSER_PID=2995
woo            -  0.0    -      -     - -        Sl   19:30   0:00 -
woo            -  0.0    -      -     - -        Sl   19:30   0:00 -
woo         3011  0.0  0.2 17088808 58280 ?      -    19:30   0:00 /opt/microsoft/msedge/msedge --type=zygote --no-zygote-sandbox --enable-crashpad --crashpad-handler-pid=3003 --enable-crash-reporter=, --change-stack-guard-on-fork=enable --enable-crashpad --enable-crashpad                                                                                                                                                                                                                                                                                                                                                                                                                                                                                                                                                                                                                                                                                                                                                                                                                                                                                                                                                                                                                                                                                                                                                                                                                                                                                                                                                                                                                                                                                                                                                                                                                                                                                                                                                                                                                                                                                                                                                                                                                                                                                                                                                                                                                                                                                                                                                                                                                      
woo            -  0.0    -      -     - -        S    19:30   0:00 -
woo         3013  0.0  0.2 17088800 58588 ?      -    19:30   0:00 /opt/microsoft/msedge/msedge --type=zygote --enable-crashpad --crashpad-handler-pid=3003 --enable-crash-reporter=, --change-stack-guard-on-fork=enable --enable-crashpad --enable-crashpad                                                                                                                                                                                                                                                                                                                                                                                                                                                                                                                                                                                                                                                                                                                                                                                                                                                                                                                                                                                                                                                                                                                                                                                                                                                                                                                                                                                                                                                                                                                                                                                                                                                                                                                                                                                                                                                                                                                                                                                                                                                                                                                                                                                                                                                                                                                                                                                                                                                              
woo            -  0.0    -      -     - -        S    19:30   0:00 -
woo         3016  0.0  0.0 16785792 4156 ?       -    19:30   0:00 /opt/microsoft/msedge/nacl_helper SBX_NET_NS=1 SBX_PID_NS=1 SBX_USER_NS=1
woo            -  0.0    -      -     - -        S    19:30   0:00 -
woo         3019  0.0  0.0 17088824 16104 ?      -    19:30   0:00 /opt/microsoft/msedge/msedge --type=zygote --enable-crashpad --crashpad-handler-pid=3003 --enable-crash-reporter=, --change-stack-guard-on-fork=enable --enable-crashpad --enable-crashpad                                                                                                                                                                                                                                                                                                                                                                                                                                                                                                                                                                                                                                                                                                                                                                                                                                                                                                                                                                                                                                                                                                                                                                                                                                                                                                                                                                                                                                                                                                                                                                                                                                                                                                                                                                                                                                                                                                                                                                                                                                                                                                                                                                                                                                                                                                                                                                                                                                                              
woo            -  0.0    -      -     - -        S    19:30   0:00 -
woo         3038  0.0  0.0 471296 12032 ?        -    19:30   0:00 /usr/libexec/xdg-desktop-portal HOME=/home/woo LANG=zh_CN.UTF-8 LANGUAGE=zh_CN:zh:en_US:en LC_ADDRESS=zh_CN.UTF-8 LC_IDENTIFICATION=zh_CN.UTF-8 LC_MEASUREMENT=zh_CN.UTF-8 LC_MONETARY=zh_CN.UTF-8 LC_NAME=zh_CN.UTF-8 LC_NUMERIC=zh_CN.UTF-8 LC_PAPER=zh_CN.UTF-8 LC_TELEPHONE=zh_CN.UTF-8 LC_TIME=zh_CN.UTF-8 LOGNAME=woo PATH=/home/woo/bin:/home/woo/.local/bin:/usr/local/sbin:/usr/local/bin:/usr/sbin:/usr/bin:/sbin:/bin:/usr/games:/usr/local/games:/snap/bin SHELL=/bin/bash USER=woo XDG_RUNTIME_DIR=/run/user/1000 GTK_MODULES=gail:atk-bridge:unity-gtk-module QT_ACCESSIBILITY=1 XDG_DATA_DIRS=/usr/share/unity:/usr/local/share:/usr/share:/var/lib/snapd/desktop CLUTTER_IM_MODULE=fcitx COMPIZ_CONFIG_PROFILE=ubuntu DBUS_SESSION_BUS_ADDRESS=unix:path=/run/user/1000/bus DEFAULTS_PATH=/usr/share/gconf/unity.default.path DESKTOP_SESSION=unity DISPLAY=:0 GDMSESSION=unity GDM_LANG=zh_CN GNOME_DESKTOP_SESSION_ID=this-is-deprecated GNOME_SESSION_XDG_SESSION_PATH=/org/freedesktop/DisplayManager/Session0 GPG_AGENT_INFO=/run/user/1000/gnupg/S.gpg-agent:0:1 GTK2_MODULES=overlay-scrollbar GTK_CSD=0 GTK_IM_MODULE=fcitx IM_CONFIG_PHASE=1 LD_PRELOAD=libgtk3-nocsd.so.0 MANDATORY_PATH=/usr/share/gconf/unity.mandatory.path PWD=/home/woo QT4_IM_MODULE=fcitx QT_IM_MODULE=fcitx QT_QPA_PLATFORMTHEME=appmenu-qt5 SESSION_MANAGER=local/woo-TUF-Gaming-FX505GE-FX86FE:@/tmp/.ICE-unix/2114,unix/woo-TUF-Gaming-FX505GE-FX86FE:/tmp/.ICE-unix/2114 SHLVL=1 SSH_AGENT_LAUNCHER=gnome-keyring SSH_AUTH_SOCK=/run/user/1000/keyring/ssh UNITY_DEFAULT_PROFILE=unity UNITY_HAS_3D_SUPPORT=true XAUTHORITY=/home/woo/.Xauthority XDG_CONFIG_DIRS=/etc/xdg/xdg-unity:/etc/xdg XDG_CURRENT_DESKTOP=Unity:Unity7:ubuntu XDG_GREETER_DATA_DIR=/var/lib/lightdm-data/woo XDG_MENU_PREFIX=gnome- XDG_SEAT_PATH=/org/freedesktop/DisplayManager/Seat0 XDG_SESSION_CLASS=user XDG_SESSION_DESKTOP=unity XDG_SESSION_PATH=/org/freedesktop/DisplayManager/Session0 XDG_SESSION_TYPE=x11 XMODIFIERS=@im=fcitx ZEITGEIST_DATA_PATH=/home/woo/.local/share/zeitgeist _=/usr/bin/dbus-update-activation-environment MANAGERPID=1730 INVOCATION_ID=30a02a55ad374e6f8c662c9231e57739 JOURNAL_STREAM=9:47588
woo            -  0.0    -      -     - -        Ssl  19:30   0:00 -
woo            -  0.0    -      -     - -        Ssl  19:30   0:00 -
woo            -  0.0    -      -     - -        Ssl  19:30   0:00 -
woo            -  0.0    -      -     - -        Ssl  19:30   0:00 -
woo            -  0.0    -      -     - -        Ssl  19:30   0:00 -
woo         3042  0.0  0.0 462940  6656 ?        -    19:30   0:00 /usr/libexec/xdg-document-portal HOME=/home/woo LANG=zh_CN.UTF-8 LANGUAGE=zh_CN:zh:en_US:en LC_ADDRESS=zh_CN.UTF-8 LC_IDENTIFICATION=zh_CN.UTF-8 LC_MEASUREMENT=zh_CN.UTF-8 LC_MONETARY=zh_CN.UTF-8 LC_NAME=zh_CN.UTF-8 LC_NUMERIC=zh_CN.UTF-8 LC_PAPER=zh_CN.UTF-8 LC_TELEPHONE=zh_CN.UTF-8 LC_TIME=zh_CN.UTF-8 LOGNAME=woo PATH=/home/woo/bin:/home/woo/.local/bin:/usr/local/sbin:/usr/local/bin:/usr/sbin:/usr/bin:/sbin:/bin:/usr/games:/usr/local/games:/snap/bin SHELL=/bin/bash USER=woo XDG_RUNTIME_DIR=/run/user/1000 GTK_MODULES=gail:atk-bridge:unity-gtk-module QT_ACCESSIBILITY=1 XDG_DATA_DIRS=/usr/share/unity:/usr/local/share:/usr/share:/var/lib/snapd/desktop CLUTTER_IM_MODULE=fcitx COMPIZ_CONFIG_PROFILE=ubuntu DBUS_SESSION_BUS_ADDRESS=unix:path=/run/user/1000/bus DEFAULTS_PATH=/usr/share/gconf/unity.default.path DESKTOP_SESSION=unity DISPLAY=:0 GDMSESSION=unity GDM_LANG=zh_CN GNOME_DESKTOP_SESSION_ID=this-is-deprecated GNOME_SESSION_XDG_SESSION_PATH=/org/freedesktop/DisplayManager/Session0 GPG_AGENT_INFO=/run/user/1000/gnupg/S.gpg-agent:0:1 GTK2_MODULES=overlay-scrollbar GTK_CSD=0 GTK_IM_MODULE=fcitx IM_CONFIG_PHASE=1 LD_PRELOAD=libgtk3-nocsd.so.0 MANDATORY_PATH=/usr/share/gconf/unity.mandatory.path PWD=/home/woo QT4_IM_MODULE=fcitx QT_IM_MODULE=fcitx QT_QPA_PLATFORMTHEME=appmenu-qt5 SESSION_MANAGER=local/woo-TUF-Gaming-FX505GE-FX86FE:@/tmp/.ICE-unix/2114,unix/woo-TUF-Gaming-FX505GE-FX86FE:/tmp/.ICE-unix/2114 SHLVL=1 SSH_AGENT_LAUNCHER=gnome-keyring SSH_AUTH_SOCK=/run/user/1000/keyring/ssh UNITY_DEFAULT_PROFILE=unity UNITY_HAS_3D_SUPPORT=true XAUTHORITY=/home/woo/.Xauthority XDG_CONFIG_DIRS=/etc/xdg/xdg-unity:/etc/xdg XDG_CURRENT_DESKTOP=Unity:Unity7:ubuntu XDG_GREETER_DATA_DIR=/var/lib/lightdm-data/woo XDG_MENU_PREFIX=gnome- XDG_SEAT_PATH=/org/freedesktop/DisplayManager/Seat0 XDG_SESSION_CLASS=user XDG_SESSION_DESKTOP=unity XDG_SESSION_PATH=/org/freedesktop/DisplayManager/Session0 XDG_SESSION_TYPE=x11 XMODIFIERS=@im=fcitx ZEITGEIST_DATA_PATH=/home/woo/.local/share/zeitgeist _=/usr/bin/dbus-update-activation-environment MANAGERPID=1730 INVOCATION_ID=fc5298f3b4c5484c988dfbbfe1f3d0a9 JOURNAL_STREAM=9:51392
woo            -  0.0    -      -     - -        Ssl  19:30   0:00 -
woo            -  0.0    -      -     - -        Ssl  19:30   0:00 -
woo            -  0.0    -      -     - -        Ssl  19:30   0:00 -
woo            -  0.0    -      -     - -        Ssl  19:30   0:00 -
woo            -  0.0    -      -     - -        Ssl  19:30   0:00 -
woo            -  0.0    -      -     - -        Ssl  19:30   0:00 -
woo         3061  0.0  0.0 240852  5384 ?        -    19:30   0:00 /usr/libexec/xdg-permission-store HOME=/home/woo LANG=zh_CN.UTF-8 LANGUAGE=zh_CN:zh:en_US:en LC_ADDRESS=zh_CN.UTF-8 LC_IDENTIFICATION=zh_CN.UTF-8 LC_MEASUREMENT=zh_CN.UTF-8 LC_MONETARY=zh_CN.UTF-8 LC_NAME=zh_CN.UTF-8 LC_NUMERIC=zh_CN.UTF-8 LC_PAPER=zh_CN.UTF-8 LC_TELEPHONE=zh_CN.UTF-8 LC_TIME=zh_CN.UTF-8 LOGNAME=woo PATH=/home/woo/bin:/home/woo/.local/bin:/usr/local/sbin:/usr/local/bin:/usr/sbin:/usr/bin:/sbin:/bin:/usr/games:/usr/local/games:/snap/bin SHELL=/bin/bash USER=woo XDG_RUNTIME_DIR=/run/user/1000 GTK_MODULES=gail:atk-bridge:unity-gtk-module QT_ACCESSIBILITY=1 XDG_DATA_DIRS=/usr/share/unity:/usr/local/share:/usr/share:/var/lib/snapd/desktop CLUTTER_IM_MODULE=fcitx COMPIZ_CONFIG_PROFILE=ubuntu DBUS_SESSION_BUS_ADDRESS=unix:path=/run/user/1000/bus DEFAULTS_PATH=/usr/share/gconf/unity.default.path DESKTOP_SESSION=unity DISPLAY=:0 GDMSESSION=unity GDM_LANG=zh_CN GNOME_DESKTOP_SESSION_ID=this-is-deprecated GNOME_SESSION_XDG_SESSION_PATH=/org/freedesktop/DisplayManager/Session0 GPG_AGENT_INFO=/run/user/1000/gnupg/S.gpg-agent:0:1 GTK2_MODULES=overlay-scrollbar GTK_CSD=0 GTK_IM_MODULE=fcitx IM_CONFIG_PHASE=1 LD_PRELOAD=libgtk3-nocsd.so.0 MANDATORY_PATH=/usr/share/gconf/unity.mandatory.path PWD=/home/woo QT4_IM_MODULE=fcitx QT_IM_MODULE=fcitx QT_QPA_PLATFORMTHEME=appmenu-qt5 SESSION_MANAGER=local/woo-TUF-Gaming-FX505GE-FX86FE:@/tmp/.ICE-unix/2114,unix/woo-TUF-Gaming-FX505GE-FX86FE:/tmp/.ICE-unix/2114 SHLVL=1 SSH_AGENT_LAUNCHER=gnome-keyring SSH_AUTH_SOCK=/run/user/1000/keyring/ssh UNITY_DEFAULT_PROFILE=unity UNITY_HAS_3D_SUPPORT=true XAUTHORITY=/home/woo/.Xauthority XDG_CONFIG_DIRS=/etc/xdg/xdg-unity:/etc/xdg XDG_CURRENT_DESKTOP=Unity:Unity7:ubuntu XDG_GREETER_DATA_DIR=/var/lib/lightdm-data/woo XDG_MENU_PREFIX=gnome- XDG_SEAT_PATH=/org/freedesktop/DisplayManager/Seat0 XDG_SESSION_CLASS=user XDG_SESSION_DESKTOP=unity XDG_SESSION_PATH=/org/freedesktop/DisplayManager/Session0 XDG_SESSION_TYPE=x11 XMODIFIERS=@im=fcitx ZEITGEIST_DATA_PATH=/home/woo/.local/share/zeitgeist _=/usr/bin/dbus-update-activation-environment MANAGERPID=1730 INVOCATION_ID=0301d4c247bf4defb6fd20e8ac908cd4 JOURNAL_STREAM=9:46723
woo            -  0.0    -      -     - -        Ssl  19:30   0:00 -
woo            -  0.0    -      -     - -        Ssl  19:30   0:00 -
woo            -  0.0    -      -     - -        Ssl  19:30   0:00 -
woo         3070  0.0  0.1 496516 27140 ?        -    19:30   0:00 /usr/libexec/xdg-desktop-portal-gtk HOME=/home/woo LANG=zh_CN.UTF-8 LANGUAGE=zh_CN:zh:en_US:en LC_ADDRESS=zh_CN.UTF-8 LC_IDENTIFICATION=zh_CN.UTF-8 LC_MEASUREMENT=zh_CN.UTF-8 LC_MONETARY=zh_CN.UTF-8 LC_NAME=zh_CN.UTF-8 LC_NUMERIC=zh_CN.UTF-8 LC_PAPER=zh_CN.UTF-8 LC_TELEPHONE=zh_CN.UTF-8 LC_TIME=zh_CN.UTF-8 LOGNAME=woo PATH=/home/woo/bin:/home/woo/.local/bin:/usr/local/sbin:/usr/local/bin:/usr/sbin:/usr/bin:/sbin:/bin:/usr/games:/usr/local/games:/snap/bin SHELL=/bin/bash USER=woo XDG_RUNTIME_DIR=/run/user/1000 GTK_MODULES=gail:atk-bridge:unity-gtk-module QT_ACCESSIBILITY=1 XDG_DATA_DIRS=/usr/share/unity:/usr/local/share:/usr/share:/var/lib/snapd/desktop CLUTTER_IM_MODULE=fcitx COMPIZ_CONFIG_PROFILE=ubuntu DBUS_SESSION_BUS_ADDRESS=unix:path=/run/user/1000/bus DEFAULTS_PATH=/usr/share/gconf/unity.default.path DESKTOP_SESSION=unity DISPLAY=:0 GDMSESSION=unity GDM_LANG=zh_CN GNOME_DESKTOP_SESSION_ID=this-is-deprecated GNOME_SESSION_XDG_SESSION_PATH=/org/freedesktop/DisplayManager/Session0 GPG_AGENT_INFO=/run/user/1000/gnupg/S.gpg-agent:0:1 GTK2_MODULES=overlay-scrollbar GTK_CSD=0 GTK_IM_MODULE=fcitx IM_CONFIG_PHASE=1 LD_PRELOAD=libgtk3-nocsd.so.0 MANDATORY_PATH=/usr/share/gconf/unity.mandatory.path PWD=/home/woo QT4_IM_MODULE=fcitx QT_IM_MODULE=fcitx QT_QPA_PLATFORMTHEME=appmenu-qt5 SESSION_MANAGER=local/woo-TUF-Gaming-FX505GE-FX86FE:@/tmp/.ICE-unix/2114,unix/woo-TUF-Gaming-FX505GE-FX86FE:/tmp/.ICE-unix/2114 SHLVL=1 SSH_AGENT_LAUNCHER=gnome-keyring SSH_AUTH_SOCK=/run/user/1000/keyring/ssh UNITY_DEFAULT_PROFILE=unity UNITY_HAS_3D_SUPPORT=true XAUTHORITY=/home/woo/.Xauthority XDG_CONFIG_DIRS=/etc/xdg/xdg-unity:/etc/xdg XDG_CURRENT_DESKTOP=Unity:Unity7:ubuntu XDG_GREETER_DATA_DIR=/var/lib/lightdm-data/woo XDG_MENU_PREFIX=gnome- XDG_SEAT_PATH=/org/freedesktop/DisplayManager/Seat0 XDG_SESSION_CLASS=user XDG_SESSION_DESKTOP=unity XDG_SESSION_PATH=/org/freedesktop/DisplayManager/Session0 XDG_SESSION_TYPE=x11 XMODIFIERS=@im=fcitx ZEITGEIST_DATA_PATH=/home/woo/.local/share/zeitgeist _=/usr/bin/dbus-update-activation-environment MANAGERPID=1730 INVOCATION_ID=cc9489dd23c947c0bdc67953ab6125d5 JOURNAL_STREAM=9:52339
woo            -  0.0    -      -     - -        Ssl  19:30   0:00 -
woo            -  0.0    -      -     - -        Ssl  19:30   0:00 -
woo            -  0.0    -      -     - -        Ssl  19:30   0:00 -
woo            -  0.0    -      -     - -        Ssl  19:30   0:00 -
woo         3120  0.0  0.0   4856   680 ?        -    19:30   0:00 sh -c /usr/lib/x86_64-linux-gnu/libproxy/0.4.15/pxgsettings org.gnome.system.proxy org.gnome.system.proxy.http org.gnome.system.proxy.https org.gnome.system.proxy.ftp org.gnome.system.proxy.socks HOME=/home/woo LANG=zh_CN.UTF-8 LANGUAGE=zh_CN:zh:en_US:en LC_ADDRESS=zh_CN.UTF-8 LC_IDENTIFICATION=zh_CN.UTF-8 LC_MEASUREMENT=zh_CN.UTF-8 LC_MONETARY=zh_CN.UTF-8 LC_NAME=zh_CN.UTF-8 LC_NUMERIC=zh_CN.UTF-8 LC_PAPER=zh_CN.UTF-8 LC_TELEPHONE=zh_CN.UTF-8 LC_TIME=zh_CN.UTF-8 LOGNAME=woo PATH=/home/woo/bin:/home/woo/.local/bin:/usr/local/sbin:/usr/local/bin:/usr/sbin:/usr/bin:/sbin:/bin:/usr/games:/usr/local/games:/snap/bin SHELL=/bin/bash USER=woo XDG_RUNTIME_DIR=/run/user/1000 GTK_MODULES=gail:atk-bridge:unity-gtk-module QT_ACCESSIBILITY=1 XDG_DATA_DIRS=/usr/share/unity:/usr/local/share:/usr/share:/var/lib/snapd/desktop CLUTTER_IM_MODULE=fcitx COMPIZ_CONFIG_PROFILE=ubuntu DBUS_SESSION_BUS_ADDRESS=unix:path=/run/user/1000/bus DEFAULTS_PATH=/usr/share/gconf/unity.default.path DESKTOP_SESSION=unity DISPLAY=:0 GDMSESSION=unity GDM_LANG=zh_CN GNOME_DESKTOP_SESSION_ID=this-is-deprecated GNOME_SESSION_XDG_SESSION_PATH=/org/freedesktop/DisplayManager/Session0 GPG_AGENT_INFO=/run/user/1000/gnupg/S.gpg-agent:0:1 GTK2_MODULES=overlay-scrollbar GTK_CSD=0 GTK_IM_MODULE=fcitx IM_CONFIG_PHASE=1 LD_PRELOAD=libgtk3-nocsd.so.0 MANDATORY_PATH=/usr/share/gconf/unity.mandatory.path PWD=/home/woo QT4_IM_MODULE=fcitx QT_IM_MODULE=fcitx QT_QPA_PLATFORMTHEME=appmenu-qt5 SESSION_MANAGER=local/woo-TUF-Gaming-FX505GE-FX86FE:@/tmp/.ICE-unix/2114,unix/woo-TUF-Gaming-FX505GE-FX86FE:/tmp/.ICE-unix/2114 SHLVL=1 SSH_AGENT_LAUNCHER=gnome-keyring SSH_AUTH_SOCK=/run/user/1000/keyring/ssh UNITY_DEFAULT_PROFILE=unity UNITY_HAS_3D_SUPPORT=true XAUTHORITY=/home/woo/.Xauthority XDG_CONFIG_DIRS=/etc/xdg/xdg-unity:/etc/xdg XDG_CURRENT_DESKTOP=Unity:Unity7:ubuntu XDG_GREETER_DATA_DIR=/var/lib/lightdm-data/woo XDG_MENU_PREFIX=gnome- XDG_SEAT_PATH=/org/freedesktop/DisplayManager/Seat0 XDG_SESSION_CLASS=user XDG_SESSION_DESKTOP=unity XDG_SESSION_PATH=/org/freedesktop/DisplayManager/Session0 XDG_SESSION_TYPE=x11 XMODIFIERS=@im=fcitx ZEITGEIST_DATA_PATH=/home/woo/.local/share/zeitgeist _=/usr/bin/dbus-update-activation-environment MANAGERPID=1730 INVOCATION_ID=30a02a55ad374e6f8c662c9231e57739 JOURNAL_STREAM=9:47588 GIO_USE_VFS=local
woo            -  0.0    -      -     - -        S    19:30   0:00 -
woo         3121  0.0  0.0 235732  6820 ?        -    19:30   0:00 /usr/lib/x86_64-linux-gnu/libproxy/0.4.15/pxgsettings org.gnome.system.proxy org.gnome.system.proxy.http org.gnome.system.proxy.https org.gnome.system.proxy.ftp org.gnome.system.proxy.socks LANGUAGE=zh_CN:zh:en_US:en LC_TIME=zh_CN.UTF-8 USER=woo GTK_CSD=0 UNITY_DEFAULT_PROFILE=unity UNITY_HAS_3D_SUPPORT=true COMPIZ_CONFIG_PROFILE=ubuntu GNOME_SESSION_XDG_SESSION_PATH=/org/freedesktop/DisplayManager/Session0 XDG_SESSION_TYPE=x11 SHLVL=1 HOME=/home/woo QT4_IM_MODULE=fcitx DESKTOP_SESSION=unity GTK_MODULES=gail:atk-bridge:unity-gtk-module XDG_SEAT_PATH=/org/freedesktop/DisplayManager/Seat0 LC_MONETARY=zh_CN.UTF-8 MANAGERPID=1730 DBUS_SESSION_BUS_ADDRESS=unix:path=/run/user/1000/bus IM_CONFIG_PHASE=1 MANDATORY_PATH=/usr/share/gconf/unity.mandatory.path QT_QPA_PLATFORMTHEME=appmenu-qt5 LOGNAME=woo GTK_IM_MODULE=fcitx _=/usr/bin/dbus-update-activation-environment JOURNAL_STREAM=9:47588 DEFAULTS_PATH=/usr/share/gconf/unity.default.path XDG_SESSION_CLASS=user GNOME_DESKTOP_SESSION_ID=this-is-deprecated GTK2_MODULES=overlay-scrollbar PATH=/home/woo/bin:/home/woo/.local/bin:/usr/local/sbin:/usr/local/bin:/usr/sbin:/usr/bin:/sbin:/bin:/usr/games:/usr/local/games:/snap/bin GDM_LANG=zh_CN SESSION_MANAGER=local/woo-TUF-Gaming-FX505GE-FX86FE:@/tmp/.ICE-unix/2114,unix/woo-TUF-Gaming-FX505GE-FX86FE:/tmp/.ICE-unix/2114 INVOCATION_ID=30a02a55ad374e6f8c662c9231e57739 LC_ADDRESS=zh_CN.UTF-8 XDG_RUNTIME_DIR=/run/user/1000 XDG_MENU_PREFIX=gnome- XDG_SESSION_PATH=/org/freedesktop/DisplayManager/Session0 DISPLAY=:0 ZEITGEIST_DATA_PATH=/home/woo/.local/share/zeitgeist LANG=zh_CN.UTF-8 LC_TELEPHONE=zh_CN.UTF-8 LD_PRELOAD=libgtk3-nocsd.so.0 XDG_CURRENT_DESKTOP=Unity:Unity7:ubuntu XAUTHORITY=/home/woo/.Xauthority XDG_SESSION_DESKTOP=unity XMODIFIERS=@im=fcitx SSH_AGENT_LAUNCHER=gnome-keyring SSH_AUTH_SOCK=/run/user/1000/keyring/ssh XDG_GREETER_DATA_DIR=/var/lib/lightdm-data/woo LC_NAME=zh_CN.UTF-8 SHELL=/bin/bash QT_ACCESSIBILITY=1 GDMSESSION=unity LC_MEASUREMENT=zh_CN.UTF-8 LC_IDENTIFICATION=zh_CN.UTF-8 GPG_AGENT_INFO=/run/user/1000/gnupg/S.gpg-agent:0:1 QT_IM_MODULE=fcitx PWD=/home/woo XDG_DATA_DIRS=/usr/share/unity:/usr/local/share:/usr/share:/var/lib/snapd/desktop CLUTTER_IM_MODULE=fcitx XDG_CONFIG_DIRS=/etc/xdg/xdg-unity:/etc/xdg LC_NUMERIC=zh_CN.UTF-8 LC_PAPER=zh_CN.UTF-8 GIO_USE_VFS=local
woo            -  0.0    -      -     - -        Sl   19:30   0:00 -
woo            -  0.0    -      -     - -        Sl   19:30   0:00 -
woo            -  0.0    -      -     - -        Sl   19:30   0:00 -
woo            -  0.0    -      -     - -        Sl   19:30   0:00 -
woo         3126 18.1  0.7 17433712 179692 ?     -    19:30   2:14 /opt/microsoft/msedge/msedge --type=gpu-process --enable-crashpad --crashpad-handler-pid=3003 --enable-crash-reporter=, --change-stack-guard-on-fork=enable --gpu-preferences=WAAAAAAAAAAgAAAIAAAAAAAAAAAAAAAAAABgAAAAAAA4AAAAAAAAAAAAAAAAAAAAAAAAAAAAAAAAAAAAAAAAACAAAAAAAAAAIAAAAAAAAAABAAAAAAAAAAgAAAAAAAAACAAAAAAAAAAIAAAAAAAAAA== --shared-files --field-trial-handle=0,i,1142475399147461166,4973357900917022005,131072 es=WAAAAAAAAAAgAAAIAAAAAAAAAAAAAAAAAABgAAAAAAA4AAAAAAAAAAAAAAAAAAAAAAAAAAAAAAAAAAAAAAAAACAAAAAAAAAAIAAAAAAAAAABAAAAAAAAAAgAAAAAAAAACAAAAAAAAAAIAAAAAAAAAA== --shared-files --field-trial-handle=0,i,1142475399147461166,4973357900917022005,131072                                                                                                                                                                                                                                                                                                                                                                                                                                                                                                                                                                                                                                                                                                                                                                                                                                                                                                                                                                                                                                                                                                                                                                                                                                                                                                                                                                                                                                                                                                                                                                                                                                                                                                                                                                                                                                                                                                                                                                                                                                                                                                                                                                                     
woo            - 10.4    -      -     - -        Sl   19:30   1:17 -
woo            -  0.0    -      -     - -        SNl  19:30   0:00 -
woo            -  0.0    -      -     - -        Sl   19:30   0:00 -
woo            -  0.0    -      -     - -        Sl   19:30   0:00 -
woo            -  0.0    -      -     - -        Sl   19:30   0:00 -
woo            -  0.2    -      -     - -        Sl   19:30   0:01 -
woo            -  1.8    -      -     - -        Sl   19:30   0:13 -
woo            -  5.5    -      -     - -        Sl   19:30   0:40 -
woo            -  0.0    -      -     - -        SNl  19:30   0:00 -
woo            -  0.0    -      -     - -        Sl   19:31   0:00 -
woo            -  0.0    -      -     - -        Sl   19:40   0:00 -
woo         3130  1.6  0.3 17152704 89800 ?      -    19:30   0:12 /opt/microsoft/msedge/msedge --type=utility --utility-sub-type=network.mojom.NetworkService --lang=zh-CN --service-sandbox-type=none --enable-crashpad --crashpad-handler-pid=3003 --enable-crash-reporter=, --change-stack-guard-on-fork=enable --shared-files=v8_context_snapshot_data:100 --field-trial-handle=0,i,1142475399147461166,4973357900917022005,131072 --enable-crashpad 022005,131072 --enable-crashpad                                                                                                                                                                                                                                                                                                                                                                                                                                                                                                                                                                                                                                                                                                                                                                                                                                                                                                                                                                                                                                                                                                                                                                                                                                                                                                                                                                                                                                                                                                                                                                                                                                                                                                                                                                                                                                                                                                                                                                                                                                                                                                                                                                                                                                                                                                                        
woo            -  0.0    -      -     - -        Sl   19:30   0:00 -
woo            -  0.0    -      -     - -        Sl   19:30   0:00 -
woo            -  0.0    -      -     - -        Sl   19:30   0:00 -
woo            -  1.4    -      -     - -        Sl   19:30   0:10 -
woo            -  0.0    -      -     - -        Sl   19:30   0:00 -
woo            -  0.0    -      -     - -        Sl   19:40   0:00 -
woo            -  0.0    -      -     - -        Sl   19:40   0:00 -
woo         3144  0.0  0.1 17130204 36564 ?      -    19:30   0:00 /opt/microsoft/msedge/msedge --type=utility --utility-sub-type=storage.mojom.StorageService --lang=zh-CN --service-sandbox-type=utility --enable-crashpad --crashpad-handler-pid=3003 --enable-crash-reporter=, --change-stack-guard-on-fork=enable --shared-files=v8_context_snapshot_data:100 --field-trial-handle=0,i,1142475399147461166,4973357900917022005,131072 ad --crashpad-handler-pid=3003 --enable-crash-reporter=, --change-stack-guard-on-fork=enable --shared-files=v8_context_snapshot_data:100 --field-trial-handle=0,i,1142475399147461166,4973357900917022005,131072                                                                                                                                                                                                                                                                                                                                                                                                                                                                                                                                                                                                                                                                                                                                                                                                                                                                                                                                                                                                                                                                                                                                                                                                                                                                                                                                                                                                                                                                                                                                                                                                                                                                                                                                                                                                                                                                                                                                                                                                                                                                                                                                                                                                                                                               
woo            -  0.0    -      -     - -        Sl   19:30   0:00 -
woo            -  0.0    -      -     - -        Sl   19:30   0:00 -
woo            -  0.0    -      -     - -        Sl   19:30   0:00 -
woo            -  0.0    -      -     - -        Sl   19:36   0:00 -
woo         3232  2.0  0.5 26187808 136172 ?     -    19:30   0:14 /opt/microsoft/msedge/msedge --type=renderer --enable-crashpad --crashpad-handler-pid=3003 --enable-crash-reporter=, --extension-process --disable-client-side-phishing-detection --display-capture-permissions-policy-allowed --change-stack-guard-on-fork=enable --lang=zh-CN --num-raster-threads=4 --enable-main-frame-before-activation --renderer-client-id=5 --launch-time-ticks=414317839 --shared-files=v8_context_snapshot_data:100 --field-trial-handle=0,i,1142475399147461166,4973357900917022005,131072 nt-side-phishing-detection --display-capture-permissions-policy-allowed --change-stack-guard-on-fork=enable --lang=zh-CN --num-raster-threads=4 --enable-main-frame-before-activation --renderer-client-id=5 --launch-time-ticks=414317839 --shared-files=v8_context_snapshot_data:100 --field-trial-handle=0,i,1142475399147461166,4973357900917022005,131072                                                                                                                                                                                                                                                                                                                                                                                                                                                                                                                                                                                                                                                                                                                                                                                                                                                                                                                                                                                                                                                                                                                                                                                                                                                                                                                                                                                                                                                                                                                                                                                                                                                                                                                                                                                                                                                                                                                                                                                                                                                                                                                 
woo            -  0.9    -      -     - -        Sl   19:30   0:07 -
woo            -  0.0    -      -     - -        Sl   19:30   0:00 -
woo            -  0.3    -      -     - -        Sl   19:30   0:02 -
woo            -  0.0    -      -     - -        Sl   19:30   0:00 -
woo            -  0.3    -      -     - -        Sl   19:30   0:02 -
woo            -  0.0    -      -     - -        Sl   19:30   0:00 -
woo            -  0.0    -      -     - -        Sl   19:30   0:00 -
woo            -  0.0    -      -     - -        Sl   19:30   0:00 -
woo            -  0.0    -      -     - -        Sl   19:30   0:00 -
woo            -  0.0    -      -     - -        Sl   19:30   0:00 -
woo            -  0.0    -      -     - -        SNl  19:30   0:00 -
woo            -  0.0    -      -     - -        Sl   19:41   0:00 -
woo         3239  0.0  0.1 21856992 41668 ?      -    19:30   0:00 /opt/microsoft/msedge/msedge --type=utility --utility-sub-type=proxy_resolver.mojom.ProxyResolverFactory --lang=zh-CN --service-sandbox-type=service --enable-crashpad --crashpad-handler-pid=3003 --enable-crash-reporter=, --change-stack-guard-on-fork=enable --shared-files=v8_context_snapshot_data:100 --field-trial-handle=0,i,1142475399147461166,4973357900917022005,131072 enable-crashpad --crashpad-handler-pid=3003 --enable-crash-reporter=, --change-stack-guard-on-fork=enable --shared-files=v8_context_snapshot_data:100 --field-trial-handle=0,i,1142475399147461166,4973357900917022005,131072                                                                                                                                                                                                                                                                                                                                                                                                                                                                                                                                                                                                                                                                                                                                                                                                                                                                                                                                                                                                                                                                                                                                                                                                                                                                                                                                                                                                                                                                                                                                                                                                                                                                                                                                                                                                                                                                                                                                                                                                                                                                                                                                                                                                                                                  
woo            -  0.0    -      -     - -        Sl   19:30   0:00 -
woo            -  0.0    -      -     - -        Sl   19:30   0:00 -
woo            -  0.0    -      -     - -        Sl   19:30   0:00 -
woo            -  0.0    -      -     - -        Sl   19:30   0:00 -
woo            -  0.0    -      -     - -        Sl   19:37   0:00 -
woo            -  0.0    -      -     - -        Sl   19:37   0:00 -
woo         3245  0.1  0.4 26129344 107392 ?     -    19:30   0:00 /opt/microsoft/msedge/msedge --type=renderer --enable-crashpad --crashpad-handler-pid=3003 --enable-crash-reporter=, --extension-process --disable-client-side-phishing-detection --display-capture-permissions-policy-allowed --change-stack-guard-on-fork=enable --lang=zh-CN --num-raster-threads=4 --enable-main-frame-before-activation --renderer-client-id=6 --launch-time-ticks=415473129 --shared-files=v8_context_snapshot_data:100 --field-trial-handle=0,i,1142475399147461166,4973357900917022005,131072 nt-side-phishing-detection --display-capture-permissions-policy-allowed --change-stack-guard-on-fork=enable --lang=zh-CN --num-raster-threads=4 --enable-main-frame-before-activation --renderer-client-id=6 --launch-time-ticks=415473129 --shared-files=v8_context_snapshot_data:100 --field-trial-handle=0,i,1142475399147461166,4973357900917022005,131072                                                                                                                                                                                                                                                                                                                                                                                                                                                                                                                                                                                                                                                                                                                                                                                                                                                                                                                                                                                                                                                                                                                                                                                                                                                                                                                                                                                                                                                                                                                                                                                                                                                                                                                                                                                                                                                                                                                                                                                                                                                                                                                 
woo            -  0.0    -      -     - -        Sl   19:30   0:00 -
woo            -  0.0    -      -     - -        Sl   19:30   0:00 -
woo            -  0.0    -      -     - -        Sl   19:30   0:00 -
woo            -  0.0    -      -     - -        Sl   19:30   0:00 -
woo            -  0.0    -      -     - -        Sl   19:30   0:00 -
woo            -  0.0    -      -     - -        Sl   19:30   0:00 -
woo            -  0.0    -      -     - -        Sl   19:30   0:00 -
woo            -  0.0    -      -     - -        Sl   19:30   0:00 -
woo            -  0.0    -      -     - -        Sl   19:30   0:00 -
woo            -  0.0    -      -     - -        Sl   19:30   0:00 -
woo            -  0.0    -      -     - -        SNl  19:30   0:00 -
woo            -  0.0    -      -     - -        Sl   19:30   0:00 -
root        3364  0.0  0.0      0     0 ?        -    19:30   0:00 [kworker/7:0-mm_percpu_wq]
root           -  0.0    -      -     - -        I    19:30   0:00 -
woo         3404  0.4  0.0  17740 14248 ?        -    19:30   0:03 /opt/wine-stable/bin/wineserver LANGUAGE=zh_CN:zh:en_US:en LC_TIME=zh_CN.UTF-8 USER=woo GTK_CSD=0 XDG_SESSION_TYPE=x11 GNOME_SESSION_XDG_SESSION_PATH=/org/freedesktop/DisplayManager/Session0 SHLVL=1 HOME=/home/woo QT4_IM_MODULE=fcitx DESKTOP_SESSION=unity GIO_LAUNCHED_DESKTOP_FILE=/home/woo/桌面/Google Chrome.desktop GTK_MODULES=gail:atk-bridge:unity-gtk-module XDG_SEAT_PATH=/org/freedesktop/DisplayManager/Seat0 LC_MONETARY=zh_CN.UTF-8 MANAGERPID=1730 DBUS_SESSION_BUS_ADDRESS=unix:path=/run/user/1000/bus GIO_LAUNCHED_DESKTOP_FILE_PID=3392 IM_CONFIG_PHASE=1 MANDATORY_PATH=/usr/share/gconf/unity.mandatory.path QT_QPA_PLATFORMTHEME=appmenu-qt5 LOGNAME=woo GTK_IM_MODULE=fcitx _=/usr/bin/dbus-update-activation-environment JOURNAL_STREAM=9:45143 DEFAULTS_PATH=/usr/share/gconf/unity.default.path XDG_SESSION_CLASS=user GNOME_DESKTOP_SESSION_ID=this-is-deprecated GTK2_MODULES=overlay-scrollbar PATH=/home/woo/bin:/home/woo/.local/bin:/usr/local/sbin:/usr/local/bin:/usr/sbin:/usr/bin:/sbin:/bin:/usr/games:/usr/local/games:/snap/bin GDM_LANG=zh_CN INVOCATION_ID=3ac36d52fcaf48dfa03486ca8f335d3a SESSION_MANAGER=local/woo-TUF-Gaming-FX505GE-FX86FE:@/tmp/.ICE-unix/2114,unix/woo-TUF-Gaming-FX505GE-FX86FE:/tmp/.ICE-unix/2114 LC_ADDRESS=zh_CN.UTF-8 XDG_RUNTIME_DIR=/run/user/1000 XDG_SESSION_PATH=/org/freedesktop/DisplayManager/Session0 XDG_MENU_PREFIX=gnome- DISPLAY=:0 LANG=zh_CN.UTF-8 LC_TELEPHONE=zh_CN.UTF-8 LD_PRELOAD=libgtk3-nocsd.so.0 XDG_CURRENT_DESKTOP=Unity:Unity7:ubuntu DESKTOP_STARTUP_ID=nemo-desktop-2390-woo-TUF-Gaming-FX505GE-FX86FE-env-1_TIME434435 XAUTHORITY=/home/woo/.Xauthority XDG_SESSION_DESKTOP=unity XMODIFIERS=@im=fcitx SSH_AGENT_LAUNCHER=gnome-keyring SSH_AUTH_SOCK=/run/user/1000/keyring/ssh XDG_GREETER_DATA_DIR=/var/lib/lightdm-data/woo LC_NAME=zh_CN.UTF-8 SHELL=/bin/bash QT_ACCESSIBILITY=1 GDMSESSION=unity LC_MEASUREMENT=zh_CN.UTF-8 LC_IDENTIFICATION=zh_CN.UTF-8 GPG_AGENT_INFO=/run/user/1000/gnupg/S.gpg-agent:0:1 QT_IM_MODULE=fcitx PWD=/home/woo/.wine/drive_c/Program Files (x86)/Google/Chrome/Application XDG_DATA_DIRS=/usr/share/unity:/usr/local/share:/usr/share:/var/lib/snapd/desktop CLUTTER_IM_MODULE=fcitx XDG_CONFIG_DIRS=/etc/xdg/xdg-unity:/etc/xdg LC_NUMERIC=zh_CN.UTF-8 LC_PAPER=zh_CN.UTF-8 WINEPREFIX=/home/woo/.wine WINELOADERNOEXEC=1
woo            -  0.4    -      -     - -        Ss   19:30   0:03 -
woo         3410  0.0  0.0 2429076 15836 ?       -    19:30   0:00 C:\windows\system32\services.exe LANGUAGE=zh_CN:zh:en_US:en LC_TIME=zh_CN.UTF-8 USER=woo GTK_CSD=0 XDG_SESSION_TYPE=x11 GNOME_SESSION_XDG_SESSION_PATH=/org/freedesktop/DisplayManager/Session0 SHLVL=1 HOME=/home/woo QT4_IM_MODULE=fcitx DESKTOP_SESSION=unity GIO_LAUNCHED_DESKTOP_FILE=/home/woo/桌面/Google Chrome.desktop GTK_MODULES=gail:atk-bridge:unity-gtk-module XDG_SEAT_PATH=/org/freedesktop/DisplayManager/Seat0 LC_MONETARY=zh_CN.UTF-8 MANAGERPID=1730 DBUS_SESSION_BUS_ADDRESS=unix:path=/run/user/1000/bus GIO_LAUNCHED_DESKTOP_FILE_PID=3392 IM_CONFIG_PHASE=1 MANDATORY_PATH=/usr/share/gconf/unity.mandatory.path QT_QPA_PLATFORMTHEME=appmenu-qt5 LOGNAME=woo GTK_IM_MODULE=fcitx _=/usr/bin/dbus-update-activation-environment JOURNAL_STREAM=9:45143 DEFAULTS_PATH=/usr/share/gconf/unity.default.path XDG_SESSION_CLASS=user GNOME_DESKTOP_SESSION_ID=this-is-deprecated GTK2_MODULES=overlay-scrollbar PATH=/home/woo/bin:/home/woo/.local/bin:/usr/local/sbin:/usr/local/bin:/usr/sbin:/usr/bin:/sbin:/bin:/usr/games:/usr/local/games:/snap/bin GDM_LANG=zh_CN INVOCATION_ID=3ac36d52fcaf48dfa03486ca8f335d3a SESSION_MANAGER=local/woo-TUF-Gaming-FX505GE-FX86FE:@/tmp/.ICE-unix/2114,unix/woo-TUF-Gaming-FX505GE-FX86FE:/tmp/.ICE-unix/2114 LC_ADDRESS=zh_CN.UTF-8 XDG_RUNTIME_DIR=/run/user/1000 XDG_SESSION_PATH=/org/freedesktop/DisplayManager/Session0 XDG_MENU_PREFIX=gnome- DISPLAY=:0 LANG=zh_CN.UTF-8 LC_TELEPHONE=zh_CN.UTF-8 LD_PRELOAD=libgtk3-nocsd.so.0 XDG_CURRENT_DESKTOP=Unity:Unity7:ubuntu DESKTOP_STARTUP_ID=nemo-desktop-2390-woo-TUF-Gaming-FX505GE-FX86FE-env-1_TIME434435 XAUTHORITY=/home/woo/.Xauthority XDG_SESSION_DESKTOP=unity XMODIFIERS=@im=fcitx SSH_AGENT_LAUNCHER=gnome-keyring SSH_AUTH_SOCK=/run/user/1000/keyring/ssh XDG_GREETER_DATA_DIR=/var/lib/lightdm-data/woo LC_NAME=zh_CN.UTF-8 SHELL=/bin/bash QT_ACCESSIBILITY=1 GDMSESSION=unity LC_MEASUREMENT=zh_CN.UTF-8 LC_IDENTIFICATION=zh_CN.UTF-8 GPG_AGENT_INFO=/run/user/1000/gnupg/S.gpg-agent:0:1 QT_IM_MODULE=fcitx PWD=/home/woo/.wine/drive_c/Program Files (x86)/Google/Chrome/Application XDG_DATA_DIRS=/usr/share/unity:/usr/local/share:/usr/share:/var/lib/snapd/desktop CLUTTER_IM_MODULE=fcitx XDG_CONFIG_DIRS=/etc/xdg/xdg-unity:/etc/xdg LC_NUMERIC=zh_CN.UTF-8 LC_PAPER=zh_CN.UTF-8 WINEPREFIX=/home/woo/.wine WINELOADERNOEXEC=1 WINEPRELOADRESERVE=000400000-0004b6000 WINESERVERSOCKET=5
woo            -  0.0    -      -     - -        Ssl  19:30   0:00 -
woo            -  0.0    -      -     - -        Ssl  19:30   0:00 -
woo            -  0.0    -      -     - -        Ssl  19:30   0:00 -
woo            -  0.0    -      -     - -        Ssl  19:31   0:00 -
woo            -  0.0    -      -     - -        Ssl  19:31   0:00 -
woo            -  0.0    -      -     - -        Ssl  19:31   0:00 -
woo            -  0.0    -      -     - -        Ssl  19:31   0:00 -
woo            -  0.0    -      -     - -        Ssl  19:31   0:00 -
woo         3413  0.0  0.0 1904880 10340 ?       -    19:30   0:00 C:\windows\system32\svchost.exe -k LocalServiceNetworkRestricted LANGUAGE=zh_CN:zh:en_US:en LC_TIME=zh_CN.UTF-8 USER=woo GTK_CSD=0 XDG_SESSION_TYPE=x11 GNOME_SESSION_XDG_SESSION_PATH=/org/freedesktop/DisplayManager/Session0 SHLVL=1 HOME=/home/woo QT4_IM_MODULE=fcitx DESKTOP_SESSION=unity GIO_LAUNCHED_DESKTOP_FILE=/home/woo/桌面/Google Chrome.desktop GTK_MODULES=gail:atk-bridge:unity-gtk-module XDG_SEAT_PATH=/org/freedesktop/DisplayManager/Seat0 LC_MONETARY=zh_CN.UTF-8 MANAGERPID=1730 DBUS_SESSION_BUS_ADDRESS=unix:path=/run/user/1000/bus GIO_LAUNCHED_DESKTOP_FILE_PID=3392 IM_CONFIG_PHASE=1 MANDATORY_PATH=/usr/share/gconf/unity.mandatory.path QT_QPA_PLATFORMTHEME=appmenu-qt5 LOGNAME=woo GTK_IM_MODULE=fcitx _=/usr/bin/dbus-update-activation-environment JOURNAL_STREAM=9:45143 DEFAULTS_PATH=/usr/share/gconf/unity.default.path XDG_SESSION_CLASS=user GNOME_DESKTOP_SESSION_ID=this-is-deprecated GTK2_MODULES=overlay-scrollbar PATH=/home/woo/bin:/home/woo/.local/bin:/usr/local/sbin:/usr/local/bin:/usr/sbin:/usr/bin:/sbin:/bin:/usr/games:/usr/local/games:/snap/bin GDM_LANG=zh_CN INVOCATION_ID=3ac36d52fcaf48dfa03486ca8f335d3a SESSION_MANAGER=local/woo-TUF-Gaming-FX505GE-FX86FE:@/tmp/.ICE-unix/2114,unix/woo-TUF-Gaming-FX505GE-FX86FE:/tmp/.ICE-unix/2114 LC_ADDRESS=zh_CN.UTF-8 XDG_RUNTIME_DIR=/run/user/1000 XDG_SESSION_PATH=/org/freedesktop/DisplayManager/Session0 XDG_MENU_PREFIX=gnome- DISPLAY=:0 LANG=zh_CN.UTF-8 LC_TELEPHONE=zh_CN.UTF-8 LD_PRELOAD=libgtk3-nocsd.so.0 XDG_CURRENT_DESKTOP=Unity:Unity7:ubuntu DESKTOP_STARTUP_ID=nemo-desktop-2390-woo-TUF-Gaming-FX505GE-FX86FE-env-1_TIME434435 XAUTHORITY=/home/woo/.Xauthority XDG_SESSION_DESKTOP=unity XMODIFIERS=@im=fcitx SSH_AGENT_LAUNCHER=gnome-keyring SSH_AUTH_SOCK=/run/user/1000/keyring/ssh XDG_GREETER_DATA_DIR=/var/lib/lightdm-data/woo LC_NAME=zh_CN.UTF-8 SHELL=/bin/bash QT_ACCESSIBILITY=1 GDMSESSION=unity LC_MEASUREMENT=zh_CN.UTF-8 LC_IDENTIFICATION=zh_CN.UTF-8 GPG_AGENT_INFO=/run/user/1000/gnupg/S.gpg-agent:0:1 QT_IM_MODULE=fcitx PWD=/home/woo/.wine/drive_c/Program Files (x86)/Google/Chrome/Application XDG_DATA_DIRS=/usr/share/unity:/usr/local/share:/usr/share:/var/lib/snapd/desktop CLUTTER_IM_MODULE=fcitx XDG_CONFIG_DIRS=/etc/xdg/xdg-unity:/etc/xdg LC_NUMERIC=zh_CN.UTF-8 LC_PAPER=zh_CN.UTF-8 WINEPREFIX=/home/woo/.wine WINELOADERNOEXEC=1 WINEPRELOADRESERVE=000400000-00041f000 WINESERVERSOCKET=11
woo            -  0.0    -      -     - -        Sl   19:30   0:00 -
woo            -  0.0    -      -     - -        Sl   19:30   0:00 -
woo            -  0.0    -      -     - -        Sl   19:30   0:00 -
woo         3421  0.0  0.2 2085100 57308 ?       -    19:31   0:00 C:\windows\system32\explorer.exe /desktop LANGUAGE=zh_CN:zh:en_US:en LC_TIME=zh_CN.UTF-8 USER=woo GTK_CSD=0 XDG_SESSION_TYPE=x11 GNOME_SESSION_XDG_SESSION_PATH=/org/freedesktop/DisplayManager/Session0 SHLVL=1 HOME=/home/woo QT4_IM_MODULE=fcitx DESKTOP_SESSION=unity GIO_LAUNCHED_DESKTOP_FILE=/home/woo/桌面/Google Chrome.desktop GTK_MODULES=gail:atk-bridge:unity-gtk-module XDG_SEAT_PATH=/org/freedesktop/DisplayManager/Seat0 LC_MONETARY=zh_CN.UTF-8 MANAGERPID=1730 DBUS_SESSION_BUS_ADDRESS=unix:path=/run/user/1000/bus GIO_LAUNCHED_DESKTOP_FILE_PID=3392 IM_CONFIG_PHASE=1 MANDATORY_PATH=/usr/share/gconf/unity.mandatory.path QT_QPA_PLATFORMTHEME=appmenu-qt5 LOGNAME=woo GTK_IM_MODULE=fcitx _=/usr/bin/dbus-update-activation-environment JOURNAL_STREAM=9:45143 DEFAULTS_PATH=/usr/share/gconf/unity.default.path XDG_SESSION_CLASS=user GNOME_DESKTOP_SESSION_ID=this-is-deprecated GTK2_MODULES=overlay-scrollbar PATH=/home/woo/bin:/home/woo/.local/bin:/usr/local/sbin:/usr/local/bin:/usr/sbin:/usr/bin:/sbin:/bin:/usr/games:/usr/local/games:/snap/bin GDM_LANG=zh_CN INVOCATION_ID=3ac36d52fcaf48dfa03486ca8f335d3a SESSION_MANAGER=local/woo-TUF-Gaming-FX505GE-FX86FE:@/tmp/.ICE-unix/2114,unix/woo-TUF-Gaming-FX505GE-FX86FE:/tmp/.ICE-unix/2114 LC_ADDRESS=zh_CN.UTF-8 XDG_RUNTIME_DIR=/run/user/1000 XDG_SESSION_PATH=/org/freedesktop/DisplayManager/Session0 XDG_MENU_PREFIX=gnome- DISPLAY=:0 LANG=zh_CN.UTF-8 LC_TELEPHONE=zh_CN.UTF-8 LD_PRELOAD=libgtk3-nocsd.so.0 XDG_CURRENT_DESKTOP=Unity:Unity7:ubuntu DESKTOP_STARTUP_ID=nemo-desktop-2390-woo-TUF-Gaming-FX505GE-FX86FE-env-1_TIME434435 XAUTHORITY=/home/woo/.Xauthority XDG_SESSION_DESKTOP=unity XMODIFIERS=@im=fcitx SSH_AGENT_LAUNCHER=gnome-keyring SSH_AUTH_SOCK=/run/user/1000/keyring/ssh XDG_GREETER_DATA_DIR=/var/lib/lightdm-data/woo LC_NAME=zh_CN.UTF-8 SHELL=/bin/bash QT_ACCESSIBILITY=1 GDMSESSION=unity LC_MEASUREMENT=zh_CN.UTF-8 LC_IDENTIFICATION=zh_CN.UTF-8 GPG_AGENT_INFO=/run/user/1000/gnupg/S.gpg-agent:0:1 QT_IM_MODULE=fcitx PWD=/home/woo/.wine/drive_c/Program Files (x86)/Google/Chrome/Application XDG_DATA_DIRS=/usr/share/unity:/usr/local/share:/usr/share:/var/lib/snapd/desktop CLUTTER_IM_MODULE=fcitx XDG_CONFIG_DIRS=/etc/xdg/xdg-unity:/etc/xdg LC_NUMERIC=zh_CN.UTF-8 LC_PAPER=zh_CN.UTF-8 WINEPREFIX=/home/woo/.wine WINELOADERNOEXEC=1 WINEPRELOADRESERVE=000400000-0004b8000 WINESERVERSOCKET=10
woo            -  0.0    -      -     - -        Sl   19:31   0:00 -
woo            -  0.0    -      -     - -        Sl   19:31   0:00 -
woo            -  0.0    -      -     - -        Sl   19:31   0:00 -
woo         3429  0.0  0.0 2041032 14520 ?       -    19:31   0:00 C:\windows\system32\winedevice.exe LANGUAGE=zh_CN:zh:en_US:en LC_TIME=zh_CN.UTF-8 USER=woo GTK_CSD=0 XDG_SESSION_TYPE=x11 GNOME_SESSION_XDG_SESSION_PATH=/org/freedesktop/DisplayManager/Session0 SHLVL=1 HOME=/home/woo QT4_IM_MODULE=fcitx DESKTOP_SESSION=unity GIO_LAUNCHED_DESKTOP_FILE=/home/woo/桌面/Google Chrome.desktop GTK_MODULES=gail:atk-bridge:unity-gtk-module XDG_SEAT_PATH=/org/freedesktop/DisplayManager/Seat0 LC_MONETARY=zh_CN.UTF-8 MANAGERPID=1730 DBUS_SESSION_BUS_ADDRESS=unix:path=/run/user/1000/bus GIO_LAUNCHED_DESKTOP_FILE_PID=3392 IM_CONFIG_PHASE=1 MANDATORY_PATH=/usr/share/gconf/unity.mandatory.path QT_QPA_PLATFORMTHEME=appmenu-qt5 LOGNAME=woo GTK_IM_MODULE=fcitx _=/usr/bin/dbus-update-activation-environment JOURNAL_STREAM=9:45143 DEFAULTS_PATH=/usr/share/gconf/unity.default.path XDG_SESSION_CLASS=user GNOME_DESKTOP_SESSION_ID=this-is-deprecated GTK2_MODULES=overlay-scrollbar PATH=/home/woo/bin:/home/woo/.local/bin:/usr/local/sbin:/usr/local/bin:/usr/sbin:/usr/bin:/sbin:/bin:/usr/games:/usr/local/games:/snap/bin GDM_LANG=zh_CN INVOCATION_ID=3ac36d52fcaf48dfa03486ca8f335d3a SESSION_MANAGER=local/woo-TUF-Gaming-FX505GE-FX86FE:@/tmp/.ICE-unix/2114,unix/woo-TUF-Gaming-FX505GE-FX86FE:/tmp/.ICE-unix/2114 LC_ADDRESS=zh_CN.UTF-8 XDG_RUNTIME_DIR=/run/user/1000 XDG_SESSION_PATH=/org/freedesktop/DisplayManager/Session0 XDG_MENU_PREFIX=gnome- DISPLAY=:0 LANG=zh_CN.UTF-8 LC_TELEPHONE=zh_CN.UTF-8 LD_PRELOAD=libgtk3-nocsd.so.0 XDG_CURRENT_DESKTOP=Unity:Unity7:ubuntu DESKTOP_STARTUP_ID=nemo-desktop-2390-woo-TUF-Gaming-FX505GE-FX86FE-env-1_TIME434435 XAUTHORITY=/home/woo/.Xauthority XDG_SESSION_DESKTOP=unity XMODIFIERS=@im=fcitx SSH_AGENT_LAUNCHER=gnome-keyring SSH_AUTH_SOCK=/run/user/1000/keyring/ssh XDG_GREETER_DATA_DIR=/var/lib/lightdm-data/woo LC_NAME=zh_CN.UTF-8 SHELL=/bin/bash QT_ACCESSIBILITY=1 GDMSESSION=unity LC_MEASUREMENT=zh_CN.UTF-8 LC_IDENTIFICATION=zh_CN.UTF-8 GPG_AGENT_INFO=/run/user/1000/gnupg/S.gpg-agent:0:1 QT_IM_MODULE=fcitx PWD=/home/woo/.wine/drive_c/Program Files (x86)/Google/Chrome/Application XDG_DATA_DIRS=/usr/share/unity:/usr/local/share:/usr/share:/var/lib/snapd/desktop CLUTTER_IM_MODULE=fcitx XDG_CONFIG_DIRS=/etc/xdg/xdg-unity:/etc/xdg LC_NUMERIC=zh_CN.UTF-8 LC_PAPER=zh_CN.UTF-8 WINEPREFIX=/home/woo/.wine WINELOADERNOEXEC=1 WINEPRELOADRESERVE=000400000-000423000 WINESERVERSOCKET=23
woo            -  0.0    -      -     - -        Sl   19:31   0:00 -
woo            -  0.0    -      -     - -        Sl   19:31   0:00 -
woo            -  0.0    -      -     - -        Sl   19:31   0:00 -
woo            -  0.0    -      -     - -        Sl   19:31   0:00 -
woo            -  0.0    -      -     - -        Sl   19:31   0:00 -
woo            -  0.0    -      -     - -        Sl   19:31   0:00 -
woo         3431  0.0  0.1 2765620 32600 ?       -    19:31   0:00 C:\Program Files (x86)\Google\Update\GoogleUpdate.exe /c LANGUAGE=zh_CN:zh:en_US:en LC_TIME=zh_CN.UTF-8 USER=woo GTK_CSD=0 XDG_SESSION_TYPE=x11 GNOME_SESSION_XDG_SESSION_PATH=/org/freedesktop/DisplayManager/Session0 SHLVL=1 HOME=/home/woo QT4_IM_MODULE=fcitx DESKTOP_SESSION=unity GIO_LAUNCHED_DESKTOP_FILE=/home/woo/桌面/Google Chrome.desktop GTK_MODULES=gail:atk-bridge:unity-gtk-module XDG_SEAT_PATH=/org/freedesktop/DisplayManager/Seat0 LC_MONETARY=zh_CN.UTF-8 MANAGERPID=1730 DBUS_SESSION_BUS_ADDRESS=unix:path=/run/user/1000/bus GIO_LAUNCHED_DESKTOP_FILE_PID=3392 IM_CONFIG_PHASE=1 MANDATORY_PATH=/usr/share/gconf/unity.mandatory.path QT_QPA_PLATFORMTHEME=appmenu-qt5 LOGNAME=woo GTK_IM_MODULE=fcitx _=/usr/bin/dbus-update-activation-environment JOURNAL_STREAM=9:45143 DEFAULTS_PATH=/usr/share/gconf/unity.default.path XDG_SESSION_CLASS=user GNOME_DESKTOP_SESSION_ID=this-is-deprecated GTK2_MODULES=overlay-scrollbar PATH=/home/woo/bin:/home/woo/.local/bin:/usr/local/sbin:/usr/local/bin:/usr/sbin:/usr/bin:/sbin:/bin:/usr/games:/usr/local/games:/snap/bin GDM_LANG=zh_CN INVOCATION_ID=3ac36d52fcaf48dfa03486ca8f335d3a SESSION_MANAGER=local/woo-TUF-Gaming-FX505GE-FX86FE:@/tmp/.ICE-unix/2114,unix/woo-TUF-Gaming-FX505GE-FX86FE:/tmp/.ICE-unix/2114 LC_ADDRESS=zh_CN.UTF-8 XDG_RUNTIME_DIR=/run/user/1000 XDG_SESSION_PATH=/org/freedesktop/DisplayManager/Session0 XDG_MENU_PREFIX=gnome- DISPLAY=:0 LANG=zh_CN.UTF-8 LC_TELEPHONE=zh_CN.UTF-8 LD_PRELOAD=libgtk3-nocsd.so.0 XDG_CURRENT_DESKTOP=Unity:Unity7:ubuntu DESKTOP_STARTUP_ID=nemo-desktop-2390-woo-TUF-Gaming-FX505GE-FX86FE-env-1_TIME434435 XAUTHORITY=/home/woo/.Xauthority XDG_SESSION_DESKTOP=unity XMODIFIERS=@im=fcitx SSH_AGENT_LAUNCHER=gnome-keyring SSH_AUTH_SOCK=/run/user/1000/keyring/ssh XDG_GREETER_DATA_DIR=/var/lib/lightdm-data/woo LC_NAME=zh_CN.UTF-8 SHELL=/bin/bash QT_ACCESSIBILITY=1 GDMSESSION=unity LC_MEASUREMENT=zh_CN.UTF-8 LC_IDENTIFICATION=zh_CN.UTF-8 GPG_AGENT_INFO=/run/user/1000/gnupg/S.gpg-agent:0:1 QT_IM_MODULE=fcitx PWD=/home/woo/.wine/drive_c/Program Files (x86)/Google/Chrome/Application XDG_DATA_DIRS=/usr/share/unity:/usr/local/share:/usr/share:/var/lib/snapd/desktop CLUTTER_IM_MODULE=fcitx XDG_CONFIG_DIRS=/etc/xdg/xdg-unity:/etc/xdg LC_NUMERIC=zh_CN.UTF-8 LC_PAPER=zh_CN.UTF-8 WINEPREFIX=/home/woo/.wine WINELOADERNOEXEC=1 WINEPRELOADRESERVE=000400000-000429000 GNUTLS_SYSTEM_PRIORITY_FILE=/dev/null WINESERVERSOCKET=18
woo            -  0.0    -      -     - -        Sl   19:31   0:00 -
woo            -  0.0    -      -     - -        Sl   19:31   0:00 -
woo            -  0.0    -      -     - -        Sl   19:31   0:00 -
woo            -  0.0    -      -     - -        Sl   19:31   0:00 -
woo            -  0.0    -      -     - -        Sl   19:31   0:00 -
woo            -  0.0    -      -     - -        Sl   19:31   0:00 -
woo         3440  0.5  0.1 2200952 25228 ?       -    19:31   0:03 C:\windows\system32\winedevice.exe LANGUAGE=zh_CN:zh:en_US:en LC_TIME=zh_CN.UTF-8 USER=woo GTK_CSD=0 XDG_SESSION_TYPE=x11 GNOME_SESSION_XDG_SESSION_PATH=/org/freedesktop/DisplayManager/Session0 SHLVL=1 HOME=/home/woo QT4_IM_MODULE=fcitx DESKTOP_SESSION=unity GIO_LAUNCHED_DESKTOP_FILE=/home/woo/桌面/Google Chrome.desktop GTK_MODULES=gail:atk-bridge:unity-gtk-module XDG_SEAT_PATH=/org/freedesktop/DisplayManager/Seat0 LC_MONETARY=zh_CN.UTF-8 MANAGERPID=1730 DBUS_SESSION_BUS_ADDRESS=unix:path=/run/user/1000/bus GIO_LAUNCHED_DESKTOP_FILE_PID=3392 IM_CONFIG_PHASE=1 MANDATORY_PATH=/usr/share/gconf/unity.mandatory.path QT_QPA_PLATFORMTHEME=appmenu-qt5 LOGNAME=woo GTK_IM_MODULE=fcitx _=/usr/bin/dbus-update-activation-environment JOURNAL_STREAM=9:45143 DEFAULTS_PATH=/usr/share/gconf/unity.default.path XDG_SESSION_CLASS=user GNOME_DESKTOP_SESSION_ID=this-is-deprecated GTK2_MODULES=overlay-scrollbar PATH=/home/woo/bin:/home/woo/.local/bin:/usr/local/sbin:/usr/local/bin:/usr/sbin:/usr/bin:/sbin:/bin:/usr/games:/usr/local/games:/snap/bin GDM_LANG=zh_CN INVOCATION_ID=3ac36d52fcaf48dfa03486ca8f335d3a SESSION_MANAGER=local/woo-TUF-Gaming-FX505GE-FX86FE:@/tmp/.ICE-unix/2114,unix/woo-TUF-Gaming-FX505GE-FX86FE:/tmp/.ICE-unix/2114 LC_ADDRESS=zh_CN.UTF-8 XDG_RUNTIME_DIR=/run/user/1000 XDG_SESSION_PATH=/org/freedesktop/DisplayManager/Session0 XDG_MENU_PREFIX=gnome- DISPLAY=:0 LANG=zh_CN.UTF-8 LC_TELEPHONE=zh_CN.UTF-8 LD_PRELOAD=libgtk3-nocsd.so.0 XDG_CURRENT_DESKTOP=Unity:Unity7:ubuntu DESKTOP_STARTUP_ID=nemo-desktop-2390-woo-TUF-Gaming-FX505GE-FX86FE-env-1_TIME434435 XAUTHORITY=/home/woo/.Xauthority XDG_SESSION_DESKTOP=unity XMODIFIERS=@im=fcitx SSH_AGENT_LAUNCHER=gnome-keyring SSH_AUTH_SOCK=/run/user/1000/keyring/ssh XDG_GREETER_DATA_DIR=/var/lib/lightdm-data/woo LC_NAME=zh_CN.UTF-8 SHELL=/bin/bash QT_ACCESSIBILITY=1 GDMSESSION=unity LC_MEASUREMENT=zh_CN.UTF-8 LC_IDENTIFICATION=zh_CN.UTF-8 GPG_AGENT_INFO=/run/user/1000/gnupg/S.gpg-agent:0:1 QT_IM_MODULE=fcitx PWD=/home/woo/.wine/drive_c/Program Files (x86)/Google/Chrome/Application XDG_DATA_DIRS=/usr/share/unity:/usr/local/share:/usr/share:/var/lib/snapd/desktop CLUTTER_IM_MODULE=fcitx XDG_CONFIG_DIRS=/etc/xdg/xdg-unity:/etc/xdg LC_NUMERIC=zh_CN.UTF-8 LC_PAPER=zh_CN.UTF-8 WINEPREFIX=/home/woo/.wine WINELOADERNOEXEC=1 WINEPRELOADRESERVE=000400000-000423000 WINESERVERSOCKET=20
woo            -  0.0    -      -     - -        Sl   19:31   0:00 -
woo            -  0.0    -      -     - -        Sl   19:31   0:00 -
woo            -  0.0    -      -     - -        Sl   19:31   0:00 -
woo            -  0.0    -      -     - -        Sl   19:31   0:00 -
woo            -  0.0    -      -     - -        Sl   19:31   0:00 -
woo            -  0.5    -      -     - -        Sl   19:31   0:03 -
woo            -  0.0    -      -     - -        Sl   19:31   0:00 -
woo            -  0.0    -      -     - -        Sl   19:31   0:00 -
root        3454  0.0  0.0      0     0 ?        -    19:31   0:00 [kworker/0:3-events]
root           -  0.0    -      -     - -        I    19:31   0:00 -
woo         3458  0.0  0.0 2119472 19168 ?       -    19:31   0:00 C:\windows\system32\plugplay.exe LANGUAGE=zh_CN:zh:en_US:en LC_TIME=zh_CN.UTF-8 USER=woo GTK_CSD=0 XDG_SESSION_TYPE=x11 GNOME_SESSION_XDG_SESSION_PATH=/org/freedesktop/DisplayManager/Session0 SHLVL=1 HOME=/home/woo QT4_IM_MODULE=fcitx DESKTOP_SESSION=unity GIO_LAUNCHED_DESKTOP_FILE=/home/woo/桌面/Google Chrome.desktop GTK_MODULES=gail:atk-bridge:unity-gtk-module XDG_SEAT_PATH=/org/freedesktop/DisplayManager/Seat0 LC_MONETARY=zh_CN.UTF-8 MANAGERPID=1730 DBUS_SESSION_BUS_ADDRESS=unix:path=/run/user/1000/bus GIO_LAUNCHED_DESKTOP_FILE_PID=3392 IM_CONFIG_PHASE=1 MANDATORY_PATH=/usr/share/gconf/unity.mandatory.path QT_QPA_PLATFORMTHEME=appmenu-qt5 LOGNAME=woo GTK_IM_MODULE=fcitx _=/usr/bin/dbus-update-activation-environment JOURNAL_STREAM=9:45143 DEFAULTS_PATH=/usr/share/gconf/unity.default.path XDG_SESSION_CLASS=user GNOME_DESKTOP_SESSION_ID=this-is-deprecated GTK2_MODULES=overlay-scrollbar PATH=/home/woo/bin:/home/woo/.local/bin:/usr/local/sbin:/usr/local/bin:/usr/sbin:/usr/bin:/sbin:/bin:/usr/games:/usr/local/games:/snap/bin GDM_LANG=zh_CN INVOCATION_ID=3ac36d52fcaf48dfa03486ca8f335d3a SESSION_MANAGER=local/woo-TUF-Gaming-FX505GE-FX86FE:@/tmp/.ICE-unix/2114,unix/woo-TUF-Gaming-FX505GE-FX86FE:/tmp/.ICE-unix/2114 LC_ADDRESS=zh_CN.UTF-8 XDG_RUNTIME_DIR=/run/user/1000 XDG_SESSION_PATH=/org/freedesktop/DisplayManager/Session0 XDG_MENU_PREFIX=gnome- DISPLAY=:0 LANG=zh_CN.UTF-8 LC_TELEPHONE=zh_CN.UTF-8 LD_PRELOAD=libgtk3-nocsd.so.0 XDG_CURRENT_DESKTOP=Unity:Unity7:ubuntu DESKTOP_STARTUP_ID=nemo-desktop-2390-woo-TUF-Gaming-FX505GE-FX86FE-env-1_TIME434435 XAUTHORITY=/home/woo/.Xauthority XDG_SESSION_DESKTOP=unity XMODIFIERS=@im=fcitx SSH_AGENT_LAUNCHER=gnome-keyring SSH_AUTH_SOCK=/run/user/1000/keyring/ssh XDG_GREETER_DATA_DIR=/var/lib/lightdm-data/woo LC_NAME=zh_CN.UTF-8 SHELL=/bin/bash QT_ACCESSIBILITY=1 GDMSESSION=unity LC_MEASUREMENT=zh_CN.UTF-8 LC_IDENTIFICATION=zh_CN.UTF-8 GPG_AGENT_INFO=/run/user/1000/gnupg/S.gpg-agent:0:1 QT_IM_MODULE=fcitx PWD=/home/woo/.wine/drive_c/Program Files (x86)/Google/Chrome/Application XDG_DATA_DIRS=/usr/share/unity:/usr/local/share:/usr/share:/var/lib/snapd/desktop CLUTTER_IM_MODULE=fcitx XDG_CONFIG_DIRS=/etc/xdg/xdg-unity:/etc/xdg LC_NUMERIC=zh_CN.UTF-8 LC_PAPER=zh_CN.UTF-8 WINEPREFIX=/home/woo/.wine WINELOADERNOEXEC=1 WINEPRELOADRESERVE=000400000-00042d000 WINESERVERSOCKET=31
woo            -  0.0    -      -     - -        Sl   19:31   0:00 -
woo            -  0.0    -      -     - -        Sl   19:31   0:00 -
woo            -  0.0    -      -     - -        Sl   19:31   0:00 -
woo            -  0.0    -      -     - -        Sl   19:31   0:00 -
woo            -  0.0    -      -     - -        Sl   19:31   0:00 -
woo            -  0.0    -      -     - -        Sl   19:31   0:00 -
woo         3464  0.0  0.0 2254712 21984 ?       -    19:31   0:00 C:\windows\system32\svchost.exe -k netsvcs LANGUAGE=zh_CN:zh:en_US:en LC_TIME=zh_CN.UTF-8 USER=woo GTK_CSD=0 XDG_SESSION_TYPE=x11 GNOME_SESSION_XDG_SESSION_PATH=/org/freedesktop/DisplayManager/Session0 SHLVL=1 HOME=/home/woo QT4_IM_MODULE=fcitx DESKTOP_SESSION=unity GIO_LAUNCHED_DESKTOP_FILE=/home/woo/桌面/Google Chrome.desktop GTK_MODULES=gail:atk-bridge:unity-gtk-module XDG_SEAT_PATH=/org/freedesktop/DisplayManager/Seat0 LC_MONETARY=zh_CN.UTF-8 MANAGERPID=1730 DBUS_SESSION_BUS_ADDRESS=unix:path=/run/user/1000/bus GIO_LAUNCHED_DESKTOP_FILE_PID=3392 IM_CONFIG_PHASE=1 MANDATORY_PATH=/usr/share/gconf/unity.mandatory.path QT_QPA_PLATFORMTHEME=appmenu-qt5 LOGNAME=woo GTK_IM_MODULE=fcitx _=/usr/bin/dbus-update-activation-environment JOURNAL_STREAM=9:45143 DEFAULTS_PATH=/usr/share/gconf/unity.default.path XDG_SESSION_CLASS=user GNOME_DESKTOP_SESSION_ID=this-is-deprecated GTK2_MODULES=overlay-scrollbar PATH=/home/woo/bin:/home/woo/.local/bin:/usr/local/sbin:/usr/local/bin:/usr/sbin:/usr/bin:/sbin:/bin:/usr/games:/usr/local/games:/snap/bin GDM_LANG=zh_CN INVOCATION_ID=3ac36d52fcaf48dfa03486ca8f335d3a SESSION_MANAGER=local/woo-TUF-Gaming-FX505GE-FX86FE:@/tmp/.ICE-unix/2114,unix/woo-TUF-Gaming-FX505GE-FX86FE:/tmp/.ICE-unix/2114 LC_ADDRESS=zh_CN.UTF-8 XDG_RUNTIME_DIR=/run/user/1000 XDG_SESSION_PATH=/org/freedesktop/DisplayManager/Session0 XDG_MENU_PREFIX=gnome- DISPLAY=:0 LANG=zh_CN.UTF-8 LC_TELEPHONE=zh_CN.UTF-8 LD_PRELOAD=libgtk3-nocsd.so.0 XDG_CURRENT_DESKTOP=Unity:Unity7:ubuntu DESKTOP_STARTUP_ID=nemo-desktop-2390-woo-TUF-Gaming-FX505GE-FX86FE-env-1_TIME434435 XAUTHORITY=/home/woo/.Xauthority XDG_SESSION_DESKTOP=unity XMODIFIERS=@im=fcitx SSH_AGENT_LAUNCHER=gnome-keyring SSH_AUTH_SOCK=/run/user/1000/keyring/ssh XDG_GREETER_DATA_DIR=/var/lib/lightdm-data/woo LC_NAME=zh_CN.UTF-8 SHELL=/bin/bash QT_ACCESSIBILITY=1 GDMSESSION=unity LC_MEASUREMENT=zh_CN.UTF-8 LC_IDENTIFICATION=zh_CN.UTF-8 GPG_AGENT_INFO=/run/user/1000/gnupg/S.gpg-agent:0:1 QT_IM_MODULE=fcitx PWD=/home/woo/.wine/drive_c/Program Files (x86)/Google/Chrome/Application XDG_DATA_DIRS=/usr/share/unity:/usr/local/share:/usr/share:/var/lib/snapd/desktop CLUTTER_IM_MODULE=fcitx XDG_CONFIG_DIRS=/etc/xdg/xdg-unity:/etc/xdg LC_NUMERIC=zh_CN.UTF-8 LC_PAPER=zh_CN.UTF-8 WINEPREFIX=/home/woo/.wine WINELOADERNOEXEC=1 WINEPRELOADRESERVE=000400000-00041f000 WINESERVERSOCKET=35
woo            -  0.0    -      -     - -        Sl   19:31   0:00 -
woo            -  0.0    -      -     - -        Sl   19:31   0:00 -
woo            -  0.0    -      -     - -        Sl   19:31   0:00 -
woo            -  0.0    -      -     - -        Sl   19:31   0:00 -
woo            -  0.0    -      -     - -        Sl   19:31   0:00 -
woo            -  0.0    -      -     - -        Sl   19:31   0:00 -
woo            -  0.0    -      -     - -        Sl   19:39   0:00 -
woo         3472  0.0  0.0 2298004 14484 ?       -    19:31   0:00 C:\windows\system32\rpcss.exe LANGUAGE=zh_CN:zh:en_US:en LC_TIME=zh_CN.UTF-8 USER=woo GTK_CSD=0 XDG_SESSION_TYPE=x11 GNOME_SESSION_XDG_SESSION_PATH=/org/freedesktop/DisplayManager/Session0 SHLVL=1 HOME=/home/woo QT4_IM_MODULE=fcitx DESKTOP_SESSION=unity GIO_LAUNCHED_DESKTOP_FILE=/home/woo/桌面/Google Chrome.desktop GTK_MODULES=gail:atk-bridge:unity-gtk-module XDG_SEAT_PATH=/org/freedesktop/DisplayManager/Seat0 LC_MONETARY=zh_CN.UTF-8 MANAGERPID=1730 DBUS_SESSION_BUS_ADDRESS=unix:path=/run/user/1000/bus GIO_LAUNCHED_DESKTOP_FILE_PID=3392 IM_CONFIG_PHASE=1 MANDATORY_PATH=/usr/share/gconf/unity.mandatory.path QT_QPA_PLATFORMTHEME=appmenu-qt5 LOGNAME=woo GTK_IM_MODULE=fcitx _=/usr/bin/dbus-update-activation-environment JOURNAL_STREAM=9:45143 DEFAULTS_PATH=/usr/share/gconf/unity.default.path XDG_SESSION_CLASS=user GNOME_DESKTOP_SESSION_ID=this-is-deprecated GTK2_MODULES=overlay-scrollbar PATH=/home/woo/bin:/home/woo/.local/bin:/usr/local/sbin:/usr/local/bin:/usr/sbin:/usr/bin:/sbin:/bin:/usr/games:/usr/local/games:/snap/bin GDM_LANG=zh_CN INVOCATION_ID=3ac36d52fcaf48dfa03486ca8f335d3a SESSION_MANAGER=local/woo-TUF-Gaming-FX505GE-FX86FE:@/tmp/.ICE-unix/2114,unix/woo-TUF-Gaming-FX505GE-FX86FE:/tmp/.ICE-unix/2114 LC_ADDRESS=zh_CN.UTF-8 XDG_RUNTIME_DIR=/run/user/1000 XDG_SESSION_PATH=/org/freedesktop/DisplayManager/Session0 XDG_MENU_PREFIX=gnome- DISPLAY=:0 LANG=zh_CN.UTF-8 LC_TELEPHONE=zh_CN.UTF-8 LD_PRELOAD=libgtk3-nocsd.so.0 XDG_CURRENT_DESKTOP=Unity:Unity7:ubuntu DESKTOP_STARTUP_ID=nemo-desktop-2390-woo-TUF-Gaming-FX505GE-FX86FE-env-1_TIME434435 XAUTHORITY=/home/woo/.Xauthority XDG_SESSION_DESKTOP=unity XMODIFIERS=@im=fcitx SSH_AGENT_LAUNCHER=gnome-keyring SSH_AUTH_SOCK=/run/user/1000/keyring/ssh XDG_GREETER_DATA_DIR=/var/lib/lightdm-data/woo LC_NAME=zh_CN.UTF-8 SHELL=/bin/bash QT_ACCESSIBILITY=1 GDMSESSION=unity LC_MEASUREMENT=zh_CN.UTF-8 LC_IDENTIFICATION=zh_CN.UTF-8 GPG_AGENT_INFO=/run/user/1000/gnupg/S.gpg-agent:0:1 QT_IM_MODULE=fcitx PWD=/home/woo/.wine/drive_c/Program Files (x86)/Google/Chrome/Application XDG_DATA_DIRS=/usr/share/unity:/usr/local/share:/usr/share:/var/lib/snapd/desktop CLUTTER_IM_MODULE=fcitx XDG_CONFIG_DIRS=/etc/xdg/xdg-unity:/etc/xdg LC_NUMERIC=zh_CN.UTF-8 LC_PAPER=zh_CN.UTF-8 WINEPREFIX=/home/woo/.wine WINELOADERNOEXEC=1 WINEPRELOADRESERVE=000400000-00045e000 WINESERVERSOCKET=43
woo            -  0.0    -      -     - -        Sl   19:31   0:00 -
woo            -  0.0    -      -     - -        Sl   19:31   0:00 -
woo            -  0.0    -      -     - -        Sl   19:31   0:00 -
woo            -  0.0    -      -     - -        Sl   19:31   0:00 -
woo            -  0.0    -      -     - -        Sl   19:31   0:00 -
woo            -  0.0    -      -     - -        Sl   19:31   0:00 -
woo            -  0.0    -      -     - -        Sl   19:31   0:00 -
woo         3494  0.4  0.0      0     0 ?        -    19:31   0:03 [chrome.exe] <defunct>
woo            -  0.2    -      -     - -        Zl   19:31   0:01 -
woo            -  0.0    -      -     - -        Sl   19:31   0:00 -
woo            -  0.0    -      -     - -        Sl   19:31   0:00 -
woo            -  0.0    -      -     - -        Sl   19:31   0:00 -
woo            -  0.0    -      -     - -        Sl   19:31   0:00 -
woo            -  0.0    -      -     - -        Sl   19:31   0:00 -
woo            -  0.0    -      -     - -        Sl   19:31   0:00 -
woo            -  0.0    -      -     - -        Sl   19:31   0:00 -
woo            -  0.0    -      -     - -        Sl   19:31   0:00 -
woo            -  0.0    -      -     - -        Sl   19:31   0:00 -
woo            -  0.0    -      -     - -        Sl   19:31   0:00 -
woo            -  0.0    -      -     - -        Sl   19:31   0:00 -
woo            -  0.0    -      -     - -        Sl   19:31   0:00 -
woo            -  0.0    -      -     - -        Sl   19:31   0:00 -
woo            -  0.0    -      -     - -        Sl   19:31   0:00 -
woo            -  0.0    -      -     - -        Sl   19:31   0:00 -
woo            -  0.0    -      -     - -        Sl   19:31   0:00 -
woo            -  0.0    -      -     - -        Sl   19:31   0:00 -
woo            -  0.0    -      -     - -        Sl   19:31   0:00 -
woo            -  0.0    -      -     - -        Sl   19:31   0:00 -
woo            -  0.0    -      -     - -        Sl   19:31   0:00 -
woo            -  0.0    -      -     - -        Sl   19:31   0:00 -
woo            -  0.0    -      -     - -        Sl   19:31   0:00 -
woo         3496  0.0  0.1 35737116 42436 ?      -    19:31   0:00 C:\Program Files (x86)\Google\Chrome\Application\chrome.exe --type=crashpad-handler --user-data-dir=C:\users\woo\AppData\Local\Google\Chrome\User Data /prefetch:7 --monitor-self-annotation=ptype=crashpad-handler --database=C:\users\woo\AppData\Local\Google\Chrome\User Data\Crashpad --metrics-dir=C:\users\woo\AppData\Local\Google\Chrome\User Data --url=https://clients2.google.com/cr/report --annotation=channel= --annotation=plat=Win64 --annotation=prod=Chrome --annotation=ver=100.0.4896.127 --initial-client-data=0x3c,0x40,0x44,0x20,0x48,0x180118450,0x180118460,0x180118470 LANGUAGE=zh_CN:zh:en_US:en LC_TIME=zh_CN.UTF-8 USER=woo GTK_CSD=0 XDG_SESSION_TYPE=x11 GNOME_SESSION_XDG_SESSION_PATH=/org/freedesktop/DisplayManager/Session0 SHLVL=1 HOME=/home/woo QT4_IM_MODULE=fcitx DESKTOP_SESSION=unity GIO_LAUNCHED_DESKTOP_FILE=/home/woo/桌面/Google Chrome.desktop GTK_MODULES=gail:atk-bridge:unity-gtk-module XDG_SEAT_PATH=/org/freedesktop/DisplayManager/Seat0 LC_MONETARY=zh_CN.UTF-8 MANAGERPID=1730 DBUS_SESSION_BUS_ADDRESS=unix:path=/run/user/1000/bus GIO_LAUNCHED_DESKTOP_FILE_PID=3392 IM_CONFIG_PHASE=1 MANDATORY_PATH=/usr/share/gconf/unity.mandatory.path QT_QPA_PLATFORMTHEME=appmenu-qt5 LOGNAME=woo GTK_IM_MODULE=fcitx _=/usr/bin/dbus-update-activation-environment JOURNAL_STREAM=9:45143 DEFAULTS_PATH=/usr/share/gconf/unity.default.path XDG_SESSION_CLASS=user GNOME_DESKTOP_SESSION_ID=this-is-deprecated GTK2_MODULES=overlay-scrollbar PATH=/home/woo/bin:/home/woo/.local/bin:/usr/local/sbin:/usr/local/bin:/usr/sbin:/usr/bin:/sbin:/bin:/usr/games:/usr/local/games:/snap/bin GDM_LANG=zh_CN INVOCATION_ID=3ac36d52fcaf48dfa03486ca8f335d3a SESSION_MANAGER=local/woo-TUF-Gaming-FX505GE-FX86FE:@/tmp/.ICE-unix/2114,unix/woo-TUF-Gaming-FX505GE-FX86FE:/tmp/.ICE-unix/2114 LC_ADDRESS=zh_CN.UTF-8 XDG_RUNTIME_DIR=/run/user/1000 XDG_SESSION_PATH=/org/freedesktop/DisplayManager/Session0 XDG_MENU_PREFIX=gnome- DISPLAY=:0 LANG=zh_CN.UTF-8 LC_TELEPHONE=zh_CN.UTF-8 LD_PRELOAD=libgtk3-nocsd.so.0 XDG_CURRENT_DESKTOP=Unity:Unity7:ubuntu DESKTOP_STARTUP_ID=nemo-desktop-2390-woo-TUF-Gaming-FX505GE-FX86FE-env-1_TIME434435 XAUTHORITY=/home/woo/.Xauthority XDG_SESSION_DESKTOP=unity XMODIFIERS=@im=fcitx SSH_AGENT_LAUNCHER=gnome-keyring SSH_AUTH_SOCK=/run/user/1000/keyring/ssh XDG_GREETER_DATA_DIR=/var/lib/lightdm-data/woo LC_NAME=zh_CN.UTF-8 SHELL=/bin/bash QT_ACCESSIBILITY=1 GDMSESSION=unity LC_MEASUREMENT=zh_CN.UTF-8 LC_IDENTIFICATION=zh_CN.UTF-8 GPG_AGENT_INFO=/run/user/1000/gnupg/S.gpg-agent:0:1 QT_IM_MODULE=fcitx PWD=/home/woo/.wine/drive_c/Program Files (x86)/Google/Chrome/Application XDG_DATA_DIRS=/usr/share/unity:/usr/local/share:/usr/share:/var/lib/snapd/desktop CLUTTER_IM_MODULE=fcitx XDG_CONFIG_DIRS=/etc/xdg/xdg-unity:/etc/xdg LC_NUMERIC=zh_CN.UTF-8 LC_PAPER=zh_CN.UTF-8 WINEPREFIX=/home/woo/.wine WINELOADERNOEXEC=1 WINEPRELOADRESERVE=140000000-140288000 WINESERVERSOCKET=6
woo            -  0.0    -      -     - -        Sl   19:31   0:00 -
woo            -  0.0    -      -     - -        Sl   19:31   0:00 -
woo            -  0.0    -      -     - -        Sl   19:31   0:00 -
woo            -  0.0    -      -     - -        Sl   19:31   0:00 -
woo            -  0.0    -      -     - -        Sl   19:31   0:00 -
woo            -  0.0    -      -     - -        Sl   19:31   0:00 -
woo            -  0.0    -      -     - -        Sl   19:31   0:00 -
woo            -  0.0    -      -     - -        Sl   19:31   0:00 -
woo            -  0.0    -      -     - -        Sl   19:31   0:00 -
root        3528  0.0  0.0      0     0 ?        -    19:31   0:00 [kworker/3:0-events]
root           -  0.0    -      -     - -        I    19:31   0:00 -
root        3752  0.0  0.0      0     0 ?        -    19:31   0:00 [kworker/5:0-cgroup_destroy]
root           -  0.0    -      -     - -        I    19:31   0:00 -
root        3753  0.0  0.0      0     0 ?        -    19:31   0:00 [kworker/2:1-events]
root           -  0.0    -      -     - -        I    19:31   0:00 -
root        3754  0.0  0.0      0     0 ?        -    19:31   0:00 [kworker/2:2-rcu_gp]
root           -  0.0    -      -     - -        I    19:31   0:00 -
woo         3785  8.2  0.8 30374932 207216 ?     -    19:31   0:54 /opt/microsoft/msedge/msedge --type=renderer --enable-crashpad --crashpad-handler-pid=3003 --enable-crash-reporter=, --disable-client-side-phishing-detection --instant-process --display-capture-permissions-policy-allowed --change-stack-guard-on-fork=enable --lang=zh-CN --num-raster-threads=4 --enable-main-frame-before-activation --renderer-client-id=17 --launch-time-ticks=490568789 --shared-files=v8_context_snapshot_data:100 --field-trial-handle=0,i,1142475399147461166,4973357900917022005,131072 ection --instant-process --display-capture-permissions-policy-allowed --change-stack-guard-on-fork=enable --lang=zh-CN --num-raster-threads=4 --enable-main-frame-before-activation --renderer-client-id=17 --launch-time-ticks=490568789 --shared-files=v8_context_snapshot_data:100 --field-trial-handle=0,i,1142475399147461166,4973357900917022005,131072                                                                                                                                                                                                                                                                                                                                                                                                                                                                                                                                                                                                                                                                                                                                                                                                                                                                                                                                                                                                                                                                                                                                                                                                                                                                                                                                                                                                                                                                                                                                                                                                                                                                                                                                                                                                                                                                                                                                                                                                                                                                                                                  
woo            -  2.5    -      -     - -        Sl   19:31   0:16 -
woo            -  0.0    -      -     - -        Sl   19:31   0:00 -
woo            -  0.3    -      -     - -        Sl   19:31   0:01 -
woo            -  0.0    -      -     - -        Sl   19:31   0:00 -
woo            -  0.4    -      -     - -        Sl   19:31   0:02 -
woo            -  0.1    -      -     - -        Sl   19:31   0:00 -
woo            -  0.1    -      -     - -        Sl   19:31   0:00 -
woo            -  0.1    -      -     - -        Sl   19:31   0:00 -
woo            -  0.1    -      -     - -        Sl   19:31   0:00 -
woo            -  0.1    -      -     - -        Sl   19:31   0:00 -
woo            -  0.0    -      -     - -        SNl  19:31   0:00 -
woo            -  0.1    -      -     - -        Sl   19:31   0:00 -
woo            -  0.0    -      -     - -        Sl   19:33   0:00 -
woo            -  0.0    -      -     - -        Sl   19:39   0:00 -
woo            -  0.1    -      -     - -        Sl   19:42   0:00 -
root        3828  0.0  0.0      0     0 ?        -    19:32   0:00 [kworker/4:0-events]
root           -  0.0    -      -     - -        I    19:32   0:00 -
woo         3858 10.7  0.7 26234016 190396 ?     -    19:32   1:08 /opt/microsoft/msedge/msedge --type=renderer --enable-crashpad --crashpad-handler-pid=3003 --enable-crash-reporter=, --extension-process --disable-client-side-phishing-detection --display-capture-permissions-policy-allowed --change-stack-guard-on-fork=enable --lang=zh-CN --num-raster-threads=4 --enable-main-frame-before-activation --renderer-client-id=20 --launch-time-ticks=517105710 --shared-files=v8_context_snapshot_data:100 --field-trial-handle=0,i,1142475399147461166,4973357900917022005,131072 nt-side-phishing-detection --display-capture-permissions-policy-allowed --change-stack-guard-on-fork=enable --lang=zh-CN --num-raster-threads=4 --enable-main-frame-before-activation --renderer-client-id=20 --launch-time-ticks=517105710 --shared-files=v8_context_snapshot_data:100 --field-trial-handle=0,i,1142475399147461166,4973357900917022005,131072                                                                                                                                                                                                                                                                                                                                                                                                                                                                                                                                                                                                                                                                                                                                                                                                                                                                                                                                                                                                                                                                                                                                                                                                                                                                                                                                                                                                                                                                                                                                                                                                                                                                                                                                                                                                                                                                                                                                                                                                                                                                                                                
woo            -  5.9    -      -     - -        Sl   19:32   0:37 -
woo            -  0.0    -      -     - -        Sl   19:32   0:00 -
woo            -  1.1    -      -     - -        Sl   19:32   0:07 -
woo            -  0.0    -      -     - -        Sl   19:32   0:00 -
woo            -  2.4    -      -     - -        Sl   19:32   0:15 -
woo            -  0.0    -      -     - -        Sl   19:32   0:00 -
woo            -  0.0    -      -     - -        Sl   19:32   0:00 -
woo            -  0.0    -      -     - -        Sl   19:32   0:00 -
woo            -  0.0    -      -     - -        Sl   19:32   0:00 -
woo            -  0.0    -      -     - -        Sl   19:32   0:00 -
woo            -  0.0    -      -     - -        SNl  19:32   0:00 -
woo            -  0.0    -      -     - -        Sl   19:34   0:00 -
woo            -  0.0    -      -     - -        Sl   19:39   0:00 -
root        3878  0.0  0.0      0     0 ?        -    19:32   0:00 [kworker/3:2-events]
root           -  0.0    -      -     - -        I    19:32   0:00 -
woo         3904  3.6  0.8 30444428 197608 ?     -    19:32   0:22 /opt/microsoft/msedge/msedge --type=renderer --enable-crashpad --crashpad-handler-pid=3003 --enable-crash-reporter=, --disable-client-side-phishing-detection --display-capture-permissions-policy-allowed --change-stack-guard-on-fork=enable --lang=zh-CN --num-raster-threads=4 --enable-main-frame-before-activation --renderer-client-id=22 --launch-time-ticks=525831226 --shared-files=v8_context_snapshot_data:100 --field-trial-handle=0,i,1142475399147461166,4973357900917022005,131072 ection --display-capture-permissions-policy-allowed --change-stack-guard-on-fork=enable --lang=zh-CN --num-raster-threads=4 --enable-main-frame-before-activation --renderer-client-id=22 --launch-time-ticks=525831226 --shared-files=v8_context_snapshot_data:100 --field-trial-handle=0,i,1142475399147461166,4973357900917022005,131072                                                                                                                                                                                                                                                                                                                                                                                                                                                                                                                                                                                                                                                                                                                                                                                                                                                                                                                                                                                                                                                                                                                                                                                                                                                                                                                                                                                                                                                                                                                                                                                                                                                                                                                                                                                                                                                                                                                                                                                                                                                                                                                                    
woo            -  2.0    -      -     - -        Sl   19:32   0:12 -
woo            -  0.0    -      -     - -        Sl   19:32   0:00 -
woo            -  0.3    -      -     - -        Sl   19:32   0:02 -
woo            -  0.0    -      -     - -        Sl   19:32   0:00 -
woo            -  0.6    -      -     - -        Sl   19:32   0:04 -
woo            -  0.0    -      -     - -        Sl   19:32   0:00 -
woo            -  0.0    -      -     - -        Sl   19:32   0:00 -
woo            -  0.0    -      -     - -        Sl   19:32   0:00 -
woo            -  0.0    -      -     - -        Sl   19:32   0:00 -
woo            -  0.0    -      -     - -        Sl   19:32   0:00 -
woo            -  0.0    -      -     - -        SNl  19:32   0:00 -
woo            -  0.0    -      -     - -        Sl   19:34   0:00 -
woo            -  0.0    -      -     - -        Sl   19:37   0:00 -
woo            -  0.0    -      -     - -        Sl   19:37   0:00 -
woo            -  0.0    -      -     - -        Sl   19:40   0:00 -
woo            -  0.0    -      -     - -        Sl   19:42   0:00 -
woo            -  0.0    -      -     - -        Sl   19:42   0:00 -
woo            -  0.1    -      -     - -        Sl   19:42   0:00 -
woo            -  0.1    -      -     - -        Sl   19:42   0:00 -
woo            -  0.0    -      -     - -        Sl   19:42   0:00 -
woo            -  0.0    -      -     - -        Sl   19:42   0:00 -
woo         3978  0.1  0.3 26128180 93044 ?      -    19:33   0:00 /opt/microsoft/msedge/msedge --type=renderer --enable-crashpad --crashpad-handler-pid=3003 --enable-crash-reporter=, --disable-client-side-phishing-detection --display-capture-permissions-policy-allowed --change-stack-guard-on-fork=enable --lang=zh-CN --num-raster-threads=4 --enable-main-frame-before-activation --renderer-client-id=25 --launch-time-ticks=614834074 --shared-files=v8_context_snapshot_data:100 --field-trial-handle=0,i,1142475399147461166,4973357900917022005,131072 ection --display-capture-permissions-policy-allowed --change-stack-guard-on-fork=enable --lang=zh-CN --num-raster-threads=4 --enable-main-frame-before-activation --renderer-client-id=25 --launch-time-ticks=614834074 --shared-files=v8_context_snapshot_data:100 --field-trial-handle=0,i,1142475399147461166,4973357900917022005,131072                                                                                                                                                                                                                                                                                                                                                                                                                                                                                                                                                                                                                                                                                                                                                                                                                                                                                                                                                                                                                                                                                                                                                                                                                                                                                                                                                                                                                                                                                                                                                                                                                                                                                                                                                                                                                                                                                                                                                                                                                                                                                                                                    
woo            -  0.0    -      -     - -        Sl   19:33   0:00 -
woo            -  0.0    -      -     - -        Sl   19:33   0:00 -
woo            -  0.0    -      -     - -        Sl   19:33   0:00 -
woo            -  0.0    -      -     - -        Sl   19:33   0:00 -
woo            -  0.0    -      -     - -        Sl   19:33   0:00 -
woo            -  0.0    -      -     - -        Sl   19:33   0:00 -
woo            -  0.0    -      -     - -        Sl   19:33   0:00 -
woo            -  0.0    -      -     - -        Sl   19:33   0:00 -
woo            -  0.0    -      -     - -        Sl   19:33   0:00 -
woo            -  0.0    -      -     - -        Sl   19:33   0:00 -
woo            -  0.0    -      -     - -        SNl  19:33   0:00 -
woo            -  0.0    -      -     - -        Sl   19:35   0:00 -
root        4022  0.1  0.0      0     0 ?        -    19:35   0:00 [kworker/u16:2-i915]
root           -  0.1    -      -     - -        I    19:35   0:00 -
woo         4084  0.3  0.4 26164016 119348 ?     -    19:36   0:01 /opt/microsoft/msedge/msedge --type=renderer --enable-crashpad --crashpad-handler-pid=3003 --enable-crash-reporter=, --extension-process --disable-client-side-phishing-detection --display-capture-permissions-policy-allowed --change-stack-guard-on-fork=enable --lang=zh-CN --num-raster-threads=4 --enable-main-frame-before-activation --renderer-client-id=34 --launch-time-ticks=774520320 --shared-files=v8_context_snapshot_data:100 --field-trial-handle=0,i,1142475399147461166,4973357900917022005,131072 nt-side-phishing-detection --display-capture-permissions-policy-allowed --change-stack-guard-on-fork=enable --lang=zh-CN --num-raster-threads=4 --enable-main-frame-before-activation --renderer-client-id=34 --launch-time-ticks=774520320 --shared-files=v8_context_snapshot_data:100 --field-trial-handle=0,i,1142475399147461166,4973357900917022005,131072                                                                                                                                                                                                                                                                                                                                                                                                                                                                                                                                                                                                                                                                                                                                                                                                                                                                                                                                                                                                                                                                                                                                                                                                                                                                                                                                                                                                                                                                                                                                                                                                                                                                                                                                                                                                                                                                                                                                                                                                                                                                                                                
woo            -  0.2    -      -     - -        Sl   19:36   0:00 -
woo            -  0.0    -      -     - -        Sl   19:36   0:00 -
woo            -  0.0    -      -     - -        Sl   19:36   0:00 -
woo            -  0.0    -      -     - -        Sl   19:36   0:00 -
woo            -  0.0    -      -     - -        Sl   19:36   0:00 -
woo            -  0.0    -      -     - -        Sl   19:36   0:00 -
woo            -  0.0    -      -     - -        Sl   19:36   0:00 -
woo            -  0.0    -      -     - -        Sl   19:36   0:00 -
woo            -  0.0    -      -     - -        Sl   19:36   0:00 -
woo            -  0.0    -      -     - -        Sl   19:36   0:00 -
woo            -  0.0    -      -     - -        SNl  19:36   0:00 -
woo            -  0.0    -      -     - -        Sl   19:40   0:00 -
root        4140  0.0  0.0      0     0 ?        -    19:37   0:00 [kworker/6:1-events]
root           -  0.0    -      -     - -        I    19:37   0:00 -
root        4146  0.0  0.0      0     0 ?        -    19:37   0:00 [kworker/7:1-events]
root           -  0.0    -      -     - -        I    19:37   0:00 -
root        4147  0.7  0.0      0     0 ?        -    19:37   0:02 [kworker/0:0-events]
root           -  0.7    -      -     - -        I    19:37   0:02 -
woo         4148  1.0  0.6 26188900 150776 ?     -    19:37   0:03 /opt/microsoft/msedge/msedge --type=renderer --enable-crashpad --crashpad-handler-pid=3003 --enable-crash-reporter=, --extension-process --disable-client-side-phishing-detection --display-capture-permissions-policy-allowed --change-stack-guard-on-fork=enable --lang=zh-CN --num-raster-threads=4 --enable-main-frame-before-activation --renderer-client-id=41 --launch-time-ticks=803822745 --shared-files=v8_context_snapshot_data:100 --field-trial-handle=0,i,1142475399147461166,4973357900917022005,131072 nt-side-phishing-detection --display-capture-permissions-policy-allowed --change-stack-guard-on-fork=enable --lang=zh-CN --num-raster-threads=4 --enable-main-frame-before-activation --renderer-client-id=41 --launch-time-ticks=803822745 --shared-files=v8_context_snapshot_data:100 --field-trial-handle=0,i,1142475399147461166,4973357900917022005,131072                                                                                                                                                                                                                                                                                                                                                                                                                                                                                                                                                                                                                                                                                                                                                                                                                                                                                                                                                                                                                                                                                                                                                                                                                                                                                                                                                                                                                                                                                                                                                                                                                                                                                                                                                                                                                                                                                                                                                                                                                                                                                                                
woo            -  0.5    -      -     - -        Sl   19:37   0:01 -
woo            -  0.0    -      -     - -        Sl   19:37   0:00 -
woo            -  0.1    -      -     - -        Sl   19:37   0:00 -
woo            -  0.0    -      -     - -        Sl   19:37   0:00 -
woo            -  0.1    -      -     - -        Sl   19:37   0:00 -
woo            -  0.0    -      -     - -        Sl   19:37   0:00 -
woo            -  0.0    -      -     - -        Sl   19:37   0:00 -
woo            -  0.0    -      -     - -        Sl   19:37   0:00 -
woo            -  0.0    -      -     - -        Sl   19:37   0:00 -
woo            -  0.0    -      -     - -        Sl   19:37   0:00 -
woo            -  0.0    -      -     - -        SNl  19:37   0:00 -
woo            -  0.0    -      -     - -        Sl   19:40   0:00 -
root        4202  0.0  0.0      0     0 ?        -    19:37   0:00 [kworker/3:1-mm_percpu_wq]
root           -  0.0    -      -     - -        I    19:37   0:00 -
woo         4220  0.0  0.0 317468  8840 ?        -    19:37   0:00 /usr/libexec/gvfsd-computer --spawner :1.4 /org/gtk/gvfs/exec_spaw/1 HOME=/home/woo LANG=zh_CN.UTF-8 LANGUAGE=zh_CN:zh:en_US:en LC_ADDRESS=zh_CN.UTF-8 LC_IDENTIFICATION=zh_CN.UTF-8 LC_MEASUREMENT=zh_CN.UTF-8 LC_MONETARY=zh_CN.UTF-8 LC_NAME=zh_CN.UTF-8 LC_NUMERIC=zh_CN.UTF-8 LC_PAPER=zh_CN.UTF-8 LC_TELEPHONE=zh_CN.UTF-8 LC_TIME=zh_CN.UTF-8 LOGNAME=woo PATH=/usr/local/sbin:/usr/local/bin:/usr/sbin:/usr/bin:/sbin:/bin:/usr/games:/usr/local/games:/snap/bin:/snap/bin SHELL=/bin/bash USER=woo XDG_RUNTIME_DIR=/run/user/1000 GTK_MODULES=gail:atk-bridge QT_ACCESSIBILITY=1 XDG_DATA_DIRS=/usr/local/share/:/usr/share/:/var/lib/snapd/desktop DBUS_SESSION_BUS_ADDRESS=unix:path=/run/user/1000/bus MANAGERPID=1730 INVOCATION_ID=9c4b6a0f2104451aaa01608f9c3b49cf JOURNAL_STREAM=9:41264
woo            -  0.0    -      -     - -        Sl   19:37   0:00 -
woo            -  0.0    -      -     - -        Sl   19:37   0:00 -
woo            -  0.0    -      -     - -        Sl   19:37   0:00 -
woo         4231  4.0  0.4 1163492 102612 ?      -    19:37   0:11 /usr/bin/nautilus --gapplication-service UNITY_DEFAULT_PROFILE=unity XDG_RUNTIME_DIR=/run/user/1000 SESSION_MANAGER=local/woo-TUF-Gaming-FX505GE-FX86FE:@/tmp/.ICE-unix/2114,unix/woo-TUF-Gaming-FX505GE-FX86FE:/tmp/.ICE-unix/2114 XMODIFIERS=@im=fcitx XDG_GREETER_DATA_DIR=/var/lib/lightdm-data/woo XDG_SESSION_TYPE=x11 DBUS_SESSION_BUS_ADDRESS=unix:path=/run/user/1000/bus,guid=841bd7833e939c7315573a2662862926 QT_IM_MODULE=fcitx USER=woo XAUTHORITY=/home/woo/.Xauthority LC_ADDRESS=zh_CN.UTF-8 DBUS_STARTER_BUS_TYPE=session SHLVL=1 XDG_MENU_PREFIX=gnome- XDG_SESSION_DESKTOP=unity SHELL=/bin/bash ZEITGEIST_DATA_PATH=/home/woo/.local/share/zeitgeist QT_ACCESSIBILITY=1 LC_NAME=zh_CN.UTF-8 GTK_CSD=0 LC_MEASUREMENT=zh_CN.UTF-8 LC_TIME=zh_CN.UTF-8 LC_MONETARY=zh_CN.UTF-8 XDG_DATA_DIRS=/usr/share/unity:/usr/local/share:/usr/share:/var/lib/snapd/desktop LANGUAGE=zh_CN:zh:en_US:en QT4_IM_MODULE=fcitx IM_CONFIG_PHASE=1 GNOME_SESSION_XDG_SESSION_PATH=/org/freedesktop/DisplayManager/Session0 LC_TELEPHONE=zh_CN.UTF-8 GTK2_MODULES=overlay-scrollbar PWD=/home/woo _=/usr/bin/dbus-update-activation-environment HOME=/home/woo CLUTTER_IM_MODULE=fcitx DBUS_STARTER_ADDRESS=unix:path=/run/user/1000/bus,guid=841bd7833e939c7315573a2662862926 DISPLAY=:0 LD_PRELOAD=libgtk3-nocsd.so.0 SSH_AUTH_SOCK=/run/user/1000/keyring/ssh LC_PAPER=zh_CN.UTF-8 LC_NUMERIC=zh_CN.UTF-8 PATH=/home/woo/bin:/home/woo/.local/bin:/usr/local/sbin:/usr/local/bin:/usr/sbin:/usr/bin:/sbin:/bin:/usr/games:/usr/local/games:/snap/bin GNOME_DESKTOP_SESSION_ID=this-is-deprecated GDMSESSION=unity GTK_MODULES=gail:atk-bridge:unity-gtk-module GTK_IM_MODULE=fcitx JOURNAL_STREAM=9:45143 GPG_AGENT_INFO=/run/user/1000/gnupg/S.gpg-agent:0:1 INVOCATION_ID=3ac36d52fcaf48dfa03486ca8f335d3a COMPIZ_CONFIG_PROFILE=ubuntu XDG_SESSION_CLASS=user MANDATORY_PATH=/usr/share/gconf/unity.mandatory.path LANG=zh_CN.UTF-8 LOGNAME=woo UNITY_HAS_3D_SUPPORT=true SSH_AGENT_LAUNCHER=gnome-keyring DEFAULTS_PATH=/usr/share/gconf/unity.default.path XDG_SESSION_PATH=/org/freedesktop/DisplayManager/Session0 XDG_CURRENT_DESKTOP=Unity:Unity7:ubuntu DESKTOP_SESSION=unity LC_IDENTIFICATION=zh_CN.UTF-8 XDG_SEAT_PATH=/org/freedesktop/DisplayManager/Seat0 QT_QPA_PLATFORMTHEME=appmenu-qt5 GDM_LANG=zh_CN MANAGERPID=1730 XDG_CONFIG_DIRS=/etc/xdg/xdg-unity:/etc/xdg
woo            -  3.8    -      -     - -        Sl   19:37   0:11 -
woo            -  0.0    -      -     - -        Sl   19:37   0:00 -
woo            -  0.0    -      -     - -        Sl   19:37   0:00 -
woo            -  0.0    -      -     - -        Sl   19:37   0:00 -
woo            -  0.0    -      -     - -        Sl   19:37   0:00 -
woo            -  0.0    -      -     - -        Sl   19:37   0:00 -
woo            -  0.0    -      -     - -        Sl   19:42   0:00 -
woo         4277  0.0  0.0 391412  8728 ?        -    19:38   0:00 /usr/libexec/gvfsd-network --spawner :1.4 /org/gtk/gvfs/exec_spaw/2 HOME=/home/woo LANG=zh_CN.UTF-8 LANGUAGE=zh_CN:zh:en_US:en LC_ADDRESS=zh_CN.UTF-8 LC_IDENTIFICATION=zh_CN.UTF-8 LC_MEASUREMENT=zh_CN.UTF-8 LC_MONETARY=zh_CN.UTF-8 LC_NAME=zh_CN.UTF-8 LC_NUMERIC=zh_CN.UTF-8 LC_PAPER=zh_CN.UTF-8 LC_TELEPHONE=zh_CN.UTF-8 LC_TIME=zh_CN.UTF-8 LOGNAME=woo PATH=/usr/local/sbin:/usr/local/bin:/usr/sbin:/usr/bin:/sbin:/bin:/usr/games:/usr/local/games:/snap/bin:/snap/bin SHELL=/bin/bash USER=woo XDG_RUNTIME_DIR=/run/user/1000 GTK_MODULES=gail:atk-bridge QT_ACCESSIBILITY=1 XDG_DATA_DIRS=/usr/local/share/:/usr/share/:/var/lib/snapd/desktop DBUS_SESSION_BUS_ADDRESS=unix:path=/run/user/1000/bus MANAGERPID=1730 INVOCATION_ID=9c4b6a0f2104451aaa01608f9c3b49cf JOURNAL_STREAM=9:41264
woo            -  0.0    -      -     - -        Sl   19:38   0:00 -
woo            -  0.0    -      -     - -        Sl   19:38   0:00 -
woo            -  0.0    -      -     - -        Sl   19:38   0:00 -
woo            -  0.0    -      -     - -        Sl   19:38   0:00 -
woo         4290  0.0  0.0 318224  8528 ?        -    19:38   0:00 /usr/libexec/gvfsd-dnssd --spawner :1.4 /org/gtk/gvfs/exec_spaw/4 HOME=/home/woo LANG=zh_CN.UTF-8 LANGUAGE=zh_CN:zh:en_US:en LC_ADDRESS=zh_CN.UTF-8 LC_IDENTIFICATION=zh_CN.UTF-8 LC_MEASUREMENT=zh_CN.UTF-8 LC_MONETARY=zh_CN.UTF-8 LC_NAME=zh_CN.UTF-8 LC_NUMERIC=zh_CN.UTF-8 LC_PAPER=zh_CN.UTF-8 LC_TELEPHONE=zh_CN.UTF-8 LC_TIME=zh_CN.UTF-8 LOGNAME=woo PATH=/usr/local/sbin:/usr/local/bin:/usr/sbin:/usr/bin:/sbin:/bin:/usr/games:/usr/local/games:/snap/bin:/snap/bin SHELL=/bin/bash USER=woo XDG_RUNTIME_DIR=/run/user/1000 GTK_MODULES=gail:atk-bridge QT_ACCESSIBILITY=1 XDG_DATA_DIRS=/usr/local/share/:/usr/share/:/var/lib/snapd/desktop DBUS_SESSION_BUS_ADDRESS=unix:path=/run/user/1000/bus MANAGERPID=1730 INVOCATION_ID=9c4b6a0f2104451aaa01608f9c3b49cf JOURNAL_STREAM=9:41264
woo            -  0.0    -      -     - -        Sl   19:38   0:00 -
woo            -  0.0    -      -     - -        Sl   19:38   0:00 -
woo            -  0.0    -      -     - -        Sl   19:38   0:00 -
root        4299  0.1  0.0  12776  2816 ?        -    19:38   0:00 /sbin/mount.ntfs /dev/sda4 /media/woo/YU -o rw,nodev,nosuid,windows_names,uid=1000,gid=1000,uhelper=udisks2
root           -  0.1    -      -     - -        Ss   19:38   0:00 -
root        4334  0.0  0.0      0     0 ?        -    19:38   0:00 [kworker/2:0-mm_percpu_wq]
root           -  0.0    -      -     - -        I    19:38   0:00 -
root        4335  0.0  0.0      0     0 ?        -    19:38   0:00 [kworker/2:3-events]
root           -  0.0    -      -     - -        I    19:38   0:00 -
root        4338  0.0  0.0      0     0 ?        -    19:38   0:00 [kworker/5:1-mm_percpu_wq]
root           -  0.0    -      -     - -        I    19:38   0:00 -
root        4339  0.0  0.0      0     0 ?        -    19:38   0:00 [kworker/5:3-events]
root           -  0.0    -      -     - -        I    19:38   0:00 -
root        4340  0.0  0.0      0     0 ?        -    19:38   0:00 [kworker/5:4]
root           -  0.0    -      -     - -        I    19:38   0:00 -
root        4392  0.0  0.0      0     0 ?        -    19:38   0:00 [kworker/0:1-events]
root           -  0.0    -      -     - -        I    19:38   0:00 -
woo         4396  3.5  0.6 26184612 153728 ?     -    19:39   0:07 /opt/microsoft/msedge/msedge --type=renderer --enable-crashpad --crashpad-handler-pid=3003 --enable-crash-reporter=, --disable-client-side-phishing-detection --display-capture-permissions-policy-allowed --change-stack-guard-on-fork=enable --lang=zh-CN --num-raster-threads=4 --enable-main-frame-before-activation --renderer-client-id=44 --launch-time-ticks=923307367 --shared-files=v8_context_snapshot_data:100 --field-trial-handle=0,i,1142475399147461166,4973357900917022005,131072 ection --display-capture-permissions-policy-allowed --change-stack-guard-on-fork=enable --lang=zh-CN --num-raster-threads=4 --enable-main-frame-before-activation --renderer-client-id=44 --launch-time-ticks=923307367 --shared-files=v8_context_snapshot_data:100 --field-trial-handle=0,i,1142475399147461166,4973357900917022005,131072                                                                                                                                                                                                                                                                                                                                                                                                                                                                                                                                                                                                                                                                                                                                                                                                                                                                                                                                                                                                                                                                                                                                                                                                                                                                                                                                                                                                                                                                                                                                                                                                                                                                                                                                                                                                                                                                                                                                                                                                                                                                                                                                    
woo            -  1.8    -      -     - -        Sl   19:39   0:04 -
woo            -  0.0    -      -     - -        Sl   19:39   0:00 -
woo            -  0.0    -      -     - -        Sl   19:39   0:00 -
woo            -  0.3    -      -     - -        Sl   19:39   0:00 -
woo            -  0.0    -      -     - -        Sl   19:39   0:00 -
woo            -  0.4    -      -     - -        Sl   19:39   0:01 -
woo            -  0.0    -      -     - -        Sl   19:39   0:00 -
woo            -  0.0    -      -     - -        Sl   19:39   0:00 -
woo            -  0.0    -      -     - -        Sl   19:39   0:00 -
woo            -  0.0    -      -     - -        Sl   19:39   0:00 -
woo            -  0.0    -      -     - -        Sl   19:39   0:00 -
woo            -  0.0    -      -     - -        SNl  19:39   0:00 -
woo            -  0.0    -      -     - -        Sl   19:39   0:00 -
woo            -  0.0    -      -     - -        Sl   19:40   0:00 -
woo            -  0.0    -      -     - -        Sl   19:42   0:00 -
woo            -  0.0    -      -     - -        Sl   19:42   0:00 -
woo            -  0.0    -      -     - -        Sl   19:42   0:00 -
woo            -  0.0    -      -     - -        Sl   19:42   0:00 -
woo            -  0.0    -      -     - -        Sl   19:42   0:00 -
woo            -  0.0    -      -     - -        Sl   19:42   0:00 -
woo         4452  0.2  0.2 17394424 65588 ?      -    19:39   0:00 /opt/microsoft/msedge/msedge --type=utility --utility-sub-type=audio.mojom.AudioService --lang=zh-CN --service-sandbox-type=none --enable-crashpad --crashpad-handler-pid=3003 --enable-crash-reporter=, --change-stack-guard-on-fork=enable --shared-files=v8_context_snapshot_data:100 --field-trial-handle=0,i,1142475399147461166,4973357900917022005,131072 --enable-crashpad 022005,131072 --enable-crashpad                                                                                                                                                                                                                                                                                                                                                                                                                                                                                                                                                                                                                                                                                                                                                                                                                                                                                                                                                                                                                                                                                                                                                                                                                                                                                                                                                                                                                                                                                                                                                                                                                                                                                                                                                                                                                                                                                                                                                                                                                                                                                                                                                                                                                                                                                                         
woo            -  0.0    -      -     - -        Sl   19:39   0:00 -
woo            -  0.0    -      -     - -        Sl   19:39   0:00 -
woo            -  0.0    -      -     - -        Sl   19:39   0:00 -
woo            -  0.0    -      -     - -        Sl   19:39   0:00 -
woo            -  0.0    -      -     - -        Sl   19:39   0:00 -
woo            -  0.0    -      -     - -        Sl   19:39   0:00 -
root        4517  0.0  0.0      0     0 ?        -    19:39   0:00 [kworker/4:1-mm_percpu_wq]
root           -  0.0    -      -     - -        I    19:39   0:00 -
root        4592  0.0  0.0      0     0 ?        -    19:39   0:00 [kworker/1:0-mm_percpu_wq]
root           -  0.0    -      -     - -        I    19:39   0:00 -
root        4602  0.0  0.0  12396  2576 ?        -    19:40   0:00 /sbin/mount.ntfs /dev/sda1 /media/woo/DATA -o rw,nodev,nosuid,windows_names,uid=1000,gid=1000,uhelper=udisks2
root           -  0.0    -      -     - -        Ss   19:40   0:00 -
root        4672  0.2  0.0      0     0 ?        -    19:40   0:00 [kworker/u16:3-events_unbound]
root           -  0.2    -      -     - -        I    19:40   0:00 -
woo         4685  6.6  0.6 26183168 167828 ?     -    19:40   0:09 /opt/microsoft/msedge/msedge --type=renderer --enable-crashpad --crashpad-handler-pid=3003 --enable-crash-reporter=, --disable-client-side-phishing-detection --display-capture-permissions-policy-allowed --change-stack-guard-on-fork=enable --lang=zh-CN --num-raster-threads=4 --enable-main-frame-before-activation --renderer-client-id=50 --launch-time-ticks=1003850041 --shared-files=v8_context_snapshot_data:100 --field-trial-handle=0,i,1142475399147461166,4973357900917022005,131072 ection --display-capture-permissions-policy-allowed --change-stack-guard-on-fork=enable --lang=zh-CN --num-raster-threads=4 --enable-main-frame-before-activation --renderer-client-id=50 --launch-time-ticks=1003850041 --shared-files=v8_context_snapshot_data:100 --field-trial-handle=0,i,1142475399147461166,4973357900917022005,131072                                                                                                                                                                                                                                                                                                                                                                                                                                                                                                                                                                                                                                                                                                                                                                                                                                                                                                                                                                                                                                                                                                                                                                                                                                                                                                                                                                                                                                                                                                                                                                                                                                                                                                                                                                                                                                                                                                                                                                                                                                                                                                                                   
woo            -  3.3    -      -     - -        Sl   19:40   0:04 -
woo            -  0.0    -      -     - -        Sl   19:40   0:00 -
woo            -  0.8    -      -     - -        Sl   19:40   0:01 -
woo            -  0.0    -      -     - -        Sl   19:40   0:00 -
woo            -  1.7    -      -     - -        Sl   19:40   0:02 -
woo            -  0.0    -      -     - -        Sl   19:40   0:00 -
woo            -  0.0    -      -     - -        Sl   19:40   0:00 -
woo            -  0.0    -      -     - -        Sl   19:40   0:00 -
woo            -  0.0    -      -     - -        Sl   19:40   0:00 -
woo            -  0.0    -      -     - -        Sl   19:40   0:00 -
woo            -  0.0    -      -     - -        SNl  19:40   0:00 -
woo            -  0.1    -      -     - -        Sl   19:40   0:00 -
woo            -  0.0    -      -     - -        Sl   19:41   0:00 -
woo         4704  0.7  0.4 26134812 119740 ?     -    19:40   0:01 /opt/microsoft/msedge/msedge --type=renderer --enable-crashpad --crashpad-handler-pid=3003 --enable-crash-reporter=, --disable-client-side-phishing-detection --display-capture-permissions-policy-allowed --change-stack-guard-on-fork=enable --lang=zh-CN --num-raster-threads=4 --enable-main-frame-before-activation --renderer-client-id=51 --launch-time-ticks=1005211574 --shared-files=v8_context_snapshot_data:100 --field-trial-handle=0,i,1142475399147461166,4973357900917022005,131072 ection --display-capture-permissions-policy-allowed --change-stack-guard-on-fork=enable --lang=zh-CN --num-raster-threads=4 --enable-main-frame-before-activation --renderer-client-id=51 --launch-time-ticks=1005211574 --shared-files=v8_context_snapshot_data:100 --field-trial-handle=0,i,1142475399147461166,4973357900917022005,131072                                                                                                                                                                                                                                                                                                                                                                                                                                                                                                                                                                                                                                                                                                                                                                                                                                                                                                                                                                                                                                                                                                                                                                                                                                                                                                                                                                                                                                                                                                                                                                                                                                                                                                                                                                                                                                                                                                                                                                                                                                                                                                                                   
woo            -  0.4    -      -     - -        Sl   19:40   0:00 -
woo            -  0.0    -      -     - -        Sl   19:40   0:00 -
woo            -  0.0    -      -     - -        Sl   19:40   0:00 -
woo            -  0.0    -      -     - -        Sl   19:40   0:00 -
woo            -  0.0    -      -     - -        Sl   19:40   0:00 -
woo            -  0.0    -      -     - -        Sl   19:40   0:00 -
woo            -  0.0    -      -     - -        Sl   19:40   0:00 -
woo            -  0.0    -      -     - -        Sl   19:40   0:00 -
woo            -  0.0    -      -     - -        Sl   19:40   0:00 -
woo            -  0.0    -      -     - -        Sl   19:40   0:00 -
woo            -  0.0    -      -     - -        Sl   19:40   0:00 -
woo            -  0.0    -      -     - -        SNl  19:40   0:00 -
woo         4765  0.5  0.4 26128332 107876 ?     -    19:40   0:00 /opt/microsoft/msedge/msedge --type=renderer --enable-crashpad --crashpad-handler-pid=3003 --enable-crash-reporter=, --disable-client-side-phishing-detection --display-capture-permissions-policy-allowed --change-stack-guard-on-fork=enable --lang=zh-CN --num-raster-threads=4 --enable-main-frame-before-activation --renderer-client-id=52 --launch-time-ticks=1021287669 --shared-files=v8_context_snapshot_data:100 --field-trial-handle=0,i,1142475399147461166,4973357900917022005,131072 ection --display-capture-permissions-policy-allowed --change-stack-guard-on-fork=enable --lang=zh-CN --num-raster-threads=4 --enable-main-frame-before-activation --renderer-client-id=52 --launch-time-ticks=1021287669 --shared-files=v8_context_snapshot_data:100 --field-trial-handle=0,i,1142475399147461166,4973357900917022005,131072                                                                                                                                                                                                                                                                                                                                                                                                                                                                                                                                                                                                                                                                                                                                                                                                                                                                                                                                                                                                                                                                                                                                                                                                                                                                                                                                                                                                                                                                                                                                                                                                                                                                                                                                                                                                                                                                                                                                                                                                                                                                                                                                   
woo            -  0.2    -      -     - -        Sl   19:40   0:00 -
woo            -  0.0    -      -     - -        Sl   19:40   0:00 -
woo            -  0.0    -      -     - -        Sl   19:40   0:00 -
woo            -  0.0    -      -     - -        Sl   19:40   0:00 -
woo            -  0.0    -      -     - -        Sl   19:40   0:00 -
woo            -  0.0    -      -     - -        Sl   19:40   0:00 -
woo            -  0.0    -      -     - -        Sl   19:40   0:00 -
woo            -  0.0    -      -     - -        Sl   19:40   0:00 -
woo            -  0.0    -      -     - -        Sl   19:40   0:00 -
woo            -  0.0    -      -     - -        Sl   19:40   0:00 -
woo            -  0.0    -      -     - -        SNl  19:40   0:00 -
woo            -  0.0    -      -     - -        Sl   19:42   0:00 -
woo         4809  2.2  0.5 26190764 144780 ?     -    19:41   0:01 /opt/microsoft/msedge/msedge --type=renderer --enable-crashpad --crashpad-handler-pid=3003 --enable-crash-reporter=, --disable-client-side-phishing-detection --display-capture-permissions-policy-allowed --change-stack-guard-on-fork=enable --lang=zh-CN --num-raster-threads=4 --enable-main-frame-before-activation --renderer-client-id=55 --launch-time-ticks=1076888107 --shared-files=v8_context_snapshot_data:100 --field-trial-handle=0,i,1142475399147461166,4973357900917022005,131072 ection --display-capture-permissions-policy-allowed --change-stack-guard-on-fork=enable --lang=zh-CN --num-raster-threads=4 --enable-main-frame-before-activation --renderer-client-id=55 --launch-time-ticks=1076888107 --shared-files=v8_context_snapshot_data:100 --field-trial-handle=0,i,1142475399147461166,4973357900917022005,131072                                                                                                                                                                                                                                                                                                                                                                                                                                                                                                                                                                                                                                                                                                                                                                                                                                                                                                                                                                                                                                                                                                                                                                                                                                                                                                                                                                                                                                                                                                                                                                                                                                                                                                                                                                                                                                                                                                                                                                                                                                                                                                                                   
woo            -  1.1    -      -     - -        Sl   19:41   0:00 -
woo            -  0.0    -      -     - -        Sl   19:41   0:00 -
woo            -  0.1    -      -     - -        Sl   19:41   0:00 -
woo            -  0.1    -      -     - -        Sl   19:41   0:00 -
woo            -  0.0    -      -     - -        Sl   19:41   0:00 -
woo            -  0.1    -      -     - -        Sl   19:41   0:00 -
woo            -  0.0    -      -     - -        Sl   19:41   0:00 -
woo            -  0.0    -      -     - -        Sl   19:41   0:00 -
woo            -  0.0    -      -     - -        Sl   19:41   0:00 -
woo            -  0.0    -      -     - -        Sl   19:41   0:00 -
woo            -  0.0    -      -     - -        Sl   19:41   0:00 -
woo            -  0.0    -      -     - -        SNl  19:41   0:00 -
woo            -  0.0    -      -     - -        Sl   19:41   0:00 -
woo            -  0.0    -      -     - -        Sl   19:41   0:00 -
woo            -  0.0    -      -     - -        Sl   19:42   0:00 -
woo            -  0.0    -      -     - -        Sl   19:42   0:00 -
woo            -  0.0    -      -     - -        Sl   19:42   0:00 -
woo            -  0.0    -      -     - -        Sl   19:42   0:00 -
woo            -  0.0    -      -     - -        Sl   19:42   0:00 -
woo            -  0.0    -      -     - -        Sl   19:42   0:00 -
woo         4838  0.0  0.2 26128180 59000 ?      -    19:41   0:00 /opt/microsoft/msedge/msedge --type=renderer --enable-crashpad --crashpad-handler-pid=3003 --enable-crash-reporter=, --disable-client-side-phishing-detection --display-capture-permissions-policy-allowed --change-stack-guard-on-fork=enable --lang=zh-CN --num-raster-threads=4 --enable-main-frame-before-activation --renderer-client-id=57 --launch-time-ticks=1078185996 --shared-files=v8_context_snapshot_data:100 --field-trial-handle=0,i,1142475399147461166,4973357900917022005,131072 ection --display-capture-permissions-policy-allowed --change-stack-guard-on-fork=enable --lang=zh-CN --num-raster-threads=4 --enable-main-frame-before-activation --renderer-client-id=57 --launch-time-ticks=1078185996 --shared-files=v8_context_snapshot_data:100 --field-trial-handle=0,i,1142475399147461166,4973357900917022005,131072                                                                                                                                                                                                                                                                                                                                                                                                                                                                                                                                                                                                                                                                                                                                                                                                                                                                                                                                                                                                                                                                                                                                                                                                                                                                                                                                                                                                                                                                                                                                                                                                                                                                                                                                                                                                                                                                                                                                                                                                                                                                                                                                   
woo            -  0.0    -      -     - -        Sl   19:41   0:00 -
woo            -  0.0    -      -     - -        Sl   19:41   0:00 -
woo            -  0.0    -      -     - -        Sl   19:41   0:00 -
woo            -  0.0    -      -     - -        Sl   19:41   0:00 -
woo            -  0.0    -      -     - -        Sl   19:41   0:00 -
woo            -  0.0    -      -     - -        Sl   19:41   0:00 -
woo            -  0.0    -      -     - -        Sl   19:41   0:00 -
woo            -  0.0    -      -     - -        Sl   19:41   0:00 -
woo            -  0.0    -      -     - -        Sl   19:41   0:00 -
woo            -  0.0    -      -     - -        Sl   19:41   0:00 -
woo            -  0.0    -      -     - -        SNl  19:41   0:00 -
woo            -  0.0    -      -     - -        Sl   19:41   0:00 -
woo         4865  1.3  0.2 900944 60384 ?        -    19:41   0:00 /usr/libexec/gnome-terminal-server HOME=/home/woo LANG=zh_CN.UTF-8 LANGUAGE=zh_CN:zh:en_US:en LC_ADDRESS=zh_CN.UTF-8 LC_IDENTIFICATION=zh_CN.UTF-8 LC_MEASUREMENT=zh_CN.UTF-8 LC_MONETARY=zh_CN.UTF-8 LC_NAME=zh_CN.UTF-8 LC_NUMERIC=zh_CN.UTF-8 LC_PAPER=zh_CN.UTF-8 LC_TELEPHONE=zh_CN.UTF-8 LC_TIME=zh_CN.UTF-8 LOGNAME=woo PATH=/home/woo/bin:/home/woo/.local/bin:/usr/local/sbin:/usr/local/bin:/usr/sbin:/usr/bin:/sbin:/bin:/usr/games:/usr/local/games:/snap/bin SHELL=/bin/bash USER=woo XDG_RUNTIME_DIR=/run/user/1000 GTK_MODULES=gail:atk-bridge:unity-gtk-module QT_ACCESSIBILITY=1 XDG_DATA_DIRS=/usr/share/unity:/usr/local/share:/usr/share:/var/lib/snapd/desktop CLUTTER_IM_MODULE=fcitx COMPIZ_CONFIG_PROFILE=ubuntu DBUS_SESSION_BUS_ADDRESS=unix:path=/run/user/1000/bus DEFAULTS_PATH=/usr/share/gconf/unity.default.path DESKTOP_SESSION=unity DISPLAY=:0 GDMSESSION=unity GDM_LANG=zh_CN GNOME_DESKTOP_SESSION_ID=this-is-deprecated GNOME_SESSION_XDG_SESSION_PATH=/org/freedesktop/DisplayManager/Session0 GPG_AGENT_INFO=/run/user/1000/gnupg/S.gpg-agent:0:1 GTK2_MODULES=overlay-scrollbar GTK_CSD=0 GTK_IM_MODULE=fcitx IM_CONFIG_PHASE=1 LD_PRELOAD=libgtk3-nocsd.so.0 MANDATORY_PATH=/usr/share/gconf/unity.mandatory.path PWD=/home/woo QT4_IM_MODULE=fcitx QT_IM_MODULE=fcitx QT_QPA_PLATFORMTHEME=appmenu-qt5 SESSION_MANAGER=local/woo-TUF-Gaming-FX505GE-FX86FE:@/tmp/.ICE-unix/2114,unix/woo-TUF-Gaming-FX505GE-FX86FE:/tmp/.ICE-unix/2114 SHLVL=1 SSH_AGENT_LAUNCHER=gnome-keyring SSH_AUTH_SOCK=/run/user/1000/keyring/ssh UNITY_DEFAULT_PROFILE=unity UNITY_HAS_3D_SUPPORT=true XAUTHORITY=/home/woo/.Xauthority XDG_CONFIG_DIRS=/etc/xdg/xdg-unity:/etc/xdg XDG_CURRENT_DESKTOP=Unity:Unity7:ubuntu XDG_GREETER_DATA_DIR=/var/lib/lightdm-data/woo XDG_MENU_PREFIX=gnome- XDG_SEAT_PATH=/org/freedesktop/DisplayManager/Seat0 XDG_SESSION_CLASS=user XDG_SESSION_DESKTOP=unity XDG_SESSION_PATH=/org/freedesktop/DisplayManager/Session0 XDG_SESSION_TYPE=x11 XMODIFIERS=@im=fcitx ZEITGEIST_DATA_PATH=/home/woo/.local/share/zeitgeist _=/usr/bin/dbus-update-activation-environment MANAGERPID=1730 INVOCATION_ID=91852bf4061e4e1bb3ec938e2c45473d JOURNAL_STREAM=9:62702
woo            -  1.1    -      -     - -        Ssl  19:41   0:00 -
woo            -  0.0    -      -     - -        Ssl  19:41   0:00 -
woo            -  0.0    -      -     - -        Ssl  19:41   0:00 -
woo            -  0.1    -      -     - -        Ssl  19:41   0:00 -
woo            -  0.0    -      -     - -        Ssl  19:41   0:00 -
woo         4873  0.0  0.0  16960  5900 pts/0    -    19:41   0:00 bash LC_TELEPHONE=zh_CN.UTF-8 GDMSESSION=unity DESKTOP_SESSION=unity PWD=/media/woo/YU/A大三下/网络入侵检测 GNOME_DESKTOP_SESSION_ID=this-is-deprecated LOGNAME=woo MANDATORY_PATH=/usr/share/gconf/unity.mandatory.path LC_MEASUREMENT=zh_CN.UTF-8 XDG_SESSION_TYPE=x11 UNITY_DEFAULT_PROFILE=unity SSH_AGENT_LAUNCHER=gnome-keyring HOME=/home/woo QT_IM_MODULE=fcitx USER=woo DISPLAY=:0 INVOCATION_ID=3ac36d52fcaf48dfa03486ca8f335d3a PATH=/home/woo/bin:/home/woo/.local/bin:/usr/local/sbin:/usr/local/bin:/usr/sbin:/usr/bin:/sbin:/bin:/usr/games:/usr/local/games:/snap/bin JOURNAL_STREAM=9:45143 LD_PRELOAD=libgtk3-nocsd.so.0 COMPIZ_CONFIG_PROFILE=ubuntu LANG=zh_CN.UTF-8 CLUTTER_IM_MODULE=fcitx XAUTHORITY=/home/woo/.Xauthority LC_PAPER=zh_CN.UTF-8 LC_NAME=zh_CN.UTF-8 LANGUAGE=zh_CN:zh:en_US:en SESSION_MANAGER=local/woo-TUF-Gaming-FX505GE-FX86FE:@/tmp/.ICE-unix/2114,unix/woo-TUF-Gaming-FX505GE-FX86FE:/tmp/.ICE-unix/2114 GNOME_SESSION_XDG_SESSION_PATH=/org/freedesktop/DisplayManager/Session0 IM_CONFIG_PHASE=1 XDG_RUNTIME_DIR=/run/user/1000 QT4_IM_MODULE=fcitx XDG_DATA_DIRS=/usr/share/unity:/usr/local/share:/usr/share:/var/lib/snapd/desktop XDG_SESSION_DESKTOP=unity SHLVL=1 XDG_CURRENT_DESKTOP=Unity:Unity7:ubuntu GDM_LANG=zh_CN VTE_VERSION=6003 XDG_SESSION_PATH=/org/freedesktop/DisplayManager/Session0 GNOME_TERMINAL_SERVICE=:1.133 XDG_CONFIG_DIRS=/etc/xdg/xdg-unity:/etc/xdg XDG_GREETER_DATA_DIR=/var/lib/lightdm-data/woo LC_ADDRESS=zh_CN.UTF-8 _=/usr/bin/dbus-update-activation-environment SHELL=/bin/bash GPG_AGENT_INFO=/run/user/1000/gnupg/S.gpg-agent:0:1 XDG_SESSION_CLASS=user GTK_IM_MODULE=fcitx GTK_MODULES=gail:atk-bridge:unity-gtk-module LC_IDENTIFICATION=zh_CN.UTF-8 DBUS_SESSION_BUS_ADDRESS=unix:path=/run/user/1000/bus,guid=841bd7833e939c7315573a2662862926 XMODIFIERS=@im=fcitx MANAGERPID=1730 DBUS_STARTER_BUS_TYPE=session DEFAULTS_PATH=/usr/share/gconf/unity.default.path GTK2_MODULES=overlay-scrollbar GNOME_TERMINAL_SCREEN=/org/gnome/Terminal/screen/6d4afb7a_de54_482a_ab0a_fe8d403707e0 LC_NUMERIC=zh_CN.UTF-8 QT_QPA_PLATFORMTHEME=appmenu-qt5 UNITY_HAS_3D_SUPPORT=true TERM=xterm-256color XDG_MENU_PREFIX=gnome- GTK_CSD=0 COLORTERM=truecolor LC_TIME=zh_CN.UTF-8 XDG_SEAT_PATH=/org/freedesktop/DisplayManager/Seat0 ZEITGEIST_DATA_PATH=/home/woo/.local/share/zeitgeist QT_ACCESSIBILITY=1 LC_MONETARY=zh_CN.UTF-8 SSH_AUTH_SOCK=/run/user/1000/keyring/ssh DBUS_STARTER_ADDRESS=unix:path=/run/user/1000/bus,guid=841bd7833e939c7315573a2662862926
woo            -  0.0    -      -     - -        Ss   19:41   0:00 -
woo         4924  0.0  0.0   4860  1800 pts/0    -    19:42   0:00 /bin/sh ./test.sh SHELL=/bin/bash SESSION_MANAGER=local/woo-TUF-Gaming-FX505GE-FX86FE:@/tmp/.ICE-unix/2114,unix/woo-TUF-Gaming-FX505GE-FX86FE:/tmp/.ICE-unix/2114 QT_ACCESSIBILITY=1 COLORTERM=truecolor XDG_CONFIG_DIRS=/etc/xdg/xdg-unity:/etc/xdg SSH_AGENT_LAUNCHER=gnome-keyring XDG_SESSION_PATH=/org/freedesktop/DisplayManager/Session0 XDG_MENU_PREFIX=gnome- GNOME_DESKTOP_SESSION_ID=this-is-deprecated GTK_IM_MODULE=fcitx PKG_CONFIG_PATH=/usr/local/opt/openssl@1/lib/pkgconfig GTK2_MODULES=overlay-scrollbar LANGUAGE=zh_CN:zh:en_US:en UNITY_HAS_3D_SUPPORT=true QT4_IM_MODULE=fcitx MANDATORY_PATH=/usr/share/gconf/unity.mandatory.path LC_ADDRESS=zh_CN.UTF-8 LC_NAME=zh_CN.UTF-8 SSH_AUTH_SOCK=/run/user/1000/keyring/ssh XMODIFIERS=@im=fcitx DESKTOP_SESSION=unity LC_MONETARY=zh_CN.UTF-8 GTK_MODULES=gail:atk-bridge:unity-gtk-module DBUS_STARTER_BUS_TYPE=session ZEITGEIST_DATA_PATH=/home/woo/.local/share/zeitgeist PWD=/media/woo/YU/A大三下/网络入侵检测 XDG_SESSION_DESKTOP=unity LOGNAME=woo QT_QPA_PLATFORMTHEME=appmenu-qt5 XDG_SESSION_TYPE=x11 GPG_AGENT_INFO=/run/user/1000/gnupg/S.gpg-agent:0:1 XAUTHORITY=/home/woo/.Xauthority XDG_GREETER_DATA_DIR=/var/lib/lightdm-data/woo LD_PRELOAD=libgtk3-nocsd.so.0 GDM_LANG=zh_CN HOME=/home/woo IM_CONFIG_PHASE=1 LC_PAPER=zh_CN.UTF-8 LANG=zh_CN.UTF-8 LS_COLORS=rs=0:di=01;34:ln=01;36:mh=00:pi=40;33:so=01;35:do=01;35:bd=40;33;01:cd=40;33;01:or=40;31;01:mi=00:su=37;41:sg=30;43:ca=30;41:tw=30;42:ow=34;42:st=37;44:ex=01;32:*.tar=01;31:*.tgz=01;31:*.arc=01;31:*.arj=01;31:*.taz=01;31:*.lha=01;31:*.lz4=01;31:*.lzh=01;31:*.lzma=01;31:*.tlz=01;31:*.txz=01;31:*.tzo=01;31:*.t7z=01;31:*.zip=01;31:*.z=01;31:*.dz=01;31:*.gz=01;31:*.lrz=01;31:*.lz=01;31:*.lzo=01;31:*.xz=01;31:*.zst=01;31:*.tzst=01;31:*.bz2=01;31:*.bz=01;31:*.tbz=01;31:*.tbz2=01;31:*.tz=01;31:*.deb=01;31:*.rpm=01;31:*.jar=01;31:*.war=01;31:*.ear=01;31:*.sar=01;31:*.rar=01;31:*.alz=01;31:*.ace=01;31:*.zoo=01;31:*.cpio=01;31:*.7z=01;31:*.rz=01;31:*.cab=01;31:*.wim=01;31:*.swm=01;31:*.dwm=01;31:*.esd=01;31:*.jpg=01;35:*.jpeg=01;35:*.mjpg=01;35:*.mjpeg=01;35:*.gif=01;35:*.bmp=01;35:*.pbm=01;35:*.pgm=01;35:*.ppm=01;35:*.tga=01;35:*.xbm=01;35:*.xpm=01;35:*.tif=01;35:*.tiff=01;35:*.png=01;35:*.svg=01;35:*.svgz=01;35:*.mng=01;35:*.pcx=01;35:*.mov=01;35:*.mpg=01;35:*.mpeg=01;35:*.m2v=01;35:*.mkv=01;35:*.webm=01;35:*.ogm=01;35:*.mp4=01;35:*.m4v=01;35:*.mp4v=01;35:*.vob=01;35:*.qt=01;35:*.nuv=01;35:*.wmv=01;35:*.asf=01;35:*.rm=01;35:*.rmvb=01;35:*.flc=01;35:*.avi=01;35:*.fli=01;35:*.flv=01;35:*.gl=01;35:*.dl=01;35:*.xcf=01;35:*.xwd=01;35:*.yuv=01;35:*.cgm=01;35:*.emf=01;35:*.ogv=01;35:*.ogx=01;35:*.aac=00;36:*.au=00;36:*.flac=00;36:*.m4a=00;36:*.mid=00;36:*.midi=00;36:*.mka=00;36:*.mp3=00;36:*.mpc=00;36:*.ogg=00;36:*.ra=00;36:*.wav=00;36:*.oga=00;36:*.opus=00;36:*.spx=00;36:*.xspf=00;36: XDG_CURRENT_DESKTOP=Unity:Unity7:ubuntu VTE_VERSION=6003 XDG_SEAT_PATH=/org/freedesktop/DisplayManager/Seat0 GNOME_TERMINAL_SCREEN=/org/gnome/Terminal/screen/6d4afb7a_de54_482a_ab0a_fe8d403707e0 INVOCATION_ID=3ac36d52fcaf48dfa03486ca8f335d3a MANAGERPID=1730 GTK_CSD=0 LDFLASS=-L/usr/local/opt/openssl@1/lib CLUTTER_IM_MODULE=fcitx LESSCLOSE=/usr/bin/lesspipe %s %s XDG_SESSION_CLASS=user TERM=xterm-256color LC_IDENTIFICATION=zh_CN.UTF-8 DEFAULTS_PATH=/usr/share/gconf/unity.default.path LESSOPEN=| /usr/bin/lesspipe %s USER=woo GNOME_TERMINAL_SERVICE=:1.133 DISPLAY=:0 SHLVL=2 LC_TELEPHONE=zh_CN.UTF-8 QT_IM_MODULE=fcitx LC_MEASUREMENT=zh_CN.UTF-8 GNOME_SESSION_XDG_SESSION_PATH=/org/freedesktop/DisplayManager/Session0 CPPFLASS=-l/usr/local/opt/openssl@1/lib DBUS_STARTER_ADDRESS=unix:path=/run/user/1000/bus,guid=841bd7833e939c7315573a2662862926 XDG_RUNTIME_DIR=/run/user/1000 COMPIZ_CONFIG_PROFILE=ubuntu LC_TIME=zh_CN.UTF-8 JOURNAL_STREAM=9:45143 XDG_DATA_DIRS=/usr/share/unity:/usr/local/share:/usr/share:/var/lib/snapd/desktop PATH=/usr/local/zeek/bin:/usr/local/opt/openssl@1/bin:/home/woo/bin:/home/woo/.local/bin:/usr/local/sbin:/usr/local/bin:/usr/sbin:/usr/bin:/sbin:/bin:/usr/games:/usr/local/games:/snap/bin GDMSESSION=unity DBUS_SESSION_BUS_ADDRESS=unix:path=/run/user/1000/bus,guid=841bd7833e939c7315573a2662862926 LC_NUMERIC=zh_CN.UTF-8 UNITY_DEFAULT_PROFILE=unity _=./test.sh
woo            -  0.0    -      -     - -        S+   19:42   0:00 -
root        5528  0.0  0.0  24772  5832 ?        -    19:42   0:00 /lib/systemd/systemd-udevd
root           -  0.0    -      -     - -        S    19:42   0:00 -
woo         5531  0.0  0.0  16996  3640 pts/0    -    19:42   0:00 ps auxwwem LESSOPEN=| /usr/bin/lesspipe %s LANGUAGE=zh_CN:zh:en_US:en UNITY_HAS_3D_SUPPORT=true GTK_CSD=0 USER=woo LC_TIME=zh_CN.UTF-8 UNITY_DEFAULT_PROFILE=unity XDG_SESSION_TYPE=x11 GNOME_SESSION_XDG_SESSION_PATH=/org/freedesktop/DisplayManager/Session0 COMPIZ_CONFIG_PROFILE=ubuntu SHLVL=2 QT4_IM_MODULE=fcitx HOME=/home/woo DESKTOP_SESSION=unity GTK_MODULES=gail:atk-bridge:unity-gtk-module XDG_SEAT_PATH=/org/freedesktop/DisplayManager/Seat0 LC_MONETARY=zh_CN.UTF-8 MANAGERPID=1730 DBUS_STARTER_BUS_TYPE=session DBUS_SESSION_BUS_ADDRESS=unix:path=/run/user/1000/bus,guid=841bd7833e939c7315573a2662862926 COLORTERM=truecolor MANDATORY_PATH=/usr/share/gconf/unity.mandatory.path QT_QPA_PLATFORMTHEME=appmenu-qt5 IM_CONFIG_PHASE=1 GTK_IM_MODULE=fcitx LOGNAME=woo JOURNAL_STREAM=9:45143 _=./test.sh PKG_CONFIG_PATH=/usr/local/opt/openssl@1/lib/pkgconfig XDG_SESSION_CLASS=user DEFAULTS_PATH=/usr/share/gconf/unity.default.path TERM=xterm-256color GNOME_DESKTOP_SESSION_ID=this-is-deprecated GTK2_MODULES=overlay-scrollbar PATH=/usr/local/zeek/bin:/usr/local/opt/openssl@1/bin:/home/woo/bin:/home/woo/.local/bin:/usr/local/sbin:/usr/local/bin:/usr/sbin:/usr/bin:/sbin:/bin:/usr/games:/usr/local/games:/snap/bin SESSION_MANAGER=local/woo-TUF-Gaming-FX505GE-FX86FE:@/tmp/.ICE-unix/2114,unix/woo-TUF-Gaming-FX505GE-FX86FE:/tmp/.ICE-unix/2114 GDM_LANG=zh_CN INVOCATION_ID=3ac36d52fcaf48dfa03486ca8f335d3a LDFLASS=-L/usr/local/opt/openssl@1/lib XDG_SESSION_PATH=/org/freedesktop/DisplayManager/Session0 XDG_MENU_PREFIX=gnome- LC_ADDRESS=zh_CN.UTF-8 GNOME_TERMINAL_SCREEN=/org/gnome/Terminal/screen/6d4afb7a_de54_482a_ab0a_fe8d403707e0 XDG_RUNTIME_DIR=/run/user/1000 ZEITGEIST_DATA_PATH=/home/woo/.local/share/zeitgeist DISPLAY=:0 LD_PRELOAD=libgtk3-nocsd.so.0 LANG=zh_CN.UTF-8 XDG_CURRENT_DESKTOP=Unity:Unity7:ubuntu LC_TELEPHONE=zh_CN.UTF-8 XMODIFIERS=@im=fcitx XDG_SESSION_DESKTOP=unity XAUTHORITY=/home/woo/.Xauthority LS_COLORS=rs=0:di=01;34:ln=01;36:mh=00:pi=40;33:so=01;35:do=01;35:bd=40;33;01:cd=40;33;01:or=40;31;01:mi=00:su=37;41:sg=30;43:ca=30;41:tw=30;42:ow=34;42:st=37;44:ex=01;32:*.tar=01;31:*.tgz=01;31:*.arc=01;31:*.arj=01;31:*.taz=01;31:*.lha=01;31:*.lz4=01;31:*.lzh=01;31:*.lzma=01;31:*.tlz=01;31:*.txz=01;31:*.tzo=01;31:*.t7z=01;31:*.zip=01;31:*.z=01;31:*.dz=01;31:*.gz=01;31:*.lrz=01;31:*.lz=01;31:*.lzo=01;31:*.xz=01;31:*.zst=01;31:*.tzst=01;31:*.bz2=01;31:*.bz=01;31:*.tbz=01;31:*.tbz2=01;31:*.tz=01;31:*.deb=01;31:*.rpm=01;31:*.jar=01;31:*.war=01;31:*.ear=01;31:*.sar=01;31:*.rar=01;31:*.alz=01;31:*.ace=01;31:*.zoo=01;31:*.cpio=01;31:*.7z=01;31:*.rz=01;31:*.cab=01;31:*.wim=01;31:*.swm=01;31:*.dwm=01;31:*.esd=01;31:*.jpg=01;35:*.jpeg=01;35:*.mjpg=01;35:*.mjpeg=01;35:*.gif=01;35:*.bmp=01;35:*.pbm=01;35:*.pgm=01;35:*.ppm=01;35:*.tga=01;35:*.xbm=01;35:*.xpm=01;35:*.tif=01;35:*.tiff=01;35:*.png=01;35:*.svg=01;35:*.svgz=01;35:*.mng=01;35:*.pcx=01;35:*.mov=01;35:*.mpg=01;35:*.mpeg=01;35:*.m2v=01;35:*.mkv=01;35:*.webm=01;35:*.ogm=01;35:*.mp4=01;35:*.m4v=01;35:*.mp4v=01;35:*.vob=01;35:*.qt=01;35:*.nuv=01;35:*.wmv=01;35:*.asf=01;35:*.rm=01;35:*.rmvb=01;35:*.flc=01;35:*.avi=01;35:*.fli=01;35:*.flv=01;35:*.gl=01;35:*.dl=01;35:*.xcf=01;35:*.xwd=01;35:*.yuv=01;35:*.cgm=01;35:*.emf=01;35:*.ogv=01;35:*.ogx=01;35:*.aac=00;36:*.au=00;36:*.flac=00;36:*.m4a=00;36:*.mid=00;36:*.midi=00;36:*.mka=00;36:*.mp3=00;36:*.mpc=00;36:*.ogg=00;36:*.ra=00;36:*.wav=00;36:*.oga=00;36:*.opus=00;36:*.spx=00;36:*.xspf=00;36: GNOME_TERMINAL_SERVICE=:1.133 SSH_AGENT_LAUNCHER=gnome-keyring SSH_AUTH_SOCK=/run/user/1000/keyring/ssh XDG_GREETER_DATA_DIR=/var/lib/lightdm-data/woo SHELL=/bin/bash LC_NAME=zh_CN.UTF-8 QT_ACCESSIBILITY=1 GDMSESSION=unity LESSCLOSE=/usr/bin/lesspipe %s %s LC_MEASUREMENT=zh_CN.UTF-8 GPG_AGENT_INFO=/run/user/1000/gnupg/S.gpg-agent:0:1 LC_IDENTIFICATION=zh_CN.UTF-8 QT_IM_MODULE=fcitx PWD=/media/woo/YU/A大三下/网络入侵检测 XDG_CONFIG_DIRS=/etc/xdg/xdg-unity:/etc/xdg CLUTTER_IM_MODULE=fcitx DBUS_STARTER_ADDRESS=unix:path=/run/user/1000/bus,guid=841bd7833e939c7315573a2662862926 XDG_DATA_DIRS=/usr/share/unity:/usr/local/share:/usr/share:/var/lib/snapd/desktop LC_NUMERIC=zh_CN.UTF-8 LC_PAPER=zh_CN.UTF-8 VTE_VERSION=6003 CPPFLASS=-l/usr/local/opt/openssl@1/lib
woo            -  0.0    -      -     - -        R+   19:42   0:00 -
